<html>
<body>
<pre>
<h1>µVision Build Log</h1>
<h2>Tool Versions:</h2>
IDE-Version: ¦ÌVision V5.26.2.0
Copyright (C) 2018 ARM Ltd and ARM Germany GmbH. All rights reserved.
License Information: 123 CatUncle, 123, LIC=76F5U-S7YH7-ARWXW-QQ39T-QV6YE-2N1HZ
 
Tool Versions:
Toolchain:       MDK-ARM Plus  Version: 5.26.2.0
Toolchain Path:  E:\app\keil5\ARM\ARMCC\Bin
C Compiler:      Armcc.exe V5.06 update 6 (build 750)
Assembler:       Armasm.exe V5.06 update 6 (build 750)
Linker/Locator:  ArmLink.exe V5.06 update 6 (build 750)
Library Manager: ArmAr.exe V5.06 update 6 (build 750)
Hex Converter:   FromElf.exe V5.06 update 6 (build 750)
CPU DLL:         SARMCM3.DLL V5.26.2.0
Dialog DLL:      DCM.DLL V1.17.2.0
Target DLL:      CMSIS_AGDI.dll V1.30.6.0
Dialog DLL:      TCM.DLL V1.36.1.0
 
<h2>Project:</h2>
D:\AT32\at32\usart\mdk\at32f407_usart.uvprojx
Project File Date:  07/13/2023

<h2>Output:</h2>
*** Using Compiler 'V5.06 update 6 (build 750)', folder: 'E:\app\keil5\ARM\ARMCC\Bin'
Build target 'Target 1'
compiling main.c...
..\device\at32f435_437_board.h(72): warning:  #1295-D: Deprecated declaration at32_board_init - give arg types
  void at32_board_init();
..\bsp\bsp_uart1_test.h(6): warning:  #1-D: last line of file ends without a newline
  #endif
..\user\src\main.c(54): warning:  #111-D: statement is unreachable
  	return 0;
..\user\src\main.c: 3 warnings, 0 errors
linking...
Program Size: Code=2868 RO-data=732 RW-data=16 ZI-data=1024  
FromELF: creating hex file...
".\Objects\at32f407_new_test.axf" - 0 Error(s), 3 Warning(s).

<h2>Software Packages used:</h2>

Package Vendor: ArteryTek
                
                ArteryTek.AT32F435_437_DFP.2.1.3
                ArteryTek AT32F4 Series Device Support,Drivers

<h2>Collection of Component include folders:</h2>
  .\RTE\_Target_1
  E:\app\keil5\ARM\PACK\ArteryTek\AT32F435_437_DFP\2.1.3\Device\Include

<h2>Collection of Component Files used:</h2>
Build Time Elapsed:  00:00:01
</pre>
</body>
</html>
