<html>
<body>
<pre>
<h1>µVision Build Log</h1>
<h2>Tool Versions:</h2>
IDE-Version: ¶ÃVision V5.26.2.0
Copyright (C) 2018 ARM Ltd and ARM Germany GmbH. All rights reserved.
License Information: 123 CatUncle, 123, LIC=76F5U-S7YH7-ARWXW-QQ39T-QV6YE-2N1HZ
 
Tool Versions:
Toolchain:       MDK-ARM Plus  Version: 5.26.2.0
Toolchain Path:  E:\app\keil5\ARM\ARMCC\Bin
C Compiler:      Armcc.exe V5.06 update 6 (build 750)
Assembler:       Armasm.exe V5.06 update 6 (build 750)
Linker/Locator:  ArmLink.exe V5.06 update 6 (build 750)
Library Manager: ArmAr.exe V5.06 update 6 (build 750)
Hex Converter:   FromElf.exe V5.06 update 6 (build 750)
CPU DLL:         SARMCM3.DLL V5.26.2.0
Dialog DLL:      DCM.DLL V1.17.2.0
Target DLL:      CMSIS_AGDI.dll V1.30.6.0
Dialog DLL:      TCM.DLL V1.36.1.0
 
<h2>Project:</h2>
D:\—≈Ãÿ¡¶\Keil\mdk\at32f407_new_test.uvprojx
Project File Date:  07/06/2023

<h2>Output:</h2>
*** Using Compiler 'V5.06 update 6 (build 750)', folder: 'E:\app\keil5\ARM\ARMCC\Bin'
Build target 'Target 1'
compiling at32f435_437_crc.c...
compiling at32f435_437_can.c...
compiling at32f435_437_acc.c...
compiling at32f435_437_dac.c...
compiling at32f435_437_clock.c...
compiling at32f435_437_int.c...
compiling at32f435_437_debug.c...
compiling main.c...
..\user\src\main.c(48): warning:  #111-D: statement is unreachable
  	return 0;
..\user\src\main.c: 1 warning, 0 errors
compiling at32f435_437_adc.c...
compiling at32f435_437_crm.c...
compiling at32f435_437_board.c...
compiling at32f435_437_dma.c...
compiling at32f435_437_edma.c...
compiling at32f435_437_exint.c...
compiling at32f435_437_ertc.c...
compiling at32f435_437_dvp.c...
compiling at32f435_437_flash.c...
compiling at32f435_437_emac.c...
compiling at32f435_437_gpio.c...
compiling at32f435_437_pwc.c...
compiling at32f435_437_misc.c...
compiling at32f435_437_i2c.c...
compiling at32f435_437_qspi.c...
compiling at32f435_437_scfg.c...
compiling at32f435_437_sdio.c...
assembling startup_at32f435_437.s...
compiling at32f435_437_tmr.c...
compiling at32f435_437_usb.c...
compiling at32f435_437_usart.c...
compiling at32f435_437_spi.c...
compiling at32f435_437_wwdt.c...
compiling at32f435_437_wdt.c...
compiling system_at32f435_437.c...
compiling at32f435_437_xmc.c...
linking...
Program Size: Code=3036 RO-data=616 RW-data=52 ZI-data=1636  
FromELF: creating hex file...
".\Objects\at32f407_new_test.axf" - 0 Error(s), 1 Warning(s).

<h2>Software Packages used:</h2>

Package Vendor: ArteryTek
                
                ArteryTek.AT32F435_437_DFP.2.1.3
                ArteryTek AT32F4 Series Device Support,Drivers

<h2>Collection of Component include folders:</h2>
  .\RTE\_Target_1
  E:\app\keil5\ARM\PACK\ArteryTek\AT32F435_437_DFP\2.1.3\Device\Include

<h2>Collection of Component Files used:</h2>
Build Time Elapsed:  00:00:07
</pre>
</body>
</html>
