Component: ARM Compiler 5.06 update 6 (build 750) Tool: armlink [4d35ed]

==============================================================================

Section Cross References

    at32f435_437_clock.o(i.system_clock_config) refers to at32f435_437_crm.o(i.crm_reset) for crm_reset
    at32f435_437_clock.o(i.system_clock_config) refers to at32f435_437_crm.o(i.crm_periph_clock_enable) for crm_periph_clock_enable
    at32f435_437_clock.o(i.system_clock_config) refers to at32f435_437_crm.o(i.crm_clock_source_enable) for crm_clock_source_enable
    at32f435_437_clock.o(i.system_clock_config) refers to at32f435_437_crm.o(i.crm_hext_stable_wait) for crm_hext_stable_wait
    at32f435_437_clock.o(i.system_clock_config) refers to at32f435_437_crm.o(i.crm_pll_config) for crm_pll_config
    at32f435_437_clock.o(i.system_clock_config) refers to at32f435_437_crm.o(i.crm_flag_get) for crm_flag_get
    at32f435_437_clock.o(i.system_clock_config) refers to at32f435_437_crm.o(i.crm_ahb_div_set) for crm_ahb_div_set
    at32f435_437_clock.o(i.system_clock_config) refers to at32f435_437_crm.o(i.crm_apb2_div_set) for crm_apb2_div_set
    at32f435_437_clock.o(i.system_clock_config) refers to at32f435_437_crm.o(i.crm_apb1_div_set) for crm_apb1_div_set
    at32f435_437_clock.o(i.system_clock_config) refers to at32f435_437_crm.o(i.crm_auto_step_mode_enable) for crm_auto_step_mode_enable
    at32f435_437_clock.o(i.system_clock_config) refers to at32f435_437_crm.o(i.crm_sysclk_switch) for crm_sysclk_switch
    at32f435_437_clock.o(i.system_clock_config) refers to at32f435_437_crm.o(i.crm_sysclk_switch_status_get) for crm_sysclk_switch_status_get
    at32f435_437_clock.o(i.system_clock_config) refers to system_at32f435_437.o(i.system_core_clock_update) for system_core_clock_update
    main.o(i.main) refers to at32f435_437_clock.o(i.system_clock_config) for system_clock_config
    main.o(i.main) refers to at32f435_437_board.o(i.at32_board_init) for at32_board_init
    main.o(i.main) refers to at32f435_437_board.o(i.uart_print_init) for uart_print_init
    main.o(i.main) refers to printf1.o(i.__0printf$1) for __2printf
    main.o(i.main) refers to bsp_led.o(i.led_int) for led_int
    main.o(i.main) refers to bsp_led.o(i.gpio_register) for gpio_register
    main.o(i.main) refers to bsp_led.o(i.led0_blink) for led0_blink
    main.o(i.main) refers to bsp_led.o(i.key0_read) for key0_read
    bsp_led.o(i.gpio_register) refers to device_gpio.o(i.at32_gpio_init) for at32_gpio_init
    bsp_led.o(i.gpio_register) refers to bsp_led.o(.bss) for led_manage
    bsp_led.o(i.key0_read) refers to device_gpio.o(i.gpio_read) for gpio_read
    bsp_led.o(i.key0_read) refers to printf1.o(i.__0printf$1) for __2printf
    bsp_led.o(i.key0_read) refers to bsp_led.o(.bss) for led_manage
    bsp_led.o(i.led0_blink) refers to device_gpio.o(i.gpio_write) for gpio_write
    bsp_led.o(i.led0_blink) refers to at32f435_437_board.o(i.delay_ms) for delay_ms
    bsp_led.o(i.led0_blink) refers to bsp_led.o(.bss) for led_manage
    bsp_led.o(i.led_int) refers to printf1.o(i.__0printf$1) for __2printf
    bsp_led.o(i.led_int) refers to bsp_led.o(.bss) for led0
    at32f435_437_board.o(i.at32_board_init) refers to at32f435_437_board.o(i.delay_init) for delay_init
    at32f435_437_board.o(i.delay_init) refers to at32f435_437_misc.o(i.systick_clock_source_config) for systick_clock_source_config
    at32f435_437_board.o(i.delay_init) refers to system_at32f435_437.o(.data) for system_core_clock
    at32f435_437_board.o(i.delay_init) refers to at32f435_437_board.o(.data) for fac_us
    at32f435_437_board.o(i.delay_ms) refers to at32f435_437_board.o(.data) for fac_ms
    at32f435_437_board.o(i.delay_sec) refers to at32f435_437_board.o(i.delay_ms) for delay_ms
    at32f435_437_board.o(i.delay_us) refers to at32f435_437_board.o(.data) for fac_us
    at32f435_437_board.o(i.fputc) refers to at32f435_437_usart.o(i.usart_flag_get) for usart_flag_get
    at32f435_437_board.o(i.fputc) refers to at32f435_437_usart.o(i.usart_data_transmit) for usart_data_transmit
    at32f435_437_board.o(i.uart_print_init) refers to at32f435_437_crm.o(i.crm_periph_clock_enable) for crm_periph_clock_enable
    at32f435_437_board.o(i.uart_print_init) refers to at32f435_437_gpio.o(i.gpio_default_para_init) for gpio_default_para_init
    at32f435_437_board.o(i.uart_print_init) refers to at32f435_437_gpio.o(i.gpio_init) for gpio_init
    at32f435_437_board.o(i.uart_print_init) refers to at32f435_437_gpio.o(i.gpio_pin_mux_config) for gpio_pin_mux_config
    at32f435_437_board.o(i.uart_print_init) refers to at32f435_437_usart.o(i.usart_init) for usart_init
    at32f435_437_board.o(i.uart_print_init) refers to at32f435_437_usart.o(i.usart_transmitter_enable) for usart_transmitter_enable
    at32f435_437_board.o(i.uart_print_init) refers to at32f435_437_usart.o(i.usart_enable) for usart_enable
    device_gpio.o(i.at32_gpio_init) refers to at32f435_437_crm.o(i.crm_periph_clock_enable) for crm_periph_clock_enable
[...]
    Removing at32f435_437_emac.o(i.emac_receive_own_disable), (20 bytes).
    Removing at32f435_437_emac.o(i.emac_received_magic_packet_get), (24 bytes).
    Removing at32f435_437_emac.o(i.emac_received_packet_size_get), (72 bytes).
    Removing at32f435_437_emac.o(i.emac_received_wakeup_frame_get), (24 bytes).
    Removing at32f435_437_emac.o(i.emac_receiver_enable), (44 bytes).
    Removing at32f435_437_emac.o(i.emac_reset), (24 bytes).
    Removing at32f435_437_emac.o(i.emac_retry_disable), (20 bytes).
    Removing at32f435_437_emac.o(i.emac_srcaddr_filter_set), (20 bytes).
    Removing at32f435_437_emac.o(i.emac_srcaddr_inverse_filter_set), (20 bytes).
    Removing at32f435_437_emac.o(i.emac_start), (40 bytes).
    Removing at32f435_437_emac.o(i.emac_stop), (40 bytes).
    Removing at32f435_437_emac.o(i.emac_transmit_flow_control_enable), (20 bytes).
    Removing at32f435_437_emac.o(i.emac_trasmitter_enable), (44 bytes).
    Removing at32f435_437_emac.o(i.emac_unicast_pause_frame_detect), (20 bytes).
    Removing at32f435_437_emac.o(i.emac_vlan_tag_comparison_set), (20 bytes).
    Removing at32f435_437_emac.o(i.emac_vlan_tag_identifier_set), (20 bytes).
    Removing at32f435_437_emac.o(i.emac_wakeup_frame_enable), (20 bytes).
    Removing at32f435_437_emac.o(i.emac_wakeup_frame_filter_reset), (20 bytes).
    Removing at32f435_437_emac.o(i.emac_wakeup_frame_get), (12 bytes).
    Removing at32f435_437_emac.o(i.emac_wakeup_frame_set), (12 bytes).
    Removing at32f435_437_emac.o(i.emac_watchdog_disable), (20 bytes).
    Removing at32f435_437_emac.o(i.emac_zero_quanta_pause_disable), (20 bytes).
    Removing at32f435_437_emac.o(.data), (8 bytes).
    Removing at32f435_437_ertc.o(.rev16_text), (4 bytes).
    Removing at32f435_437_ertc.o(.revsh_text), (4 bytes).
    Removing at32f435_437_ertc.o(.rrx_text), (6 bytes).
    Removing at32f435_437_ertc.o(i.ertc_alarm_enable), (84 bytes).
    Removing at32f435_437_ertc.o(i.ertc_alarm_get), (120 bytes).
    Removing at32f435_437_ertc.o(i.ertc_alarm_mask_set), (52 bytes).
    Removing at32f435_437_ertc.o(i.ertc_alarm_set), (132 bytes).
    Removing at32f435_437_ertc.o(i.ertc_alarm_sub_second_get), (32 bytes).
    Removing at32f435_437_ertc.o(i.ertc_alarm_sub_second_set), (72 bytes).
    Removing at32f435_437_ertc.o(i.ertc_alarm_week_date_select), (52 bytes).
    Removing at32f435_437_ertc.o(i.ertc_bcd_to_num), (20 bytes).
    Removing at32f435_437_ertc.o(i.ertc_bpr_data_read), (28 bytes).
    Removing at32f435_437_ertc.o(i.ertc_bpr_data_write), (24 bytes).
    Removing at32f435_437_ertc.o(i.ertc_cal_output_enable), (32 bytes).
    Removing at32f435_437_ertc.o(i.ertc_cal_output_select), (32 bytes).
    Removing at32f435_437_ertc.o(i.ertc_calendar_get), (112 bytes).
    Removing at32f435_437_ertc.o(i.ertc_coarse_calibration_enable), (48 bytes).
    Removing at32f435_437_ertc.o(i.ertc_coarse_calibration_set), (60 bytes).
    Removing at32f435_437_ertc.o(i.ertc_date_set), (120 bytes).
    Removing at32f435_437_ertc.o(i.ertc_daylight_bpr_get), (16 bytes).
    Removing at32f435_437_ertc.o(i.ertc_daylight_set), (68 bytes).
    Removing at32f435_437_ertc.o(i.ertc_direct_read_enable), (32 bytes).
    Removing at32f435_437_ertc.o(i.ertc_divider_set), (60 bytes).
    Removing at32f435_437_ertc.o(i.ertc_flag_clear), (28 bytes).
    Removing at32f435_437_ertc.o(i.ertc_flag_get), (24 bytes).
    Removing at32f435_437_ertc.o(i.ertc_hour_mode_set), (48 bytes).
    Removing at32f435_437_ertc.o(i.ertc_init_mode_enter), (60 bytes).
    Removing at32f435_437_ertc.o(i.ertc_init_mode_exit), (16 bytes).
    Removing at32f435_437_ertc.o(i.ertc_interrupt_enable), (92 bytes).
    Removing at32f435_437_ertc.o(i.ertc_interrupt_get), (48 bytes).
    Removing at32f435_437_ertc.o(i.ertc_num_to_bcd), (36 bytes).
    Removing at32f435_437_ertc.o(i.ertc_output_set), (60 bytes).
    Removing at32f435_437_ertc.o(i.ertc_refer_clock_detect_enable), (48 bytes).
    Removing at32f435_437_ertc.o(i.ertc_reset), (128 bytes).
    Removing at32f435_437_ertc.o(i.ertc_smooth_calibration_config), (112 bytes).
    Removing at32f435_437_ertc.o(i.ertc_sub_second_get), (20 bytes).
    Removing at32f435_437_ertc.o(i.ertc_tamper_1_pin_select), (32 bytes).
    Removing at32f435_437_ertc.o(i.ertc_tamper_detect_freq_set), (32 bytes).
    Removing at32f435_437_ertc.o(i.ertc_tamper_enable), (48 bytes).
    Removing at32f435_437_ertc.o(i.ertc_tamper_filter_set), (32 bytes).
    Removing at32f435_437_ertc.o(i.ertc_tamper_precharge_set), (32 bytes).
    Removing at32f435_437_ertc.o(i.ertc_tamper_pull_up_enable), (40 bytes).
    Removing at32f435_437_ertc.o(i.ertc_tamper_timestamp_enable), (32 bytes).
    Removing at32f435_437_ertc.o(i.ertc_tamper_valid_edge_set), (48 bytes).
    Removing at32f435_437_ertc.o(i.ertc_time_adjust), (92 bytes).
    Removing at32f435_437_ertc.o(i.ertc_time_set), (120 bytes).
    Removing at32f435_437_ertc.o(i.ertc_timestamp_enable), (32 bytes).
    Removing at32f435_437_ertc.o(i.ertc_timestamp_get), (108 bytes).
    Removing at32f435_437_ertc.o(i.ertc_timestamp_pin_select), (32 bytes).
    Removing at32f435_437_ertc.o(i.ertc_timestamp_sub_second_get), (12 bytes).
    Removing at32f435_437_ertc.o(i.ertc_timestamp_valid_edge_set), (32 bytes).
    Removing at32f435_437_ertc.o(i.ertc_wait_flag), (38 bytes).
    Removing at32f435_437_ertc.o(i.ertc_wait_update), (56 bytes).
    Removing at32f435_437_ertc.o(i.ertc_wakeup_clock_set), (32 bytes).
    Removing at32f435_437_ertc.o(i.ertc_wakeup_counter_get), (12 bytes).
    Removing at32f435_437_ertc.o(i.ertc_wakeup_counter_set), (32 bytes).
    Removing at32f435_437_ertc.o(i.ertc_wakeup_enable), (52 bytes).
    Removing at32f435_437_ertc.o(i.ertc_write_protect_disable), (16 bytes).
    Removing at32f435_437_ertc.o(i.ertc_write_protect_enable), (12 bytes).
    Removing at32f435_437_exint.o(.rev16_text), (4 bytes).
    Removing at32f435_437_exint.o(.revsh_text), (4 bytes).
    Removing at32f435_437_exint.o(.rrx_text), (6 bytes).
    Removing at32f435_437_exint.o(i.exint_default_para_init), (14 bytes).
    Removing at32f435_437_exint.o(i.exint_event_enable), (32 bytes).
    Removing at32f435_437_exint.o(i.exint_flag_clear), (12 bytes).
    Removing at32f435_437_exint.o(i.exint_flag_get), (28 bytes).
    Removing at32f435_437_exint.o(i.exint_init), (152 bytes).
    Removing at32f435_437_exint.o(i.exint_interrupt_enable), (32 bytes).
    Removing at32f435_437_exint.o(i.exint_reset), (40 bytes).
    Removing at32f435_437_exint.o(i.exint_software_interrupt_event_generate), (16 bytes).
    Removing at32f435_437_flash.o(.rev16_text), (4 bytes).
    Removing at32f435_437_flash.o(.revsh_text), (4 bytes).
    Removing at32f435_437_flash.o(.rrx_text), (6 bytes).
    Removing at32f435_437_flash.o(i.flash_bank1_erase), (60 bytes).
    Removing at32f435_437_flash.o(i.flash_bank1_lock), (20 bytes).
    Removing at32f435_437_flash.o(i.flash_bank1_operation_status_get), (52 bytes).
    Removing at32f435_437_flash.o(i.flash_bank1_operation_wait_for), (36 bytes).
    Removing at32f435_437_flash.o(i.flash_bank1_unlock), (24 bytes).
    Removing at32f435_437_flash.o(i.flash_bank2_erase), (60 bytes).
    Removing at32f435_437_flash.o(i.flash_bank2_lock), (20 bytes).
    Removing at32f435_437_flash.o(i.flash_bank2_operation_status_get), (52 bytes).
    Removing at32f435_437_flash.o(i.flash_bank2_operation_wait_for), (36 bytes).
    Removing at32f435_437_flash.o(i.flash_bank2_unlock), (24 bytes).
    Removing at32f435_437_flash.o(i.flash_block_erase), (156 bytes).
    Removing at32f435_437_flash.o(i.flash_byte_program), (132 bytes).
    Removing at32f435_437_flash.o(i.flash_continue_read_enable), (20 bytes).
    Removing at32f435_437_flash.o(i.flash_crc_calibrate), (64 bytes).
    Removing at32f435_437_flash.o(i.flash_eopb0_config), (100 bytes).
    Removing at32f435_437_flash.o(i.flash_epp_set), (352 bytes).
    Removing at32f435_437_flash.o(i.flash_epp_status_get), (20 bytes).
    Removing at32f435_437_flash.o(i.flash_fap_enable), (168 bytes).
    Removing at32f435_437_flash.o(i.flash_fap_status_get), (16 bytes).
    Removing at32f435_437_flash.o(i.flash_flag_clear), (44 bytes).
    Removing at32f435_437_flash.o(i.flash_flag_get), (80 bytes).
    Removing at32f435_437_flash.o(i.flash_halfword_program), (132 bytes).
    Removing at32f435_437_flash.o(i.flash_internal_all_erase), (116 bytes).
    Removing at32f435_437_flash.o(i.flash_interrupt_enable), (88 bytes).
    Removing at32f435_437_flash.o(i.flash_lock), (40 bytes).
    Removing at32f435_437_flash.o(i.flash_nzw_boost_enable), (20 bytes).
    Removing at32f435_437_flash.o(i.flash_operation_status_get), (52 bytes).
    Removing at32f435_437_flash.o(i.flash_operation_wait_for), (36 bytes).
    Removing at32f435_437_flash.o(i.flash_sector_erase), (156 bytes).
    Removing at32f435_437_flash.o(i.flash_slib_disable), (52 bytes).
    Removing at32f435_437_flash.o(i.flash_slib_enable), (152 bytes).
    Removing at32f435_437_flash.o(i.flash_slib_end_sector_get), (12 bytes).
    Removing at32f435_437_flash.o(i.flash_slib_inststart_sector_get), (12 bytes).
    Removing at32f435_437_flash.o(i.flash_slib_remaining_count_get), (16 bytes).
    Removing at32f435_437_flash.o(i.flash_slib_start_sector_get), (12 bytes).
    Removing at32f435_437_flash.o(i.flash_slib_state_get), (24 bytes).
    Removing at32f435_437_flash.o(i.flash_ssb_set), (100 bytes).
    Removing at32f435_437_flash.o(i.flash_ssb_status_get), (16 bytes).
    Removing at32f435_437_flash.o(i.flash_unlock), (36 bytes).
    Removing at32f435_437_flash.o(i.flash_user_system_data_erase), (164 bytes).
    Removing at32f435_437_flash.o(i.flash_user_system_data_program), (116 bytes).
    Removing at32f435_437_flash.o(i.flash_word_program), (132 bytes).
    Removing at32f435_437_flash.o(.constdata), (8 bytes).
    Removing at32f435_437_gpio.o(.rev16_text), (4 bytes).
    Removing at32f435_437_gpio.o(.revsh_text), (4 bytes).
    Removing at32f435_437_gpio.o(.rrx_text), (6 bytes).
    Removing at32f435_437_gpio.o(i.gpio_bits_reset), (4 bytes).
    Removing at32f435_437_gpio.o(i.gpio_bits_set), (4 bytes).
    Removing at32f435_437_gpio.o(i.gpio_input_data_read), (8 bytes).
    Removing at32f435_437_gpio.o(i.gpio_output_data_read), (8 bytes).
    Removing at32f435_437_gpio.o(i.gpio_pin_wp_config), (18 bytes).
    Removing at32f435_437_gpio.o(i.gpio_pins_huge_driven_config), (18 bytes).
    Removing at32f435_437_gpio.o(i.gpio_port_write), (4 bytes).
    Removing at32f435_437_gpio.o(i.gpio_reset), (256 bytes).
    Removing at32f435_437_i2c.o(.rev16_text), (4 bytes).
    Removing at32f435_437_i2c.o(.revsh_text), (4 bytes).
    Removing at32f435_437_i2c.o(.rrx_text), (6 bytes).
    Removing at32f435_437_i2c.o(i.i2c_ack_enable), (18 bytes).
    Removing at32f435_437_i2c.o(i.i2c_addr10_header_enable), (10 bytes).
    Removing at32f435_437_i2c.o(i.i2c_addr10_mode_enable), (10 bytes).
    Removing at32f435_437_i2c.o(i.i2c_auto_stop_enable), (10 bytes).
    Removing at32f435_437_i2c.o(i.i2c_clock_stretch_enable), (18 bytes).
    Removing at32f435_437_i2c.o(i.i2c_cnt_set), (10 bytes).
    Removing at32f435_437_i2c.o(i.i2c_data_receive), (8 bytes).
    Removing at32f435_437_i2c.o(i.i2c_data_send), (4 bytes).
    Removing at32f435_437_i2c.o(i.i2c_dma_enable), (22 bytes).
    Removing at32f435_437_i2c.o(i.i2c_enable), (10 bytes).
    Removing at32f435_437_i2c.o(i.i2c_ext_timeout_enable), (10 bytes).
    Removing at32f435_437_i2c.o(i.i2c_ext_timeout_set), (10 bytes).
    Removing at32f435_437_i2c.o(i.i2c_flag_clear), (4 bytes).
    Removing at32f435_437_i2c.o(i.i2c_flag_get), (16 bytes).
    Removing at32f435_437_i2c.o(i.i2c_general_call_enable), (10 bytes).
    Removing at32f435_437_i2c.o(i.i2c_init), (20 bytes).
    Removing at32f435_437_i2c.o(i.i2c_interrupt_enable), (18 bytes).
    Removing at32f435_437_i2c.o(i.i2c_interrupt_get), (16 bytes).
    Removing at32f435_437_i2c.o(i.i2c_matched_addr_get), (12 bytes).
    Removing at32f435_437_i2c.o(i.i2c_own_address1_set), (30 bytes).
    Removing at32f435_437_i2c.o(i.i2c_own_address2_enable), (10 bytes).
    Removing at32f435_437_i2c.o(i.i2c_own_address2_set), (22 bytes).
    Removing at32f435_437_i2c.o(i.i2c_pec_calculate_enable), (10 bytes).
    Removing at32f435_437_i2c.o(i.i2c_pec_transmit_enable), (10 bytes).
    Removing at32f435_437_i2c.o(i.i2c_pec_value_get), (8 bytes).
    Removing at32f435_437_i2c.o(i.i2c_reload_enable), (10 bytes).
    Removing at32f435_437_i2c.o(i.i2c_reset), (100 bytes).
    Removing at32f435_437_i2c.o(i.i2c_slave_data_ctrl_enable), (10 bytes).
    Removing at32f435_437_i2c.o(i.i2c_smbus_alert_set), (10 bytes).
    Removing at32f435_437_i2c.o(i.i2c_smbus_enable), (34 bytes).
    Removing at32f435_437_i2c.o(i.i2c_start_generate), (14 bytes).
    Removing at32f435_437_i2c.o(i.i2c_stop_generate), (14 bytes).
    Removing at32f435_437_i2c.o(i.i2c_timeout_detcet_set), (10 bytes).
    Removing at32f435_437_i2c.o(i.i2c_timeout_enable), (10 bytes).
    Removing at32f435_437_i2c.o(i.i2c_timeout_set), (10 bytes).
    Removing at32f435_437_i2c.o(i.i2c_transfer_addr_get), (10 bytes).
    Removing at32f435_437_i2c.o(i.i2c_transfer_addr_set), (10 bytes).
    Removing at32f435_437_i2c.o(i.i2c_transfer_dir_get), (18 bytes).
    Removing at32f435_437_i2c.o(i.i2c_transfer_dir_set), (10 bytes).
    Removing at32f435_437_i2c.o(i.i2c_transmit_set), (32 bytes).
    Removing at32f435_437_misc.o(.rev16_text), (4 bytes).
    Removing at32f435_437_misc.o(.revsh_text), (4 bytes).
    Removing at32f435_437_misc.o(.rrx_text), (6 bytes).
    Removing at32f435_437_misc.o(i.nvic_irq_disable), (44 bytes).
    Removing at32f435_437_misc.o(i.nvic_irq_enable), (200 bytes).
    Removing at32f435_437_misc.o(i.nvic_lowpower_mode_config), (32 bytes).
    Removing at32f435_437_misc.o(i.nvic_priority_group_config), (40 bytes).
    Removing at32f435_437_misc.o(i.nvic_system_reset), (44 bytes).
    Removing at32f435_437_misc.o(i.nvic_vector_table_set), (20 bytes).
    Removing at32f435_437_pwc.o(.rev16_text), (4 bytes).
    Removing at32f435_437_pwc.o(.revsh_text), (4 bytes).
    Removing at32f435_437_pwc.o(.rrx_text), (6 bytes).
    Removing at32f435_437_pwc.o(i.pwc_battery_powered_domain_access), (20 bytes).
    Removing at32f435_437_pwc.o(i.pwc_deep_sleep_mode_enter), (48 bytes).
    Removing at32f435_437_pwc.o(i.pwc_flag_clear), (48 bytes).
    Removing at32f435_437_pwc.o(i.pwc_flag_get), (24 bytes).
    Removing at32f435_437_pwc.o(i.pwc_power_voltage_monitor_enable), (20 bytes).
    Removing at32f435_437_pwc.o(i.pwc_pvm_level_select), (20 bytes).
    Removing at32f435_437_pwc.o(i.pwc_reset), (24 bytes).
    Removing at32f435_437_pwc.o(i.pwc_sleep_mode_enter), (36 bytes).
    Removing at32f435_437_pwc.o(i.pwc_standby_mode_enter), (56 bytes).
    Removing at32f435_437_pwc.o(i.pwc_voltage_regulate_set), (20 bytes).
    Removing at32f435_437_pwc.o(i.pwc_wakeup_pin_enable), (32 bytes).
    Removing at32f435_437_qspi.o(.rev16_text), (4 bytes).
    Removing at32f435_437_qspi.o(.revsh_text), (4 bytes).
    Removing at32f435_437_qspi.o(.rrx_text), (6 bytes).
    Removing at32f435_437_qspi.o(i.qspi_busy_config), (10 bytes).
    Removing at32f435_437_qspi.o(i.qspi_byte_read), (8 bytes).
    Removing at32f435_437_qspi.o(i.qspi_byte_write), (6 bytes).
    Removing at32f435_437_qspi.o(i.qspi_clk_division_set), (10 bytes).
    Removing at32f435_437_qspi.o(i.qspi_cmd_operation_kick), (76 bytes).
    Removing at32f435_437_qspi.o(i.qspi_dma_enable), (10 bytes).
    Removing at32f435_437_qspi.o(i.qspi_dma_rx_threshold_set), (10 bytes).
    Removing at32f435_437_qspi.o(i.qspi_dma_tx_threshold_set), (10 bytes).
    Removing at32f435_437_qspi.o(i.qspi_encryption_enable), (10 bytes).
    Removing at32f435_437_qspi.o(i.qspi_flag_clear), (6 bytes).
    Removing at32f435_437_qspi.o(i.qspi_flag_get), (48 bytes).
    Removing at32f435_437_qspi.o(i.qspi_half_word_read), (8 bytes).
    Removing at32f435_437_qspi.o(i.qspi_half_word_write), (6 bytes).
    Removing at32f435_437_qspi.o(i.qspi_interrupt_enable), (10 bytes).
    Removing at32f435_437_qspi.o(i.qspi_sck_mode_set), (10 bytes).
    Removing at32f435_437_qspi.o(i.qspi_word_read), (8 bytes).
    Removing at32f435_437_qspi.o(i.qspi_word_write), (6 bytes).
    Removing at32f435_437_qspi.o(i.qspi_xip_cache_bypass_set), (10 bytes).
    Removing at32f435_437_qspi.o(i.qspi_xip_enable), (88 bytes).
    Removing at32f435_437_qspi.o(i.qspi_xip_init), (90 bytes).
    Removing at32f435_437_scfg.o(.rev16_text), (4 bytes).
    Removing at32f435_437_scfg.o(.revsh_text), (4 bytes).
    Removing at32f435_437_scfg.o(.rrx_text), (6 bytes).
    Removing at32f435_437_scfg.o(i.scfg_emac_interface_set), (20 bytes).
    Removing at32f435_437_scfg.o(i.scfg_exint_line_config), (180 bytes).
    Removing at32f435_437_scfg.o(i.scfg_infrared_config), (28 bytes).
    Removing at32f435_437_scfg.o(i.scfg_mem_map_set), (20 bytes).
    Removing at32f435_437_scfg.o(i.scfg_pins_ultra_driven_enable), (76 bytes).
    Removing at32f435_437_scfg.o(i.scfg_reset), (24 bytes).
    Removing at32f435_437_scfg.o(i.scfg_xmc_mapping_swap_set), (20 bytes).
    Removing at32f435_437_sdio.o(.rev16_text), (4 bytes).
    Removing at32f435_437_sdio.o(.revsh_text), (4 bytes).
    Removing at32f435_437_sdio.o(.rrx_text), (6 bytes).
    Removing at32f435_437_sdio.o(i.sdio_buffer_counter_get), (6 bytes).
    Removing at32f435_437_sdio.o(i.sdio_bus_width_config), (10 bytes).
    Removing at32f435_437_sdio.o(i.sdio_clock_bypass), (10 bytes).
    Removing at32f435_437_sdio.o(i.sdio_clock_config), (30 bytes).
    Removing at32f435_437_sdio.o(i.sdio_clock_enable), (10 bytes).
    Removing at32f435_437_sdio.o(i.sdio_command_config), (56 bytes).
    Removing at32f435_437_sdio.o(i.sdio_command_response_get), (10 bytes).
    Removing at32f435_437_sdio.o(i.sdio_command_state_machine_enable), (10 bytes).
    Removing at32f435_437_sdio.o(i.sdio_data_config), (56 bytes).
    Removing at32f435_437_sdio.o(i.sdio_data_counter_get), (6 bytes).
    Removing at32f435_437_sdio.o(i.sdio_data_read), (8 bytes).
    Removing at32f435_437_sdio.o(i.sdio_data_state_machine_enable), (10 bytes).
    Removing at32f435_437_sdio.o(i.sdio_data_write), (6 bytes).
    Removing at32f435_437_sdio.o(i.sdio_dma_enable), (10 bytes).
    Removing at32f435_437_sdio.o(i.sdio_flag_clear), (4 bytes).
    Removing at32f435_437_sdio.o(i.sdio_flag_get), (20 bytes).
    Removing at32f435_437_sdio.o(i.sdio_flow_control_enable), (10 bytes).
    Removing at32f435_437_sdio.o(i.sdio_interrupt_enable), (20 bytes).
    Removing at32f435_437_sdio.o(i.sdio_io_function_enable), (10 bytes).
    Removing at32f435_437_sdio.o(i.sdio_io_suspend_command_set), (10 bytes).
    Removing at32f435_437_sdio.o(i.sdio_power_saving_mode_enable), (10 bytes).
    Removing at32f435_437_sdio.o(i.sdio_power_set), (10 bytes).
    Removing at32f435_437_sdio.o(i.sdio_power_status_get), (10 bytes).
    Removing at32f435_437_sdio.o(i.sdio_read_wait_mode_set), (10 bytes).
    Removing at32f435_437_sdio.o(i.sdio_read_wait_start), (10 bytes).
    Removing at32f435_437_sdio.o(i.sdio_read_wait_stop), (10 bytes).
    Removing at32f435_437_sdio.o(i.sdio_reset), (28 bytes).
    Removing at32f435_437_sdio.o(i.sdio_response_get), (42 bytes).
    Removing at32f435_437_spi.o(.rev16_text), (4 bytes).
    Removing at32f435_437_spi.o(.revsh_text), (4 bytes).
    Removing at32f435_437_spi.o(.rrx_text), (6 bytes).
    Removing at32f435_437_spi.o(i.i2s_default_para_init), (22 bytes).
    Removing at32f435_437_spi.o(i.i2s_enable), (10 bytes).
    Removing at32f435_437_spi.o(i.i2s_init), (550 bytes).
    Removing at32f435_437_spi.o(i.spi_crc_enable), (10 bytes).
    Removing at32f435_437_spi.o(i.spi_crc_next_transmit), (14 bytes).
    Removing at32f435_437_spi.o(i.spi_crc_polynomial_get), (8 bytes).
    Removing at32f435_437_spi.o(i.spi_crc_polynomial_set), (10 bytes).
    Removing at32f435_437_spi.o(i.spi_crc_value_get), (18 bytes).
    Removing at32f435_437_spi.o(i.spi_default_para_init), (22 bytes).
    Removing at32f435_437_spi.o(i.spi_enable), (10 bytes).
    Removing at32f435_437_spi.o(i.spi_frame_bit_num_set), (10 bytes).
    Removing at32f435_437_spi.o(i.spi_half_duplex_direction_set), (10 bytes).
    Removing at32f435_437_spi.o(i.spi_hardware_cs_output_enable), (10 bytes).
    Removing at32f435_437_spi.o(i.spi_i2s_data_receive), (8 bytes).
    Removing at32f435_437_spi.o(i.spi_i2s_data_transmit), (4 bytes).
    Removing at32f435_437_spi.o(i.spi_i2s_dma_receiver_enable), (10 bytes).
    Removing at32f435_437_spi.o(i.spi_i2s_dma_transmitter_enable), (10 bytes).
    Removing at32f435_437_spi.o(i.spi_i2s_flag_clear), (58 bytes).
    Removing at32f435_437_spi.o(i.spi_i2s_flag_get), (16 bytes).
    Removing at32f435_437_spi.o(i.spi_i2s_interrupt_enable), (18 bytes).
    Removing at32f435_437_spi.o(i.spi_i2s_reset), (132 bytes).
    Removing at32f435_437_spi.o(i.spi_init), (344 bytes).
    Removing at32f435_437_spi.o(i.spi_software_cs_internal_level_set), (10 bytes).
    Removing at32f435_437_spi.o(i.spi_ti_mode_enable), (10 bytes).
    Removing at32f435_437_tmr.o(.rev16_text), (4 bytes).
    Removing at32f435_437_tmr.o(.revsh_text), (4 bytes).
    Removing at32f435_437_tmr.o(.rrx_text), (6 bytes).
    Removing at32f435_437_tmr.o(i.tmr_32_bit_function_enable), (28 bytes).
    Removing at32f435_437_tmr.o(i.tmr_base_init), (16 bytes).
    Removing at32f435_437_tmr.o(i.tmr_brkdt_config), (72 bytes).
    Removing at32f435_437_tmr.o(i.tmr_brkdt_default_para_init), (18 bytes).
    Removing at32f435_437_tmr.o(i.tmr_channel1_input_select), (10 bytes).
    Removing at32f435_437_tmr.o(i.tmr_channel_buffer_enable), (10 bytes).
    Removing at32f435_437_tmr.o(i.tmr_channel_dma_select), (10 bytes).
    Removing at32f435_437_tmr.o(i.tmr_channel_enable), (96 bytes).
    Removing at32f435_437_tmr.o(i.tmr_channel_value_get), (50 bytes).
    Removing at32f435_437_tmr.o(i.tmr_channel_value_set), (46 bytes).
    Removing at32f435_437_tmr.o(i.tmr_clock_source_div_set), (10 bytes).
    Removing at32f435_437_tmr.o(i.tmr_cnt_dir_set), (10 bytes).
    Removing at32f435_437_tmr.o(i.tmr_counter_enable), (10 bytes).
    Removing at32f435_437_tmr.o(i.tmr_counter_value_get), (6 bytes).
    Removing at32f435_437_tmr.o(i.tmr_counter_value_set), (4 bytes).
    Removing at32f435_437_tmr.o(i.tmr_div_value_get), (6 bytes).
    Removing at32f435_437_tmr.o(i.tmr_div_value_set), (4 bytes).
    Removing at32f435_437_tmr.o(i.tmr_dma_control_config), (18 bytes).
    Removing at32f435_437_tmr.o(i.tmr_dma_request_enable), (22 bytes).
    Removing at32f435_437_tmr.o(i.tmr_encoder_mode_config), (70 bytes).
    Removing at32f435_437_tmr.o(i.tmr_event_sw_trigger), (8 bytes).
    Removing at32f435_437_tmr.o(i.tmr_external_clock_config), (28 bytes).
    Removing at32f435_437_tmr.o(i.tmr_external_clock_mode1_config), (44 bytes).
    Removing at32f435_437_tmr.o(i.tmr_external_clock_mode2_config), (36 bytes).
    Removing at32f435_437_tmr.o(i.tmr_flag_clear), (6 bytes).
    Removing at32f435_437_tmr.o(i.tmr_flag_get), (18 bytes).
    Removing at32f435_437_tmr.o(i.tmr_force_output_set), (76 bytes).
    Removing at32f435_437_tmr.o(i.tmr_hall_select), (10 bytes).
    Removing at32f435_437_tmr.o(i.tmr_input_channel_divider_set), (66 bytes).
    Removing at32f435_437_tmr.o(i.tmr_input_channel_filter_set), (66 bytes).
    Removing at32f435_437_tmr.o(i.tmr_input_channel_init), (304 bytes).
    Removing at32f435_437_tmr.o(i.tmr_input_default_para_init), (16 bytes).
    Removing at32f435_437_tmr.o(i.tmr_internal_clock_set), (10 bytes).
    Removing at32f435_437_tmr.o(i.tmr_interrupt_enable), (22 bytes).
    Removing at32f435_437_tmr.o(i.tmr_iremap_config), (36 bytes).
    Removing at32f435_437_tmr.o(i.tmr_one_cycle_mode_enable), (10 bytes).
    Removing at32f435_437_tmr.o(i.tmr_output_channel_buffer_enable), (76 bytes).
    Removing at32f435_437_tmr.o(i.tmr_output_channel_config), (434 bytes).
    Removing at32f435_437_tmr.o(i.tmr_output_channel_immediately_set), (76 bytes).
    Removing at32f435_437_tmr.o(i.tmr_output_channel_mode_select), (76 bytes).
    Removing at32f435_437_tmr.o(i.tmr_output_channel_polarity_set), (96 bytes).
    Removing at32f435_437_tmr.o(i.tmr_output_channel_switch_set), (76 bytes).
    Removing at32f435_437_tmr.o(i.tmr_output_default_para_init), (18 bytes).
    Removing at32f435_437_tmr.o(i.tmr_output_enable), (10 bytes).
    Removing at32f435_437_tmr.o(i.tmr_overflow_event_disable), (10 bytes).
    Removing at32f435_437_tmr.o(i.tmr_overflow_request_source_set), (10 bytes).
    Removing at32f435_437_tmr.o(i.tmr_period_buffer_enable), (10 bytes).
    Removing at32f435_437_tmr.o(i.tmr_period_value_get), (6 bytes).
    Removing at32f435_437_tmr.o(i.tmr_period_value_set), (4 bytes).
    Removing at32f435_437_tmr.o(i.tmr_primary_mode_select), (10 bytes).
    Removing at32f435_437_tmr.o(i.tmr_pwm_input_config), (350 bytes).
    Removing at32f435_437_tmr.o(i.tmr_repetition_counter_set), (10 bytes).
    Removing at32f435_437_tmr.o(i.tmr_reset), (480 bytes).
    Removing at32f435_437_tmr.o(i.tmr_sub_mode_select), (10 bytes).
    Removing at32f435_437_tmr.o(i.tmr_sub_sync_mode_set), (10 bytes).
    Removing at32f435_437_tmr.o(i.tmr_trgout2_enable), (10 bytes).
    Removing at32f435_437_tmr.o(i.tmr_trigger_input_select), (10 bytes).
    Removing at32f435_437_usart.o(.rev16_text), (4 bytes).
    Removing at32f435_437_usart.o(.revsh_text), (4 bytes).
    Removing at32f435_437_usart.o(.rrx_text), (6 bytes).
    Removing at32f435_437_usart.o(i.usart_break_bit_num_set), (10 bytes).
    Removing at32f435_437_usart.o(i.usart_break_send), (12 bytes).
    Removing at32f435_437_usart.o(i.usart_clock_config), (28 bytes).
    Removing at32f435_437_usart.o(i.usart_clock_enable), (10 bytes).
    Removing at32f435_437_usart.o(i.usart_data_receive), (8 bytes).
    Removing at32f435_437_usart.o(i.usart_de_polarity_set), (10 bytes).
    Removing at32f435_437_usart.o(i.usart_dma_receiver_enable), (10 bytes).
    Removing at32f435_437_usart.o(i.usart_dma_transmitter_enable), (10 bytes).
    Removing at32f435_437_usart.o(i.usart_flag_clear), (18 bytes).
    Removing at32f435_437_usart.o(i.usart_hardware_flow_control_set), (102 bytes).
    Removing at32f435_437_usart.o(i.usart_id_bit_num_set), (10 bytes).
    Removing at32f435_437_usart.o(i.usart_interrupt_enable), (54 bytes).
    Removing at32f435_437_usart.o(i.usart_irda_low_power_enable), (10 bytes).
    Removing at32f435_437_usart.o(i.usart_irda_mode_enable), (10 bytes).
    Removing at32f435_437_usart.o(i.usart_irda_smartcard_division_set), (10 bytes).
    Removing at32f435_437_usart.o(i.usart_lin_mode_enable), (10 bytes).
    Removing at32f435_437_usart.o(i.usart_parity_selection_config), (76 bytes).
    Removing at32f435_437_usart.o(i.usart_receiver_enable), (10 bytes).
    Removing at32f435_437_usart.o(i.usart_receiver_mute_enable), (10 bytes).
    Removing at32f435_437_usart.o(i.usart_reset), (260 bytes).
    Removing at32f435_437_usart.o(i.usart_rs485_delay_time_config), (18 bytes).
    Removing at32f435_437_usart.o(i.usart_rs485_mode_enable), (10 bytes).
    Removing at32f435_437_usart.o(i.usart_single_line_halfduplex_select), (10 bytes).
    Removing at32f435_437_usart.o(i.usart_smartcard_guard_time_set), (10 bytes).
    Removing at32f435_437_usart.o(i.usart_smartcard_mode_enable), (10 bytes).
    Removing at32f435_437_usart.o(i.usart_smartcard_nack_set), (10 bytes).
    Removing at32f435_437_usart.o(i.usart_transmit_receive_pin_swap), (10 bytes).
    Removing at32f435_437_usart.o(i.usart_wakeup_id_set), (46 bytes).
    Removing at32f435_437_usart.o(i.usart_wakeup_mode_set), (10 bytes).
    Removing at32f435_437_usb.o(.rev16_text), (4 bytes).
    Removing at32f435_437_usb.o(.revsh_text), (4 bytes).
    Removing at32f435_437_usb.o(.rrx_text), (6 bytes).
    Removing at32f435_437_usb.o(i.usb_connect), (18 bytes).
    Removing at32f435_437_usb.o(i.usb_disconnect), (20 bytes).
    Removing at32f435_437_usb.o(i.usb_ept0_setup), (34 bytes).
    Removing at32f435_437_usb.o(i.usb_ept0_start), (44 bytes).
    Removing at32f435_437_usb.o(i.usb_ept_clear_stall), (146 bytes).
    Removing at32f435_437_usb.o(i.usb_ept_close), (100 bytes).
    Removing at32f435_437_usb.o(i.usb_ept_in_clear), (12 bytes).
    Removing at32f435_437_usb.o(i.usb_ept_in_interrupt), (44 bytes).
    Removing at32f435_437_usb.o(i.usb_ept_open), (416 bytes).
    Removing at32f435_437_usb.o(i.usb_ept_out_clear), (12 bytes).
    Removing at32f435_437_usb.o(i.usb_ept_out_interrupt), (22 bytes).
    Removing at32f435_437_usb.o(i.usb_ept_stall), (146 bytes).
    Removing at32f435_437_usb.o(i.usb_flush_rx_fifo), (44 bytes).
    Removing at32f435_437_usb.o(i.usb_flush_tx_fifo), (56 bytes).
    Removing at32f435_437_usb.o(i.usb_get_all_in_interrupt), (18 bytes).
    Removing at32f435_437_usb.o(i.usb_get_all_out_interrupt), (18 bytes).
    Removing at32f435_437_usb.o(i.usb_global_clear_interrupt), (4 bytes).
    Removing at32f435_437_usb.o(i.usb_global_get_all_interrupt), (10 bytes).
    Removing at32f435_437_usb.o(i.usb_global_init), (24 bytes).
    Removing at32f435_437_usb.o(i.usb_global_interrupt_enable), (20 bytes).
    Removing at32f435_437_usb.o(i.usb_global_power_on), (36 bytes).
    Removing at32f435_437_usb.o(i.usb_global_reset), (76 bytes).
    Removing at32f435_437_usb.o(i.usb_global_select_core), (20 bytes).
    Removing at32f435_437_usb.o(i.usb_global_set_mode), (68 bytes).
    Removing at32f435_437_usb.o(i.usb_hc_enable), (276 bytes).
    Removing at32f435_437_usb.o(i.usb_hch_halt), (196 bytes).
    Removing at32f435_437_usb.o(i.usb_hch_read_interrupt), (12 bytes).
    Removing at32f435_437_usb.o(i.usb_host_disable), (180 bytes).
    Removing at32f435_437_usb.o(i.usb_interrupt_disable), (10 bytes).
    Removing at32f435_437_usb.o(i.usb_interrupt_enable), (12 bytes).
    Removing at32f435_437_usb.o(i.usb_open_phy_clk), (14 bytes).
    Removing at32f435_437_usb.o(i.usb_port_power_on), (36 bytes).
    Removing at32f435_437_usb.o(i.usb_read_packet), (42 bytes).
    Removing at32f435_437_usb.o(i.usb_remote_wkup_clear), (18 bytes).
    Removing at32f435_437_usb.o(i.usb_remote_wkup_set), (20 bytes).
    Removing at32f435_437_usb.o(i.usb_set_address), (14 bytes).
    Removing at32f435_437_usb.o(i.usb_set_rx_fifo), (4 bytes).
    Removing at32f435_437_usb.o(i.usb_set_tx_fifo), (66 bytes).
    Removing at32f435_437_usb.o(i.usb_stop_phy_clk), (16 bytes).
    Removing at32f435_437_usb.o(i.usb_suspend_status_get), (14 bytes).
    Removing at32f435_437_usb.o(i.usb_write_packet), (48 bytes).
    Removing at32f435_437_usb.o(i.usbh_fsls_clksel), (34 bytes).
    Removing at32f435_437_usb.o(i.usbh_get_frame), (12 bytes).
    Removing at32f435_437_wdt.o(.rev16_text), (4 bytes).
    Removing at32f435_437_wdt.o(.revsh_text), (4 bytes).
    Removing at32f435_437_wdt.o(.rrx_text), (6 bytes).
    Removing at32f435_437_wdt.o(i.wdt_counter_reload), (16 bytes).
    Removing at32f435_437_wdt.o(i.wdt_divider_set), (20 bytes).
    Removing at32f435_437_wdt.o(i.wdt_enable), (16 bytes).
    Removing at32f435_437_wdt.o(i.wdt_flag_get), (24 bytes).
    Removing at32f435_437_wdt.o(i.wdt_register_write_enable), (24 bytes).
    Removing at32f435_437_wdt.o(i.wdt_reload_value_set), (12 bytes).
    Removing at32f435_437_wdt.o(i.wdt_window_counter_set), (20 bytes).
    Removing at32f435_437_wwdt.o(.rev16_text), (4 bytes).
    Removing at32f435_437_wwdt.o(.revsh_text), (4 bytes).
    Removing at32f435_437_wwdt.o(.rrx_text), (6 bytes).
    Removing at32f435_437_wwdt.o(i.wwdt_counter_set), (20 bytes).
    Removing at32f435_437_wwdt.o(i.wwdt_divider_set), (20 bytes).
    Removing at32f435_437_wwdt.o(i.wwdt_enable), (16 bytes).
    Removing at32f435_437_wwdt.o(i.wwdt_flag_clear), (12 bytes).
    Removing at32f435_437_wwdt.o(i.wwdt_flag_get), (16 bytes).
    Removing at32f435_437_wwdt.o(i.wwdt_interrupt_enable), (24 bytes).
    Removing at32f435_437_wwdt.o(i.wwdt_reset), (24 bytes).
    Removing at32f435_437_wwdt.o(i.wwdt_window_counter_set), (20 bytes).
    Removing at32f435_437_xmc.o(.rev16_text), (4 bytes).
    Removing at32f435_437_xmc.o(.revsh_text), (4 bytes).
    Removing at32f435_437_xmc.o(.rrx_text), (6 bytes).
    Removing at32f435_437_xmc.o(i.xmc_ecc_get), (24 bytes).
    Removing at32f435_437_xmc.o(i.xmc_ext_timing_config), (40 bytes).
    Removing at32f435_437_xmc.o(i.xmc_flag_clear), (128 bytes).
    Removing at32f435_437_xmc.o(i.xmc_flag_status_get), (64 bytes).
    Removing at32f435_437_xmc.o(i.xmc_interrupt_enable), (164 bytes).
    Removing at32f435_437_xmc.o(i.xmc_nand_default_para_init), (18 bytes).
    Removing at32f435_437_xmc.o(i.xmc_nand_ecc_enable), (44 bytes).
    Removing at32f435_437_xmc.o(i.xmc_nand_enable), (44 bytes).
    Removing at32f435_437_xmc.o(i.xmc_nand_init), (56 bytes).
    Removing at32f435_437_xmc.o(i.xmc_nand_reset), (64 bytes).
    Removing at32f435_437_xmc.o(i.xmc_nand_timing_config), (80 bytes).
    Removing at32f435_437_xmc.o(i.xmc_nand_timing_default_para_init), (30 bytes).
    Removing at32f435_437_xmc.o(i.xmc_nor_sram_enable), (22 bytes).
    Removing at32f435_437_xmc.o(i.xmc_nor_sram_init), (90 bytes).
    Removing at32f435_437_xmc.o(i.xmc_nor_sram_reset), (56 bytes).
    Removing at32f435_437_xmc.o(i.xmc_nor_sram_timing_config), (124 bytes).
    Removing at32f435_437_xmc.o(i.xmc_norsram_default_para_init), (42 bytes).
    Removing at32f435_437_xmc.o(i.xmc_norsram_timing_default_para_init), (56 bytes).
    Removing at32f435_437_xmc.o(i.xmc_pccard_default_para_init), (10 bytes).
    Removing at32f435_437_xmc.o(i.xmc_pccard_enable), (24 bytes).
    Removing at32f435_437_xmc.o(i.xmc_pccard_init), (28 bytes).
    Removing at32f435_437_xmc.o(i.xmc_pccard_reset), (40 bytes).
    Removing at32f435_437_xmc.o(i.xmc_pccard_timing_config), (84 bytes).
    Removing at32f435_437_xmc.o(i.xmc_pccard_timing_default_para_init), (44 bytes).
    Removing at32f435_437_xmc.o(i.xmc_sdram_auto_refresh_set), (24 bytes).
    Removing at32f435_437_xmc.o(i.xmc_sdram_cmd), (28 bytes).
    Removing at32f435_437_xmc.o(i.xmc_sdram_default_para_init), (50 bytes).
    Removing at32f435_437_xmc.o(i.xmc_sdram_init), (608 bytes).
    Removing at32f435_437_xmc.o(i.xmc_sdram_refresh_counter_set), (24 bytes).
    Removing at32f435_437_xmc.o(i.xmc_sdram_reset), (52 bytes).
    Removing at32f435_437_xmc.o(i.xmc_sdram_status_get), (28 bytes).
    Removing system_at32f435_437.o(.rev16_text), (4 bytes).
    Removing system_at32f435_437.o(.revsh_text), (4 bytes).
    Removing system_at32f435_437.o(.rrx_text), (6 bytes).
    Removing startup_at32f435_437.o(HEAP), (512 bytes).
    Removing dadd.o(.text), (334 bytes).
    Removing dmul.o(.text), (228 bytes).
    Removing ddiv.o(.text), (222 bytes).
    Removing dfixul.o(.text), (48 bytes).
    Removing cdrcmple.o(.text), (48 bytes).
    Removing depilogue.o(.text), (186 bytes).

892 unused section(s) (total 34804 bytes) removed from the image.

==============================================================================

Image Symbol Table

    Local Symbols

    Symbol Name                              Value     Ov Type        Size  Object(Section)

    ../clib/microlib/division.c              0x00000000   Number         0  uidiv.o ABSOLUTE
    ../clib/microlib/division.c              0x00000000   Number         0  uldiv.o ABSOLUTE
    ../clib/microlib/init/entry.s            0x00000000   Number         0  entry10b.o ABSOLUTE
    ../clib/microlib/init/entry.s            0x00000000   Number         0  entry10a.o ABSOLUTE
    ../clib/microlib/init/entry.s            0x00000000   Number         0  entry.o ABSOLUTE
    ../clib/microlib/init/entry.s            0x00000000   Number         0  entry11b.o ABSOLUTE
    ../clib/microlib/init/entry.s            0x00000000   Number         0  entry11a.o ABSOLUTE
    ../clib/microlib/init/entry.s            0x00000000   Number         0  entry9b.o ABSOLUTE
    ../clib/microlib/init/entry.s            0x00000000   Number         0  entry9a.o ABSOLUTE
    ../clib/microlib/init/entry.s            0x00000000   Number         0  entry8b.o ABSOLUTE
    ../clib/microlib/init/entry.s            0x00000000   Number         0  entry8a.o ABSOLUTE
    ../clib/microlib/init/entry.s            0x00000000   Number         0  entry7b.o ABSOLUTE
    ../clib/microlib/init/entry.s            0x00000000   Number         0  entry7a.o ABSOLUTE
    ../clib/microlib/init/entry.s            0x00000000   Number         0  entry5.o ABSOLUTE
    ../clib/microlib/init/entry.s            0x00000000   Number         0  entry2.o ABSOLUTE
    ../clib/microlib/longlong.c              0x00000000   Number         0  llsshr.o ABSOLUTE
    ../clib/microlib/longlong.c              0x00000000   Number         0  llushr.o ABSOLUTE
    ../clib/microlib/longlong.c              0x00000000   Number         0  llshl.o ABSOLUTE
    ../clib/microlib/printf/printf.c         0x00000000   Number         0  printf1.o ABSOLUTE
    ../clib/microlib/printf/printf.c         0x00000000   Number         0  printf3.o ABSOLUTE
    ../clib/microlib/printf/printf.c         0x00000000   Number         0  printf4.o ABSOLUTE
    ../clib/microlib/printf/printf.c         0x00000000   Number         0  printf5.o ABSOLUTE
    ../clib/microlib/printf/printf.c         0x00000000   Number         0  printf6.o ABSOLUTE
    ../clib/microlib/printf/printf.c         0x00000000   Number         0  printf7.o ABSOLUTE
    ../clib/microlib/printf/printf.c         0x00000000   Number         0  printf8.o ABSOLUTE
    ../clib/microlib/printf/printf.c         0x00000000   Number         0  printfa.o ABSOLUTE
    ../clib/microlib/printf/printf.c         0x00000000   Number         0  printf2.o ABSOLUTE
    ../clib/microlib/printf/printf.c         0x00000000   Number         0  printf0.o ABSOLUTE
    ../clib/microlib/printf/printf.c         0x00000000   Number         0  printfb.o ABSOLUTE
    ../clib/microlib/printf/stubs.s          0x00000000   Number         0  stubs.o ABSOLUTE
    ../clib/microlib/stubs.s                 0x00000000   Number         0  iusefp.o ABSOLUTE
    ../clib/microlib/stubs.s                 0x00000000   Number         0  useno.o ABSOLUTE
    ../fplib/microlib/fpadd.c                0x00000000   Number         0  dadd.o ABSOLUTE
    ../fplib/microlib/fpdiv.c                0x00000000   Number         0  ddiv.o ABSOLUTE
    ../fplib/microlib/fpepilogue.c           0x00000000   Number         0  depilogue.o ABSOLUTE
    ../fplib/microlib/fpfix.c                0x00000000   Number         0  dfixul.o ABSOLUTE
    ../fplib/microlib/fpmul.c                0x00000000   Number         0  dmul.o ABSOLUTE
    ..\\at32fw\\src\\at32f435_437_acc.c      0x00000000   Number         0  at32f435_437_acc.o ABSOLUTE
    ..\\at32fw\\src\\at32f435_437_adc.c      0x00000000   Number         0  at32f435_437_adc.o ABSOLUTE
    ..\\at32fw\\src\\at32f435_437_can.c      0x00000000   Number         0  at32f435_437_can.o ABSOLUTE
    ..\\at32fw\\src\\at32f435_437_crc.c      0x00000000   Number         0  at32f435_437_crc.o ABSOLUTE
    ..\\at32fw\\src\\at32f435_437_crm.c      0x00000000   Number         0  at32f435_437_crm.o ABSOLUTE
    ..\\at32fw\\src\\at32f435_437_dac.c      0x00000000   Number         0  at32f435_437_dac.o ABSOLUTE
    ..\\at32fw\\src\\at32f435_437_debug.c    0x00000000   Number         0  at32f435_437_debug.o ABSOLUTE
    ..\\at32fw\\src\\at32f435_437_dma.c      0x00000000   Number         0  at32f435_437_dma.o ABSOLUTE
    ..\\at32fw\\src\\at32f435_437_dvp.c      0x00000000   Number         0  at32f435_437_dvp.o ABSOLUTE
    ..\\at32fw\\src\\at32f435_437_edma.c     0x00000000   Number         0  at32f435_437_edma.o ABSOLUTE
    ..\\at32fw\\src\\at32f435_437_emac.c     0x00000000   Number         0  at32f435_437_emac.o ABSOLUTE
    ..\\at32fw\\src\\at32f435_437_ertc.c     0x00000000   Number         0  at32f435_437_ertc.o ABSOLUTE
    ..\\at32fw\\src\\at32f435_437_exint.c    0x00000000   Number         0  at32f435_437_exint.o ABSOLUTE
    ..\\at32fw\\src\\at32f435_437_flash.c    0x00000000   Number         0  at32f435_437_flash.o ABSOLUTE
    ..\\at32fw\\src\\at32f435_437_gpio.c     0x00000000   Number         0  at32f435_437_gpio.o ABSOLUTE
    ..\\at32fw\\src\\at32f435_437_i2c.c      0x00000000   Number         0  at32f435_437_i2c.o ABSOLUTE
    ..\\at32fw\\src\\at32f435_437_misc.c     0x00000000   Number         0  at32f435_437_misc.o ABSOLUTE
    ..\\at32fw\\src\\at32f435_437_pwc.c      0x00000000   Number         0  at32f435_437_pwc.o ABSOLUTE
    ..\\at32fw\\src\\at32f435_437_qspi.c     0x00000000   Number         0  at32f435_437_qspi.o ABSOLUTE
    ..\\at32fw\\src\\at32f435_437_scfg.c     0x00000000   Number         0  at32f435_437_scfg.o ABSOLUTE
    ..\\at32fw\\src\\at32f435_437_sdio.c     0x00000000   Number         0  at32f435_437_sdio.o ABSOLUTE
    ..\\at32fw\\src\\at32f435_437_spi.c      0x00000000   Number         0  at32f435_437_spi.o ABSOLUTE
    ..\\at32fw\\src\\at32f435_437_tmr.c      0x00000000   Number         0  at32f435_437_tmr.o ABSOLUTE
    ..\\at32fw\\src\\at32f435_437_usart.c    0x00000000   Number         0  at32f435_437_usart.o ABSOLUTE
    ..\\at32fw\\src\\at32f435_437_usb.c      0x00000000   Number         0  at32f435_437_usb.o ABSOLUTE
    ..\\at32fw\\src\\at32f435_437_wdt.c      0x00000000   Number         0  at32f435_437_wdt.o ABSOLUTE
    ..\\at32fw\\src\\at32f435_437_wwdt.c     0x00000000   Number         0  at32f435_437_wwdt.o ABSOLUTE
    ..\\at32fw\\src\\at32f435_437_xmc.c      0x00000000   Number         0  at32f435_437_xmc.o ABSOLUTE
    ..\\bsp\\bsp_led.c                       0x00000000   Number         0  bsp_led.o ABSOLUTE
    ..\\cmsis\\cm4\\device_support\\system_at32f435_437.c 0x00000000   Number         0  system_at32f435_437.o ABSOLUTE
    ..\\device\\at32f435_437_board.c         0x00000000   Number         0  at32f435_437_board.o ABSOLUTE
    ..\\device\\device_gpio.c                0x00000000   Number         0  device_gpio.o ABSOLUTE
    ..\\user\\src\\at32f435_437_clock.c      0x00000000   Number         0  at32f435_437_clock.o ABSOLUTE
    ..\\user\\src\\at32f435_437_int.c        0x00000000   Number         0  at32f435_437_int.o ABSOLUTE
    ..\\user\\src\\main.c                    0x00000000   Number         0  main.o ABSOLUTE
    ..\at32fw\src\at32f435_437_acc.c         0x00000000   Number         0  at32f435_437_acc.o ABSOLUTE
    ..\at32fw\src\at32f435_437_adc.c         0x00000000   Number         0  at32f435_437_adc.o ABSOLUTE
    ..\at32fw\src\at32f435_437_can.c         0x00000000   Number         0  at32f435_437_can.o ABSOLUTE
    ..\at32fw\src\at32f435_437_crc.c         0x00000000   Number         0  at32f435_437_crc.o ABSOLUTE
    ..\at32fw\src\at32f435_437_crm.c         0x00000000   Number         0  at32f435_437_crm.o ABSOLUTE
    ..\at32fw\src\at32f435_437_dac.c         0x00000000   Number         0  at32f435_437_dac.o ABSOLUTE
    ..\at32fw\src\at32f435_437_debug.c       0x00000000   Number         0  at32f435_437_debug.o ABSOLUTE
    ..\at32fw\src\at32f435_437_dma.c         0x00000000   Number         0  at32f435_437_dma.o ABSOLUTE
    ..\at32fw\src\at32f435_437_dvp.c         0x00000000   Number         0  at32f435_437_dvp.o ABSOLUTE
    ..\at32fw\src\at32f435_437_edma.c        0x00000000   Number         0  at32f435_437_edma.o ABSOLUTE
    ..\at32fw\src\at32f435_437_emac.c        0x00000000   Number         0  at32f435_437_emac.o ABSOLUTE
    ..\at32fw\src\at32f435_437_ertc.c        0x00000000   Number         0  at32f435_437_ertc.o ABSOLUTE
    ..\at32fw\src\at32f435_437_exint.c       0x00000000   Number         0  at32f435_437_exint.o ABSOLUTE
    ..\at32fw\src\at32f435_437_flash.c       0x00000000   Number         0  at32f435_437_flash.o ABSOLUTE
    ..\at32fw\src\at32f435_437_gpio.c        0x00000000   Number         0  at32f435_437_gpio.o ABSOLUTE
    ..\at32fw\src\at32f435_437_i2c.c         0x00000000   Number         0  at32f435_437_i2c.o ABSOLUTE
    ..\at32fw\src\at32f435_437_misc.c        0x00000000   Number         0  at32f435_437_misc.o ABSOLUTE
    ..\at32fw\src\at32f435_437_pwc.c         0x00000000   Number         0  at32f435_437_pwc.o ABSOLUTE
    ..\at32fw\src\at32f435_437_qspi.c        0x00000000   Number         0  at32f435_437_qspi.o ABSOLUTE
    ..\at32fw\src\at32f435_437_scfg.c        0x00000000   Number         0  at32f435_437_scfg.o ABSOLUTE
    ..\at32fw\src\at32f435_437_sdio.c        0x00000000   Number         0  at32f435_437_sdio.o ABSOLUTE
    ..\at32fw\src\at32f435_437_spi.c         0x00000000   Number         0  at32f435_437_spi.o ABSOLUTE
    ..\at32fw\src\at32f435_437_tmr.c         0x00000000   Number         0  at32f435_437_tmr.o ABSOLUTE
    ..\at32fw\src\at32f435_437_usart.c       0x00000000   Number         0  at32f435_437_usart.o ABSOLUTE
    ..\at32fw\src\at32f435_437_usb.c         0x00000000   Number         0  at32f435_437_usb.o ABSOLUTE
    ..\at32fw\src\at32f435_437_wdt.c         0x00000000   Number         0  at32f435_437_wdt.o ABSOLUTE
    ..\at32fw\src\at32f435_437_wwdt.c        0x00000000   Number         0  at32f435_437_wwdt.o ABSOLUTE
    ..\at32fw\src\at32f435_437_xmc.c         0x00000000   Number         0  at32f435_437_xmc.o ABSOLUTE
    ..\bsp\bsp_led.c                         0x00000000   Number         0  bsp_led.o ABSOLUTE
    ..\cmsis\cm4\device_support\startup\mdk\startup_at32f435_437.s 0x00000000   Number         0  startup_at32f435_437.o ABSOLUTE
    ..\cmsis\cm4\device_support\system_at32f435_437.c 0x00000000   Number         0  system_at32f435_437.o ABSOLUTE
    ..\device\at32f435_437_board.c           0x00000000   Number         0  at32f435_437_board.o ABSOLUTE
    ..\device\device_gpio.c                  0x00000000   Number         0  device_gpio.o ABSOLUTE
    ..\user\src\at32f435_437_clock.c         0x00000000   Number         0  at32f435_437_clock.o ABSOLUTE
    ..\user\src\at32f435_437_int.c           0x00000000   Number         0  at32f435_437_int.o ABSOLUTE
    ..\user\src\main.c                       0x00000000   Number         0  main.o ABSOLUTE
    cdrcmple.s                               0x00000000   Number         0  cdrcmple.o ABSOLUTE
    dc.s                                     0x00000000   Number         0  dc.o ABSOLUTE
    handlers.s                               0x00000000   Number         0  handlers.o ABSOLUTE
    init.s                                   0x00000000   Number         0  init.o ABSOLUTE
    RESET                                    0x08000000   Section      524  startup_at32f435_437.o(RESET)
    .ARM.Collect$$$$00000000                 0x0800020c   Section        0  entry.o(.ARM.Collect$$$$00000000)
    .ARM.Collect$$$$00000001                 0x0800020c   Section        4  entry2.o(.ARM.Collect$$$$00000001)
    .ARM.Collect$$$$00000004                 0x08000210   Section        4  entry5.o(.ARM.Collect$$$$00000004)
    .ARM.Collect$$$$00000008                 0x08000214   Section        0  entry7b.o(.ARM.Collect$$$$00000008)
    .ARM.Collect$$$$0000000A                 0x08000214   Section        0  entry8b.o(.ARM.Collect$$$$0000000A)
    .ARM.Collect$$$$0000000B                 0x08000214   Section        8  entry9a.o(.ARM.Collect$$$$0000000B)
    .ARM.Collect$$$$0000000D                 0x0800021c   Section        0  entry10a.o(.ARM.Collect$$$$0000000D)
    .ARM.Collect$$$$0000000F                 0x0800021c   Section        0  entry11a.o(.ARM.Collect$$$$0000000F)
    .ARM.Collect$$$$00002712                 0x0800021c   Section        4  entry2.o(.ARM.Collect$$$$00002712)
    __lit__00000000                          0x0800021c   Data           4  entry2.o(.ARM.Collect$$$$00002712)
    .text                                    0x08000220   Section       36  startup_at32f435_437.o(.text)
    $v0                                      0x08000220   Number         0  startup_at32f435_437.o(.text)
    .text                                    0x08000244   Section        0  uldiv.o(.text)
    .text                                    0x080002a6   Section        0  uidiv.o(.text)
    .text                                    0x080002d2   Section        0  llshl.o(.text)
    .text                                    0x080002f0   Section        0  llushr.o(.text)
    .text                                    0x08000310   Section       36  init.o(.text)
    i.BusFault_Handler                       0x08000334   Section        0  at32f435_437_int.o(i.BusFault_Handler)
    i.DebugMon_Handler                       0x08000338   Section        0  at32f435_437_int.o(i.DebugMon_Handler)
    i.HardFault_Handler                      0x0800033a   Section        0  at32f435_437_int.o(i.HardFault_Handler)
    i.MemManage_Handler                      0x0800033e   Section        0  at32f435_437_int.o(i.MemManage_Handler)
    i.NMI_Handler                            0x08000342   Section        0  at32f435_437_int.o(i.NMI_Handler)
    i.PendSV_Handler                         0x08000344   Section        0  at32f435_437_int.o(i.PendSV_Handler)
    i.SVC_Handler                            0x08000346   Section        0  at32f435_437_int.o(i.SVC_Handler)
    i.SysTick_Handler                        0x08000348   Section        0  at32f435_437_int.o(i.SysTick_Handler)
    i.SystemInit                             0x0800034c   Section        0  system_at32f435_437.o(i.SystemInit)
    i.UsageFault_Handler                     0x080003dc   Section        0  at32f435_437_int.o(i.UsageFault_Handler)
    i.__0printf$1                            0x080003e0   Section        0  printf1.o(i.__0printf$1)
    i.__scatterload_copy                     0x08000400   Section       14  handlers.o(i.__scatterload_copy)
    i.__scatterload_null                     0x0800040e   Section        2  handlers.o(i.__scatterload_null)
    i.__scatterload_zeroinit                 0x08000410   Section       14  handlers.o(i.__scatterload_zeroinit)
    i._printf_core                           0x08000420   Section        0  printf1.o(i._printf_core)
    _printf_core                             0x08000421   Thumb Code   336  printf1.o(i._printf_core)
    i.at32_board_init                        0x08000574   Section        0  at32f435_437_board.o(i.at32_board_init)
    i.at32_gpio_init                         0x0800057c   Section        0  device_gpio.o(i.at32_gpio_init)
    i.crm_ahb_div_set                        0x080005c0   Section        0  at32f435_437_crm.o(i.crm_ahb_div_set)
    i.crm_apb1_div_set                       0x080005d4   Section        0  at32f435_437_crm.o(i.crm_apb1_div_set)
    i.crm_apb2_div_set                       0x080005e8   Section        0  at32f435_437_crm.o(i.crm_apb2_div_set)
    i.crm_auto_step_mode_enable              0x080005fc   Section        0  at32f435_437_crm.o(i.crm_auto_step_mode_enable)
    i.crm_clock_source_enable                0x08000624   Section        0  at32f435_437_crm.o(i.crm_clock_source_enable)
    i.crm_clocks_freq_get                    0x0800068c   Section        0  at32f435_437_crm.o(i.crm_clocks_freq_get)
    i.crm_flag_get                           0x0800079c   Section        0  at32f435_437_crm.o(i.crm_flag_get)
    i.crm_hext_stable_wait                   0x080007cc   Section        0  at32f435_437_crm.o(i.crm_hext_stable_wait)
    i.crm_periph_clock_enable                0x080007fc   Section        0  at32f435_437_crm.o(i.crm_periph_clock_enable)
    i.crm_pll_config                         0x08000848   Section        0  at32f435_437_crm.o(i.crm_pll_config)
    i.crm_reset                              0x08000890   Section        0  at32f435_437_crm.o(i.crm_reset)
    i.crm_sysclk_switch                      0x08000908   Section        0  at32f435_437_crm.o(i.crm_sysclk_switch)
    i.crm_sysclk_switch_status_get           0x0800091c   Section        0  at32f435_437_crm.o(i.crm_sysclk_switch_status_get)
    i.delay_init                             0x0800092c   Section        0  at32f435_437_board.o(i.delay_init)
    i.delay_ms                               0x08000964   Section        0  at32f435_437_board.o(i.delay_ms)
    i.fputc                                  0x080009d8   Section        0  at32f435_437_board.o(i.fputc)
    i.gpio_bits_write                        0x080009fc   Section        0  at32f435_437_gpio.o(i.gpio_bits_write)
    i.gpio_default_para_init                 0x08000a06   Section        0  at32f435_437_gpio.o(i.gpio_default_para_init)
    i.gpio_init                              0x08000a1a   Section        0  at32f435_437_gpio.o(i.gpio_init)
    i.gpio_input_data_bit_read               0x08000a94   Section        0  at32f435_437_gpio.o(i.gpio_input_data_bit_read)
    i.gpio_output_data_bit_read              0x08000aa6   Section        0  at32f435_437_gpio.o(i.gpio_output_data_bit_read)
    i.gpio_pin_mux_config                    0x08000ab8   Section        0  at32f435_437_gpio.o(i.gpio_pin_mux_config)
    i.gpio_read                              0x08000afa   Section        0  device_gpio.o(i.gpio_read)
    i.gpio_register                          0x08000b18   Section        0  bsp_led.o(i.gpio_register)
    i.gpio_write                             0x08000b60   Section        0  device_gpio.o(i.gpio_write)
    i.key0_read                              0x08000b7c   Section        0  bsp_led.o(i.key0_read)
    i.led0_blink                             0x08000bac   Section        0  bsp_led.o(i.led0_blink)
    i.led_int                                0x08000bd8   Section        0  bsp_led.o(i.led_int)
    i.main                                   0x08000c7c   Section        0  main.o(i.main)
    i.system_clock_config                    0x08000cb8   Section        0  at32f435_437_clock.o(i.system_clock_config)
    i.system_core_clock_update               0x08000d54   Section        0  system_at32f435_437.o(i.system_core_clock_update)
    i.systick_clock_source_config            0x08000e44   Section        0  at32f435_437_misc.o(i.systick_clock_source_config)
    i.uart_print_init                        0x08000e6c   Section        0  at32f435_437_board.o(i.uart_print_init)
    i.usart_data_transmit                    0x08000ee0   Section        0  at32f435_437_usart.o(i.usart_data_transmit)
    i.usart_enable                           0x08000ee8   Section        0  at32f435_437_usart.o(i.usart_enable)
    i.usart_flag_get                         0x08000ef2   Section        0  at32f435_437_usart.o(i.usart_flag_get)
    i.usart_init                             0x08000f04   Section        0  at32f435_437_usart.o(i.usart_init)
    i.usart_transmitter_enable               0x08000fb0   Section        0  at32f435_437_usart.o(i.usart_transmitter_enable)
    .constdata                               0x08000fba   Section       38  at32f435_437_crm.o(.constdata)
    sclk_ahb_div_table                       0x08000fba   Data          16  at32f435_437_crm.o(.constdata)
    ahb_apb1_div_table                       0x08000fca   Data           8  at32f435_437_crm.o(.constdata)
    ahb_apb2_div_table                       0x08000fd2   Data           8  at32f435_437_crm.o(.constdata)
    pll_fr_table                             0x08000fda   Data           6  at32f435_437_crm.o(.constdata)
    .constdata                               0x08000fe0   Section       22  system_at32f435_437.o(.constdata)
    sys_ahb_div_table                        0x08000fe0   Data          16  system_at32f435_437.o(.constdata)
    pll_fr_table                             0x08000ff0   Data           6  system_at32f435_437.o(.constdata)
    .data                                    0x20000000   Section       12  at32f435_437_board.o(.data)
    fac_us                                   0x20000000   Data           4  at32f435_437_board.o(.data)
    fac_ms                                   0x20000004   Data           4  at32f435_437_board.o(.data)
    .data                                    0x2000000c   Section        4  system_at32f435_437.o(.data)
    .bss                                     0x20000010   Section      120  bsp_led.o(.bss)
    led_manage                               0x20000010   Data          44  bsp_led.o(.bss)
    key_manage                               0x2000003c   Data          44  bsp_led.o(.bss)
    led0                                     0x20000068   Data          16  bsp_led.o(.bss)
    key0                                     0x20000078   Data          16  bsp_led.o(.bss)
    STACK                                    0x20000088   Section     1024  startup_at32f435_437.o(STACK)

    Global Symbols

    Symbol Name                              Value     Ov Type        Size  Object(Section)

    BuildAttributes$$THM_ISAv4$E$P$D$K$B$S$7EM$VFPi3$EXTD16$VFPS$VFMA$PE$A:L22UL41UL21$X:L11$S22US41US21$IEEE1$IW$USESV6$~STKCKD$USESV7$~SHL$OSPACE$ROPI$EBA8$MICROLIB$REQ8$PRES8$EABIv2 0x00000000   Number         0  anon$$obj.o ABSOLUTE
    __ARM_use_no_argv                        0x00000000   Number         0  main.o ABSOLUTE
    __use_no_errno                           0x00000000   Number         0  useno.o ABSOLUTE
    __use_no_exception_handling              0x00000000   Number         0  useno.o ABSOLUTE
    __use_no_fp                              0x00000000   Number         0  useno.o ABSOLUTE
    __use_no_heap                            0x00000000   Number         0  useno.o ABSOLUTE
    __use_no_heap_region                     0x00000000   Number         0  useno.o ABSOLUTE
    __use_no_semihosting                     0x00000000   Number         0  useno.o ABSOLUTE
    __use_no_semihosting_swi                 0x00000000   Number         0  useno.o ABSOLUTE
    __use_no_signal_handling                 0x00000000   Number         0  useno.o ABSOLUTE
    _printf_a                                0x00000000   Number         0  stubs.o ABSOLUTE
    _printf_c                                0x00000000   Number         0  stubs.o ABSOLUTE
    _printf_charcount                        0x00000000   Number         0  stubs.o ABSOLUTE
    _printf_d                                0x00000000   Number         0  stubs.o ABSOLUTE
    _printf_e                                0x00000000   Number         0  stubs.o ABSOLUTE
    _printf_f                                0x00000000   Number         0  stubs.o ABSOLUTE
    _printf_flags                            0x00000000   Number         0  stubs.o ABSOLUTE
    _printf_fp_dec                           0x00000000   Number         0  stubs.o ABSOLUTE
    _printf_fp_hex                           0x00000000   Number         0  stubs.o ABSOLUTE
    _printf_g                                0x00000000   Number         0  stubs.o ABSOLUTE
    _printf_i                                0x00000000   Number         0  stubs.o ABSOLUTE
    _printf_int_dec                          0x00000000   Number         0  stubs.o ABSOLUTE
    _printf_l                                0x00000000   Number         0  stubs.o ABSOLUTE
    _printf_lc                               0x00000000   Number         0  stubs.o ABSOLUTE
    _printf_ll                               0x00000000   Number         0  stubs.o ABSOLUTE
    _printf_lld                              0x00000000   Number         0  stubs.o ABSOLUTE
    _printf_lli                              0x00000000   Number         0  stubs.o ABSOLUTE
    _printf_llo                              0x00000000   Number         0  stubs.o ABSOLUTE
    _printf_llu                              0x00000000   Number         0  stubs.o ABSOLUTE
    _printf_llx                              0x00000000   Number         0  stubs.o ABSOLUTE
    _printf_longlong_dec                     0x00000000   Number         0  stubs.o ABSOLUTE
    _printf_longlong_hex                     0x00000000   Number         0  stubs.o ABSOLUTE
    _printf_longlong_oct                     0x00000000   Number         0  stubs.o ABSOLUTE
    _printf_ls                               0x00000000   Number         0  stubs.o ABSOLUTE
    _printf_mbtowc                           0x00000000   Number         0  stubs.o ABSOLUTE
    _printf_n                                0x00000000   Number         0  stubs.o ABSOLUTE
    _printf_o                                0x00000000   Number         0  stubs.o ABSOLUTE
    _printf_p                                0x00000000   Number         0  stubs.o ABSOLUTE
    _printf_percent                          0x00000000   Number         0  stubs.o ABSOLUTE
    _printf_pre_padding                      0x00000000   Number         0  stubs.o ABSOLUTE
    _printf_return_value                     0x00000000   Number         0  stubs.o ABSOLUTE
    _printf_s                                0x00000000   Number         0  stubs.o ABSOLUTE
    _printf_sizespec                         0x00000000   Number         0  stubs.o ABSOLUTE
    _printf_str                              0x00000000   Number         0  stubs.o ABSOLUTE
    _printf_truncate_signed                  0x00000000   Number         0  stubs.o ABSOLUTE
    _printf_truncate_unsigned                0x00000000   Number         0  stubs.o ABSOLUTE
    _printf_u                                0x00000000   Number         0  stubs.o ABSOLUTE
    _printf_wc                               0x00000000   Number         0  stubs.o ABSOLUTE
    _printf_wctomb                           0x00000000   Number         0  stubs.o ABSOLUTE
    _printf_widthprec                        0x00000000   Number         0  stubs.o ABSOLUTE
    _printf_x                                0x00000000   Number         0  stubs.o ABSOLUTE
    __cpp_initialize__aeabi_                  - Undefined Weak Reference
    __cxa_finalize                            - Undefined Weak Reference
    __decompress                              - Undefined Weak Reference
    _clock_init                               - Undefined Weak Reference
    _microlib_exit                            - Undefined Weak Reference
    __Vectors_Size                           0x0000020c   Number         0  startup_at32f435_437.o ABSOLUTE
    __Vectors                                0x08000000   Data           4  startup_at32f435_437.o(RESET)
    __Vectors_End                            0x0800020c   Data           0  startup_at32f435_437.o(RESET)
    __main                                   0x0800020d   Thumb Code     0  entry.o(.ARM.Collect$$$$00000000)
    _main_stk                                0x0800020d   Thumb Code     0  entry2.o(.ARM.Collect$$$$00000001)
    _main_scatterload                        0x08000211   Thumb Code     0  entry5.o(.ARM.Collect$$$$00000004)
    __main_after_scatterload                 0x08000215   Thumb Code     0  entry5.o(.ARM.Collect$$$$00000004)
    _main_clock                              0x08000215   Thumb Code     0  entry7b.o(.ARM.Collect$$$$00000008)
    _main_cpp_init                           0x08000215   Thumb Code     0  entry8b.o(.ARM.Collect$$$$0000000A)
    _main_init                               0x08000215   Thumb Code     0  entry9a.o(.ARM.Collect$$$$0000000B)
    __rt_final_cpp                           0x0800021d   Thumb Code     0  entry10a.o(.ARM.Collect$$$$0000000D)
    __rt_final_exit                          0x0800021d   Thumb Code     0  entry11a.o(.ARM.Collect$$$$0000000F)
    Reset_Handler                            0x08000221   Thumb Code     8  startup_at32f435_437.o(.text)
    ACC_IRQHandler                           0x0800023b   Thumb Code     0  startup_at32f435_437.o(.text)
    ADC1_2_3_IRQHandler                      0x0800023b   Thumb Code     0  startup_at32f435_437.o(.text)
    CAN1_RX0_IRQHandler                      0x0800023b   Thumb Code     0  startup_at32f435_437.o(.text)
    CAN1_RX1_IRQHandler                      0x0800023b   Thumb Code     0  startup_at32f435_437.o(.text)
    CAN1_SE_IRQHandler                       0x0800023b   Thumb Code     0  startup_at32f435_437.o(.text)
    CAN1_TX_IRQHandler                       0x0800023b   Thumb Code     0  startup_at32f435_437.o(.text)
    CAN2_RX0_IRQHandler                      0x0800023b   Thumb Code     0  startup_at32f435_437.o(.text)
    CAN2_RX1_IRQHandler                      0x0800023b   Thumb Code     0  startup_at32f435_437.o(.text)
    CAN2_SE_IRQHandler                       0x0800023b   Thumb Code     0  startup_at32f435_437.o(.text)
    CAN2_TX_IRQHandler                       0x0800023b   Thumb Code     0  startup_at32f435_437.o(.text)
    CRM_IRQHandler                           0x0800023b   Thumb Code     0  startup_at32f435_437.o(.text)
    DMA1_Channel1_IRQHandler                 0x0800023b   Thumb Code     0  startup_at32f435_437.o(.text)
    DMA1_Channel2_IRQHandler                 0x0800023b   Thumb Code     0  startup_at32f435_437.o(.text)
    DMA1_Channel3_IRQHandler                 0x0800023b   Thumb Code     0  startup_at32f435_437.o(.text)
    DMA1_Channel4_IRQHandler                 0x0800023b   Thumb Code     0  startup_at32f435_437.o(.text)
    DMA1_Channel5_IRQHandler                 0x0800023b   Thumb Code     0  startup_at32f435_437.o(.text)
    DMA1_Channel6_IRQHandler                 0x0800023b   Thumb Code     0  startup_at32f435_437.o(.text)
    DMA1_Channel7_IRQHandler                 0x0800023b   Thumb Code     0  startup_at32f435_437.o(.text)
    DMA2_Channel1_IRQHandler                 0x0800023b   Thumb Code     0  startup_at32f435_437.o(.text)
    DMA2_Channel2_IRQHandler                 0x0800023b   Thumb Code     0  startup_at32f435_437.o(.text)
    DMA2_Channel3_IRQHandler                 0x0800023b   Thumb Code     0  startup_at32f435_437.o(.text)
    DMA2_Channel4_IRQHandler                 0x0800023b   Thumb Code     0  startup_at32f435_437.o(.text)
    DMA2_Channel5_IRQHandler                 0x0800023b   Thumb Code     0  startup_at32f435_437.o(.text)
    DMA2_Channel6_IRQHandler                 0x0800023b   Thumb Code     0  startup_at32f435_437.o(.text)
    DMA2_Channel7_IRQHandler                 0x0800023b   Thumb Code     0  startup_at32f435_437.o(.text)
    DMAMUX_IRQHandler                        0x0800023b   Thumb Code     0  startup_at32f435_437.o(.text)
    DVP_IRQHandler                           0x0800023b   Thumb Code     0  startup_at32f435_437.o(.text)
    EDMA_Stream1_IRQHandler                  0x0800023b   Thumb Code     0  startup_at32f435_437.o(.text)
    EDMA_Stream2_IRQHandler                  0x0800023b   Thumb Code     0  startup_at32f435_437.o(.text)
    EDMA_Stream3_IRQHandler                  0x0800023b   Thumb Code     0  startup_at32f435_437.o(.text)
    EDMA_Stream4_IRQHandler                  0x0800023b   Thumb Code     0  startup_at32f435_437.o(.text)
    EDMA_Stream5_IRQHandler                  0x0800023b   Thumb Code     0  startup_at32f435_437.o(.text)
    EDMA_Stream6_IRQHandler                  0x0800023b   Thumb Code     0  startup_at32f435_437.o(.text)
    EDMA_Stream7_IRQHandler                  0x0800023b   Thumb Code     0  startup_at32f435_437.o(.text)
    EDMA_Stream8_IRQHandler                  0x0800023b   Thumb Code     0  startup_at32f435_437.o(.text)
    EMAC_IRQHandler                          0x0800023b   Thumb Code     0  startup_at32f435_437.o(.text)
    EMAC_WKUP_IRQHandler                     0x0800023b   Thumb Code     0  startup_at32f435_437.o(.text)
    ERTCAlarm_IRQHandler                     0x0800023b   Thumb Code     0  startup_at32f435_437.o(.text)
    ERTC_WKUP_IRQHandler                     0x0800023b   Thumb Code     0  startup_at32f435_437.o(.text)
    EXINT0_IRQHandler                        0x0800023b   Thumb Code     0  startup_at32f435_437.o(.text)
    EXINT15_10_IRQHandler                    0x0800023b   Thumb Code     0  startup_at32f435_437.o(.text)
    EXINT1_IRQHandler                        0x0800023b   Thumb Code     0  startup_at32f435_437.o(.text)
    EXINT2_IRQHandler                        0x0800023b   Thumb Code     0  startup_at32f435_437.o(.text)
    EXINT3_IRQHandler                        0x0800023b   Thumb Code     0  startup_at32f435_437.o(.text)
    EXINT4_IRQHandler                        0x0800023b   Thumb Code     0  startup_at32f435_437.o(.text)
    EXINT9_5_IRQHandler                      0x0800023b   Thumb Code     0  startup_at32f435_437.o(.text)
    FLASH_IRQHandler                         0x0800023b   Thumb Code     0  startup_at32f435_437.o(.text)
    FPU_IRQHandler                           0x0800023b   Thumb Code     0  startup_at32f435_437.o(.text)
    I2C1_ERR_IRQHandler                      0x0800023b   Thumb Code     0  startup_at32f435_437.o(.text)
    I2C1_EVT_IRQHandler                      0x0800023b   Thumb Code     0  startup_at32f435_437.o(.text)
    I2C2_ERR_IRQHandler                      0x0800023b   Thumb Code     0  startup_at32f435_437.o(.text)
    I2C2_EVT_IRQHandler                      0x0800023b   Thumb Code     0  startup_at32f435_437.o(.text)
    I2C3_ERR_IRQHandler                      0x0800023b   Thumb Code     0  startup_at32f435_437.o(.text)
    I2C3_EVT_IRQHandler                      0x0800023b   Thumb Code     0  startup_at32f435_437.o(.text)
    OTGFS1_IRQHandler                        0x0800023b   Thumb Code     0  startup_at32f435_437.o(.text)
    OTGFS1_WKUP_IRQHandler                   0x0800023b   Thumb Code     0  startup_at32f435_437.o(.text)
    OTGFS2_IRQHandler                        0x0800023b   Thumb Code     0  startup_at32f435_437.o(.text)
    OTGFS2_WKUP_IRQHandler                   0x0800023b   Thumb Code     0  startup_at32f435_437.o(.text)
    PVM_IRQHandler                           0x0800023b   Thumb Code     0  startup_at32f435_437.o(.text)
    QSPI1_IRQHandler                         0x0800023b   Thumb Code     0  startup_at32f435_437.o(.text)
    QSPI2_IRQHandler                         0x0800023b   Thumb Code     0  startup_at32f435_437.o(.text)
    SDIO1_IRQHandler                         0x0800023b   Thumb Code     0  startup_at32f435_437.o(.text)
    SDIO2_IRQHandler                         0x0800023b   Thumb Code     0  startup_at32f435_437.o(.text)
    SPI1_IRQHandler                          0x0800023b   Thumb Code     0  startup_at32f435_437.o(.text)
    SPI2_I2S2EXT_IRQHandler                  0x0800023b   Thumb Code     0  startup_at32f435_437.o(.text)
    SPI3_I2S3EXT_IRQHandler                  0x0800023b   Thumb Code     0  startup_at32f435_437.o(.text)
    SPI4_IRQHandler                          0x0800023b   Thumb Code     0  startup_at32f435_437.o(.text)
    TAMP_STAMP_IRQHandler                    0x0800023b   Thumb Code     0  startup_at32f435_437.o(.text)
    TMR1_BRK_TMR9_IRQHandler                 0x0800023b   Thumb Code     0  startup_at32f435_437.o(.text)
    TMR1_CH_IRQHandler                       0x0800023b   Thumb Code     0  startup_at32f435_437.o(.text)
    TMR1_OVF_TMR10_IRQHandler                0x0800023b   Thumb Code     0  startup_at32f435_437.o(.text)
    TMR1_TRG_HALL_TMR11_IRQHandler           0x0800023b   Thumb Code     0  startup_at32f435_437.o(.text)
    TMR20_BRK_IRQHandler                     0x0800023b   Thumb Code     0  startup_at32f435_437.o(.text)
    TMR20_CH_IRQHandler                      0x0800023b   Thumb Code     0  startup_at32f435_437.o(.text)
    TMR20_OVF_IRQHandler                     0x0800023b   Thumb Code     0  startup_at32f435_437.o(.text)
    TMR20_TRG_HALL_IRQHandler                0x0800023b   Thumb Code     0  startup_at32f435_437.o(.text)
    TMR2_GLOBAL_IRQHandler                   0x0800023b   Thumb Code     0  startup_at32f435_437.o(.text)
    TMR3_GLOBAL_IRQHandler                   0x0800023b   Thumb Code     0  startup_at32f435_437.o(.text)
    TMR4_GLOBAL_IRQHandler                   0x0800023b   Thumb Code     0  startup_at32f435_437.o(.text)
    TMR5_GLOBAL_IRQHandler                   0x0800023b   Thumb Code     0  startup_at32f435_437.o(.text)
    TMR6_DAC_GLOBAL_IRQHandler               0x0800023b   Thumb Code     0  startup_at32f435_437.o(.text)
    TMR7_GLOBAL_IRQHandler                   0x0800023b   Thumb Code     0  startup_at32f435_437.o(.text)
    TMR8_BRK_TMR12_IRQHandler                0x0800023b   Thumb Code     0  startup_at32f435_437.o(.text)
    TMR8_CH_IRQHandler                       0x0800023b   Thumb Code     0  startup_at32f435_437.o(.text)
    TMR8_OVF_TMR13_IRQHandler                0x0800023b   Thumb Code     0  startup_at32f435_437.o(.text)
    TMR8_TRG_HALL_TMR14_IRQHandler           0x0800023b   Thumb Code     0  startup_at32f435_437.o(.text)
    UART4_IRQHandler                         0x0800023b   Thumb Code     0  startup_at32f435_437.o(.text)
    UART5_IRQHandler                         0x0800023b   Thumb Code     0  startup_at32f435_437.o(.text)
    UART7_IRQHandler                         0x0800023b   Thumb Code     0  startup_at32f435_437.o(.text)
    UART8_IRQHandler                         0x0800023b   Thumb Code     0  startup_at32f435_437.o(.text)
    USART1_IRQHandler                        0x0800023b   Thumb Code     0  startup_at32f435_437.o(.text)
    USART2_IRQHandler                        0x0800023b   Thumb Code     0  startup_at32f435_437.o(.text)
    USART3_IRQHandler                        0x0800023b   Thumb Code     0  startup_at32f435_437.o(.text)
    USART6_IRQHandler                        0x0800023b   Thumb Code     0  startup_at32f435_437.o(.text)
    WWDT_IRQHandler                          0x0800023b   Thumb Code     0  startup_at32f435_437.o(.text)
    XMC_IRQHandler                           0x0800023b   Thumb Code     0  startup_at32f435_437.o(.text)
    __aeabi_uldivmod                         0x08000245   Thumb Code    98  uldiv.o(.text)
    __aeabi_uidiv                            0x080002a7   Thumb Code     0  uidiv.o(.text)
    __aeabi_uidivmod                         0x080002a7   Thumb Code    44  uidiv.o(.text)
    __aeabi_llsl                             0x080002d3   Thumb Code    30  llshl.o(.text)
    _ll_shift_l                              0x080002d3   Thumb Code     0  llshl.o(.text)
    __aeabi_llsr                             0x080002f1   Thumb Code    32  llushr.o(.text)
    _ll_ushift_r                             0x080002f1   Thumb Code     0  llushr.o(.text)
    __scatterload                            0x08000311   Thumb Code    28  init.o(.text)
    __scatterload_rt2                        0x08000311   Thumb Code     0  init.o(.text)
    BusFault_Handler                         0x08000335   Thumb Code     4  at32f435_437_int.o(i.BusFault_Handler)
    DebugMon_Handler                         0x08000339   Thumb Code     2  at32f435_437_int.o(i.DebugMon_Handler)
    HardFault_Handler                        0x0800033b   Thumb Code     4  at32f435_437_int.o(i.HardFault_Handler)
    MemManage_Handler                        0x0800033f   Thumb Code     4  at32f435_437_int.o(i.MemManage_Handler)
    NMI_Handler                              0x08000343   Thumb Code     2  at32f435_437_int.o(i.NMI_Handler)
    PendSV_Handler                           0x08000345   Thumb Code     2  at32f435_437_int.o(i.PendSV_Handler)
    SVC_Handler                              0x08000347   Thumb Code     2  at32f435_437_int.o(i.SVC_Handler)
    SysTick_Handler                          0x08000349   Thumb Code     2  at32f435_437_int.o(i.SysTick_Handler)
    SystemInit                               0x0800034d   Thumb Code   128  system_at32f435_437.o(i.SystemInit)
    UsageFault_Handler                       0x080003dd   Thumb Code     4  at32f435_437_int.o(i.UsageFault_Handler)
    __0printf$1                              0x080003e1   Thumb Code    22  printf1.o(i.__0printf$1)
    __1printf$1                              0x080003e1   Thumb Code     0  printf1.o(i.__0printf$1)
    __2printf                                0x080003e1   Thumb Code     0  printf1.o(i.__0printf$1)
    __scatterload_copy                       0x08000401   Thumb Code    14  handlers.o(i.__scatterload_copy)
    __scatterload_null                       0x0800040f   Thumb Code     2  handlers.o(i.__scatterload_null)
    __scatterload_zeroinit                   0x08000411   Thumb Code    14  handlers.o(i.__scatterload_zeroinit)
    at32_board_init                          0x08000575   Thumb Code     8  at32f435_437_board.o(i.at32_board_init)
    at32_gpio_init                           0x0800057d   Thumb Code    66  device_gpio.o(i.at32_gpio_init)
    crm_ahb_div_set                          0x080005c1   Thumb Code    14  at32f435_437_crm.o(i.crm_ahb_div_set)
    crm_apb1_div_set                         0x080005d5   Thumb Code    14  at32f435_437_crm.o(i.crm_apb1_div_set)
    crm_apb2_div_set                         0x080005e9   Thumb Code    14  at32f435_437_crm.o(i.crm_apb2_div_set)
    crm_auto_step_mode_enable                0x080005fd   Thumb Code    34  at32f435_437_crm.o(i.crm_auto_step_mode_enable)
    crm_clock_source_enable                  0x08000625   Thumb Code    98  at32f435_437_crm.o(i.crm_clock_source_enable)
    crm_clocks_freq_get                      0x0800068d   Thumb Code   242  at32f435_437_crm.o(i.crm_clocks_freq_get)
    crm_flag_get                             0x0800079d   Thumb Code    44  at32f435_437_crm.o(i.crm_flag_get)
    crm_hext_stable_wait                     0x080007cd   Thumb Code    46  at32f435_437_crm.o(i.crm_hext_stable_wait)
    crm_periph_clock_enable                  0x080007fd   Thumb Code    70  at32f435_437_crm.o(i.crm_periph_clock_enable)
    crm_pll_config                           0x08000849   Thumb Code    68  at32f435_437_crm.o(i.crm_pll_config)
    crm_reset                                0x08000891   Thumb Code   106  at32f435_437_crm.o(i.crm_reset)
    crm_sysclk_switch                        0x08000909   Thumb Code    14  at32f435_437_crm.o(i.crm_sysclk_switch)
    crm_sysclk_switch_status_get             0x0800091d   Thumb Code    10  at32f435_437_crm.o(i.crm_sysclk_switch_status_get)
    delay_init                               0x0800092d   Thumb Code    38  at32f435_437_board.o(i.delay_init)
    delay_ms                                 0x08000965   Thumb Code   110  at32f435_437_board.o(i.delay_ms)
    fputc                                    0x080009d9   Thumb Code    32  at32f435_437_board.o(i.fputc)
    gpio_bits_write                          0x080009fd   Thumb Code    10  at32f435_437_gpio.o(i.gpio_bits_write)
    gpio_default_para_init                   0x08000a07   Thumb Code    20  at32f435_437_gpio.o(i.gpio_default_para_init)
    gpio_init                                0x08000a1b   Thumb Code   122  at32f435_437_gpio.o(i.gpio_init)
    gpio_input_data_bit_read                 0x08000a95   Thumb Code    18  at32f435_437_gpio.o(i.gpio_input_data_bit_read)
    gpio_output_data_bit_read                0x08000aa7   Thumb Code    18  at32f435_437_gpio.o(i.gpio_output_data_bit_read)
    gpio_pin_mux_config                      0x08000ab9   Thumb Code    66  at32f435_437_gpio.o(i.gpio_pin_mux_config)
    gpio_read                                0x08000afb   Thumb Code    30  device_gpio.o(i.gpio_read)
    gpio_register                            0x08000b19   Thumb Code    62  bsp_led.o(i.gpio_register)
    gpio_write                               0x08000b61   Thumb Code    28  device_gpio.o(i.gpio_write)
    key0_read                                0x08000b7d   Thumb Code    22  bsp_led.o(i.key0_read)
    led0_blink                               0x08000bad   Thumb Code    40  bsp_led.o(i.led0_blink)
    led_int                                  0x08000bd9   Thumb Code    88  bsp_led.o(i.led_int)
    main                                     0x08000c7d   Thumb Code    42  main.o(i.main)
    system_clock_config                      0x08000cb9   Thumb Code   144  at32f435_437_clock.o(i.system_clock_config)
    system_core_clock_update                 0x08000d55   Thumb Code   214  system_at32f435_437.o(i.system_core_clock_update)
    systick_clock_source_config              0x08000e45   Thumb Code    40  at32f435_437_misc.o(i.systick_clock_source_config)
    uart_print_init                          0x08000e6d   Thumb Code   104  at32f435_437_board.o(i.uart_print_init)
    usart_data_transmit                      0x08000ee1   Thumb Code     8  at32f435_437_usart.o(i.usart_data_transmit)
    usart_enable                             0x08000ee9   Thumb Code    10  at32f435_437_usart.o(i.usart_enable)
    usart_flag_get                           0x08000ef3   Thumb Code    16  at32f435_437_usart.o(i.usart_flag_get)
    usart_init                               0x08000f05   Thumb Code   162  at32f435_437_usart.o(i.usart_init)
    usart_transmitter_enable                 0x08000fb1   Thumb Code    10  at32f435_437_usart.o(i.usart_transmitter_enable)
    Region$$Table$$Base                      0x08000ff8   Number         0  anon$$obj.o(Region$$Table)
    Region$$Table$$Limit                     0x08001018   Number         0  anon$$obj.o(Region$$Table)
    __stdout                                 0x20000008   Data           4  at32f435_437_board.o(.data)
    system_core_clock                        0x2000000c   Data           4  system_at32f435_437.o(.data)
    __initial_sp                             0x20000488   Data           0  startup_at32f435_437.o(STACK)



==============================================================================

Memory Map of the image

  Image Entry point : 0x0800020d

  Load Region LR_IROM1 (Base: 0x08000000, Size: 0x00001028, Max: 0x00100000, ABSOLUTE)

    Execution Region ER_IROM1 (Exec base: 0x08000000, Load base: 0x08000000, Size: 0x00001018, Max: 0x00100000, ABSOLUTE)

    Exec Addr    Load Addr    Size         Type   Attr      Idx    E Section Name        Object

    0x08000000   0x08000000   0x0000020c   Data   RO         5760    RESET               startup_at32f435_437.o
    0x0800020c   0x0800020c   0x00000000   Code   RO         5765  * .ARM.Collect$$$$00000000  mc_w.l(entry.o)
    0x0800020c   0x0800020c   0x00000004   Code   RO         6031    .ARM.Collect$$$$00000001  mc_w.l(entry2.o)
    0x08000210   0x08000210   0x00000004   Code   RO         6034    .ARM.Collect$$$$00000004  mc_w.l(entry5.o)
    0x08000214   0x08000214   0x00000000   Code   RO         6036    .ARM.Collect$$$$00000008  mc_w.l(entry7b.o)
    0x08000214   0x08000214   0x00000000   Code   RO         6038    .ARM.Collect$$$$0000000A  mc_w.l(entry8b.o)
    0x08000214   0x08000214   0x00000008   Code   RO         6039    .ARM.Collect$$$$0000000B  mc_w.l(entry9a.o)
    0x0800021c   0x0800021c   0x00000000   Code   RO         6041    .ARM.Collect$$$$0000000D  mc_w.l(entry10a.o)
    0x0800021c   0x0800021c   0x00000000   Code   RO         6043    .ARM.Collect$$$$0000000F  mc_w.l(entry11a.o)
    0x0800021c   0x0800021c   0x00000004   Code   RO         6032    .ARM.Collect$$$$00002712  mc_w.l(entry2.o)
    0x08000220   0x08000220   0x00000024   Code   RO         5761    .text               startup_at32f435_437.o
    0x08000244   0x08000244   0x00000062   Code   RO         5768    .text               mc_w.l(uldiv.o)
    0x080002a6   0x080002a6   0x0000002c   Code   RO         6045    .text               mc_w.l(uidiv.o)
    0x080002d2   0x080002d2   0x0000001e   Code   RO         6047    .text               mc_w.l(llshl.o)
    0x080002f0   0x080002f0   0x00000020   Code   RO         6049    .text               mc_w.l(llushr.o)
    0x08000310   0x08000310   0x00000024   Code   RO         6062    .text               mc_w.l(init.o)
    0x08000334   0x08000334   0x00000004   Code   RO          150    i.BusFault_Handler  at32f435_437_int.o
    0x08000338   0x08000338   0x00000002   Code   RO          151    i.DebugMon_Handler  at32f435_437_int.o
    0x0800033a   0x0800033a   0x00000004   Code   RO          152    i.HardFault_Handler  at32f435_437_int.o
    0x0800033e   0x0800033e   0x00000004   Code   RO          153    i.MemManage_Handler  at32f435_437_int.o
    0x08000342   0x08000342   0x00000002   Code   RO          154    i.NMI_Handler       at32f435_437_int.o
    0x08000344   0x08000344   0x00000002   Code   RO          155    i.PendSV_Handler    at32f435_437_int.o
    0x08000346   0x08000346   0x00000002   Code   RO          156    i.SVC_Handler       at32f435_437_int.o
    0x08000348   0x08000348   0x00000002   Code   RO          157    i.SysTick_Handler   at32f435_437_int.o
    0x0800034a   0x0800034a   0x00000002   PAD
    0x0800034c   0x0800034c   0x00000090   Code   RO         5724    i.SystemInit        system_at32f435_437.o
    0x080003dc   0x080003dc   0x00000004   Code   RO          158    i.UsageFault_Handler  at32f435_437_int.o
    0x080003e0   0x080003e0   0x00000020   Code   RO         5815    i.__0printf$1       mc_w.l(printf1.o)
    0x08000400   0x08000400   0x0000000e   Code   RO         6070    i.__scatterload_copy  mc_w.l(handlers.o)
    0x0800040e   0x0800040e   0x00000002   Code   RO         6071    i.__scatterload_null  mc_w.l(handlers.o)
    0x08000410   0x08000410   0x0000000e   Code   RO         6072    i.__scatterload_zeroinit  mc_w.l(handlers.o)
    0x0800041e   0x0800041e   0x00000002   PAD
    0x08000420   0x08000420   0x00000154   Code   RO         5822    i._printf_core      mc_w.l(printf1.o)
    0x08000574   0x08000574   0x00000008   Code   RO          308    i.at32_board_init   at32f435_437_board.o
    0x0800057c   0x0800057c   0x00000042   Code   RO          385    i.at32_gpio_init    device_gpio.o
    0x080005be   0x080005be   0x00000002   PAD
    0x080005c0   0x080005c0   0x00000014   Code   RO         1054    i.crm_ahb_div_set   at32f435_437_crm.o
    0x080005d4   0x080005d4   0x00000014   Code   RO         1055    i.crm_apb1_div_set  at32f435_437_crm.o
    0x080005e8   0x080005e8   0x00000014   Code   RO         1056    i.crm_apb2_div_set  at32f435_437_crm.o
    0x080005fc   0x080005fc   0x00000028   Code   RO         1057    i.crm_auto_step_mode_enable  at32f435_437_crm.o
    0x08000624   0x08000624   0x00000068   Code   RO         1064    i.crm_clock_source_enable  at32f435_437_crm.o
    0x0800068c   0x0800068c   0x00000110   Code   RO         1065    i.crm_clocks_freq_get  at32f435_437_crm.o
    0x0800079c   0x0800079c   0x00000030   Code   RO         1070    i.crm_flag_get      at32f435_437_crm.o
    0x080007cc   0x080007cc   0x0000002e   Code   RO         1072    i.crm_hext_stable_wait  at32f435_437_crm.o
    0x080007fa   0x080007fa   0x00000002   PAD
    0x080007fc   0x080007fc   0x0000004c   Code   RO         1079    i.crm_periph_clock_enable  at32f435_437_crm.o
    0x08000848   0x08000848   0x00000048   Code   RO         1082    i.crm_pll_config    at32f435_437_crm.o
    0x08000890   0x08000890   0x00000078   Code   RO         1084    i.crm_reset         at32f435_437_crm.o
    0x08000908   0x08000908   0x00000014   Code   RO         1085    i.crm_sysclk_switch  at32f435_437_crm.o
    0x0800091c   0x0800091c   0x00000010   Code   RO         1086    i.crm_sysclk_switch_status_get  at32f435_437_crm.o
    0x0800092c   0x0800092c   0x00000038   Code   RO          309    i.delay_init        at32f435_437_board.o
    0x08000964   0x08000964   0x00000074   Code   RO          310    i.delay_ms          at32f435_437_board.o
    0x080009d8   0x080009d8   0x00000024   Code   RO          313    i.fputc             at32f435_437_board.o
    0x080009fc   0x080009fc   0x0000000a   Code   RO         3484    i.gpio_bits_write   at32f435_437_gpio.o
    0x08000a06   0x08000a06   0x00000014   Code   RO         3485    i.gpio_default_para_init  at32f435_437_gpio.o
    0x08000a1a   0x08000a1a   0x0000007a   Code   RO         3486    i.gpio_init         at32f435_437_gpio.o
    0x08000a94   0x08000a94   0x00000012   Code   RO         3487    i.gpio_input_data_bit_read  at32f435_437_gpio.o
    0x08000aa6   0x08000aa6   0x00000012   Code   RO         3489    i.gpio_output_data_bit_read  at32f435_437_gpio.o
    0x08000ab8   0x08000ab8   0x00000042   Code   RO         3491    i.gpio_pin_mux_config  at32f435_437_gpio.o
    0x08000afa   0x08000afa   0x0000001e   Code   RO          386    i.gpio_read         device_gpio.o
    0x08000b18   0x08000b18   0x00000048   Code   RO          262    i.gpio_register     bsp_led.o
    0x08000b60   0x08000b60   0x0000001c   Code   RO          387    i.gpio_write        device_gpio.o
    0x08000b7c   0x08000b7c   0x00000030   Code   RO          263    i.key0_read         bsp_led.o
    0x08000bac   0x08000bac   0x0000002c   Code   RO          264    i.led0_blink        bsp_led.o
    0x08000bd8   0x08000bd8   0x000000a4   Code   RO          265    i.led_int           bsp_led.o
    0x08000c7c   0x08000c7c   0x0000003c   Code   RO          225    i.main              main.o
    0x08000cb8   0x08000cb8   0x0000009c   Code   RO            4    i.system_clock_config  at32f435_437_clock.o
    0x08000d54   0x08000d54   0x000000f0   Code   RO         5725    i.system_core_clock_update  system_at32f435_437.o
    0x08000e44   0x08000e44   0x00000028   Code   RO         3848    i.systick_clock_source_config  at32f435_437_misc.o
    0x08000e6c   0x08000e6c   0x00000074   Code   RO          314    i.uart_print_init   at32f435_437_board.o
    0x08000ee0   0x08000ee0   0x00000008   Code   RO         4901    i.usart_data_transmit  at32f435_437_usart.o
    0x08000ee8   0x08000ee8   0x0000000a   Code   RO         4905    i.usart_enable      at32f435_437_usart.o
    0x08000ef2   0x08000ef2   0x00000010   Code   RO         4907    i.usart_flag_get    at32f435_437_usart.o
    0x08000f02   0x08000f02   0x00000002   PAD
    0x08000f04   0x08000f04   0x000000ac   Code   RO         4910    i.usart_init        at32f435_437_usart.o
    0x08000fb0   0x08000fb0   0x0000000a   Code   RO         4927    i.usart_transmitter_enable  at32f435_437_usart.o
    0x08000fba   0x08000fba   0x00000026   Data   RO         1089    .constdata          at32f435_437_crm.o
    0x08000fe0   0x08000fe0   0x00000016   Data   RO         5726    .constdata          system_at32f435_437.o
    0x08000ff6   0x08000ff6   0x00000002   PAD
    0x08000ff8   0x08000ff8   0x00000020   Data   RO         6068    Region$$Table       anon$$obj.o


    Execution Region RW_IRAM1 (Exec base: 0x20000000, Load base: 0x08001018, Size: 0x00000488, Max: 0x00060000, ABSOLUTE)

    Exec Addr    Load Addr    Size         Type   Attr      Idx    E Section Name        Object

    0x20000000   0x08001018   0x0000000c   Data   RW          315    .data               at32f435_437_board.o
    0x2000000c   0x08001024   0x00000004   Data   RW         5727    .data               system_at32f435_437.o
    0x20000010        -       0x00000078   Zero   RW          266    .bss                bsp_led.o
    0x20000088        -       0x00000400   Zero   RW         5758    STACK               startup_at32f435_437.o


==============================================================================

Image component sizes


      Code (inc. data)   RO Data    RW Data    ZI Data      Debug   Object Name

       332         40          0         12          0       4502   at32f435_437_board.o
       156         12          0          0          0      45006   at32f435_437_clock.o
       874        106         38          0          0       7780   at32f435_437_crm.o
       254          0          0          0          0       4016   at32f435_437_gpio.o
        26          0          0          0          0       4042   at32f435_437_int.o
        40          0          0          0          0        534   at32f435_437_misc.o
       216         10          0          0          0       3338   at32f435_437_usart.o
       328        116          0          0        120       2203   bsp_led.o
       124          0          0          0          0       1926   device_gpio.o
        60         18          0          0          0       1171   main.o
        36          8        524          0       1024        864   startup_at32f435_437.o
       384         42         22          4          0       2028   system_at32f435_437.o

    ----------------------------------------------------------------------
      2838        352        618         16       1144      77410   Object Totals
         0          0         32          0          0          0   (incl. Generated)
         8          0          2          0          0          0   (incl. Padding)

    ----------------------------------------------------------------------

      Code (inc. data)   RO Data    RW Data    ZI Data      Debug   Library Member Name

         0          0          0          0          0          0   entry.o
         0          0          0          0          0          0   entry10a.o
         0          0          0          0          0          0   entry11a.o
         8          4          0          0          0          0   entry2.o
         4          0          0          0          0          0   entry5.o
         0          0          0          0          0          0   entry7b.o
         0          0          0          0          0          0   entry8b.o
         8          4          0          0          0          0   entry9a.o
        30          0          0          0          0          0   handlers.o
        36          8          0          0          0         68   init.o
        30          0          0          0          0         68   llshl.o
        32          0          0          0          0         68   llushr.o
       372         14          0          0          0        184   printf1.o
        44          0          0          0          0         80   uidiv.o
        98          0          0          0          0         92   uldiv.o

    ----------------------------------------------------------------------
       664         30          0          0          0        560   Library Totals
         2          0          0          0          0          0   (incl. Padding)

    ----------------------------------------------------------------------

      Code (inc. data)   RO Data    RW Data    ZI Data      Debug   Library Name

       662         30          0          0          0        560   mc_w.l

    ----------------------------------------------------------------------
       664         30          0          0          0        560   Library Totals

    ----------------------------------------------------------------------

==============================================================================


      Code (inc. data)   RO Data    RW Data    ZI Data      Debug   

      3502        382        618         16       1144      73566   Grand Totals
      3502        382        618         16       1144      73566   ELF Image Totals
      3502        382        618         16          0          0   ROM Totals

==============================================================================

    Total RO  Size (Code + RO Data)                 4120 (   4.02kB)
    Total RW  Size (RW Data + ZI Data)              1160 (   1.13kB)
    Total ROM Size (Code + RO Data + RW Data)       4136 (   4.04kB)

==============================================================================

