Component: ARM Compiler 5.06 update 6 (build 750) Tool: armlink [4d35ed]

==============================================================================

Section Cross References

    at32f435_437_clock.o(i.system_clock_config) refers to at32f435_437_crm.o(i.crm_reset) for crm_reset
    at32f435_437_clock.o(i.system_clock_config) refers to at32f435_437_crm.o(i.crm_periph_clock_enable) for crm_periph_clock_enable
    at32f435_437_clock.o(i.system_clock_config) refers to at32f435_437_crm.o(i.crm_clock_source_enable) for crm_clock_source_enable
    at32f435_437_clock.o(i.system_clock_config) refers to at32f435_437_crm.o(i.crm_hext_stable_wait) for crm_hext_stable_wait
    at32f435_437_clock.o(i.system_clock_config) refers to at32f435_437_crm.o(i.crm_pll_config) for crm_pll_config
    at32f435_437_clock.o(i.system_clock_config) refers to at32f435_437_crm.o(i.crm_flag_get) for crm_flag_get
    at32f435_437_clock.o(i.system_clock_config) refers to at32f435_437_crm.o(i.crm_ahb_div_set) for crm_ahb_div_set
    at32f435_437_clock.o(i.system_clock_config) refers to at32f435_437_crm.o(i.crm_apb2_div_set) for crm_apb2_div_set
    at32f435_437_clock.o(i.system_clock_config) refers to at32f435_437_crm.o(i.crm_apb1_div_set) for crm_apb1_div_set
    at32f435_437_clock.o(i.system_clock_config) refers to at32f435_437_crm.o(i.crm_auto_step_mode_enable) for crm_auto_step_mode_enable
    at32f435_437_clock.o(i.system_clock_config) refers to at32f435_437_crm.o(i.crm_sysclk_switch) for crm_sysclk_switch
    at32f435_437_clock.o(i.system_clock_config) refers to at32f435_437_crm.o(i.crm_sysclk_switch_status_get) for crm_sysclk_switch_status_get
    at32f435_437_clock.o(i.system_clock_config) refers to system_at32f435_437.o(i.system_core_clock_update) for system_core_clock_update
    main.o(i.main) refers to at32f435_437_clock.o(i.system_clock_config) for system_clock_config
    main.o(i.main) refers to at32f435_437_board.o(i.at32_board_init) for at32_board_init
    main.o(i.main) refers to at32f435_437_board.o(i.uart_print_init) for uart_print_init
    main.o(i.main) refers to printf1.o(i.__0printf$1) for __2printf
    main.o(i.main) refers to bsp_led.o(i.led_int) for led_int
    main.o(i.main) refers to bsp_led.o(i.gpio_register) for gpio_register
    main.o(i.main) refers to bsp_led.o(i.led0_blink) for led0_blink
    main.o(i.main) refers to bsp_led.o(i.key0_read) for key0_read
    bsp_led.o(i.gpio_register) refers to device_gpio.o(i.at32_gpio_init) for at32_gpio_init
    bsp_led.o(i.gpio_register) refers to bsp_led.o(.bss) for .bss
    bsp_led.o(i.key0_read) refers to device_gpio.o(i.gpio_read) for gpio_read
    bsp_led.o(i.key0_read) refers to printf1.o(i.__0printf$1) for __2printf
    bsp_led.o(i.key0_read) refers to bsp_led.o(.bss) for .bss
    bsp_led.o(i.key0_read) refers to bsp_led.o(.data) for .data
    bsp_led.o(i.led0_blink) refers to device_gpio.o(i.gpio_write) for gpio_write
    bsp_led.o(i.led0_blink) refers to at32f435_437_board.o(i.delay_ms) for delay_ms
    bsp_led.o(i.led0_blink) refers to bsp_led.o(.bss) for .bss
    bsp_led.o(i.led_int) refers to printf1.o(i.__0printf$1) for __2printf
    bsp_led.o(i.led_int) refers to bsp_led.o(.bss) for .bss
    at32f435_437_board.o(i.at32_board_init) refers to at32f435_437_board.o(i.delay_init) for delay_init
    at32f435_437_board.o(i.delay_init) refers to at32f435_437_misc.o(i.systick_clock_source_config) for systick_clock_source_config
    at32f435_437_board.o(i.delay_init) refers to system_at32f435_437.o(.data) for system_core_clock
    at32f435_437_board.o(i.delay_init) refers to at32f435_437_board.o(.data) for .data
    at32f435_437_board.o(i.delay_ms) refers to at32f435_437_board.o(.data) for .data
    at32f435_437_board.o(i.delay_sec) refers to at32f435_437_board.o(i.delay_ms) for delay_ms
    at32f435_437_board.o(i.delay_us) refers to at32f435_437_board.o(.data) for .data
    at32f435_437_board.o(i.fputc) refers to at32f435_437_usart.o(i.usart_flag_get) for usart_flag_get
    at32f435_437_board.o(i.fputc) refers to at32f435_437_usart.o(i.usart_data_transmit) for usart_data_transmit
    at32f435_437_board.o(i.uart_print_init) refers to at32f435_437_crm.o(i.crm_periph_clock_enable) for crm_periph_clock_enable
    at32f435_437_board.o(i.uart_print_init) refers to at32f435_437_gpio.o(i.gpio_default_para_init) for gpio_default_para_init
    at32f435_437_board.o(i.uart_print_init) refers to at32f435_437_gpio.o(i.gpio_init) for gpio_init
    at32f435_437_board.o(i.uart_print_init) refers to at32f435_437_gpio.o(i.gpio_pin_mux_config) for gpio_pin_mux_config
    at32f435_437_board.o(i.uart_print_init) refers to at32f435_437_usart.o(i.usart_init) for usart_init
    at32f435_437_board.o(i.uart_print_init) refers to at32f435_437_usart.o(i.usart_transmitter_enable) for usart_transmitter_enable
    at32f435_437_board.o(i.uart_print_init) refers to at32f435_437_usart.o(i.usart_enable) for usart_enable
[...]
    Removing at32f435_437_emac.o(i.emac_retry_disable), (16 bytes).
    Removing at32f435_437_emac.o(i.emac_srcaddr_filter_set), (16 bytes).
    Removing at32f435_437_emac.o(i.emac_srcaddr_inverse_filter_set), (16 bytes).
    Removing at32f435_437_emac.o(i.emac_start), (42 bytes).
    Removing at32f435_437_emac.o(i.emac_stop), (42 bytes).
    Removing at32f435_437_emac.o(i.emac_transmit_flow_control_enable), (16 bytes).
    Removing at32f435_437_emac.o(i.emac_trasmitter_enable), (32 bytes).
    Removing at32f435_437_emac.o(i.emac_unicast_pause_frame_detect), (16 bytes).
    Removing at32f435_437_emac.o(i.emac_vlan_tag_comparison_set), (16 bytes).
    Removing at32f435_437_emac.o(i.emac_vlan_tag_identifier_set), (16 bytes).
    Removing at32f435_437_emac.o(i.emac_wakeup_frame_enable), (16 bytes).
    Removing at32f435_437_emac.o(i.emac_wakeup_frame_filter_reset), (16 bytes).
    Removing at32f435_437_emac.o(i.emac_wakeup_frame_get), (12 bytes).
    Removing at32f435_437_emac.o(i.emac_wakeup_frame_set), (12 bytes).
    Removing at32f435_437_emac.o(i.emac_watchdog_disable), (16 bytes).
    Removing at32f435_437_emac.o(i.emac_zero_quanta_pause_disable), (16 bytes).
    Removing at32f435_437_emac.o(.data), (8 bytes).
    Removing at32f435_437_ertc.o(.rev16_text), (4 bytes).
    Removing at32f435_437_ertc.o(.revsh_text), (4 bytes).
    Removing at32f435_437_ertc.o(.rrx_text), (6 bytes).
    Removing at32f435_437_ertc.o(i.ertc_alarm_enable), (72 bytes).
    Removing at32f435_437_ertc.o(i.ertc_alarm_get), (112 bytes).
    Removing at32f435_437_ertc.o(i.ertc_alarm_mask_set), (44 bytes).
    Removing at32f435_437_ertc.o(i.ertc_alarm_set), (124 bytes).
    Removing at32f435_437_ertc.o(i.ertc_alarm_sub_second_get), (24 bytes).
    Removing at32f435_437_ertc.o(i.ertc_alarm_sub_second_set), (52 bytes).
    Removing at32f435_437_ertc.o(i.ertc_alarm_week_date_select), (44 bytes).
    Removing at32f435_437_ertc.o(i.ertc_bcd_to_num), (18 bytes).
    Removing at32f435_437_ertc.o(i.ertc_bpr_data_read), (20 bytes).
    Removing at32f435_437_ertc.o(i.ertc_bpr_data_write), (20 bytes).
    Removing at32f435_437_ertc.o(i.ertc_cal_output_enable), (32 bytes).
    Removing at32f435_437_ertc.o(i.ertc_cal_output_select), (32 bytes).
    Removing at32f435_437_ertc.o(i.ertc_calendar_get), (112 bytes).
    Removing at32f435_437_ertc.o(i.ertc_coarse_calibration_enable), (52 bytes).
    Removing at32f435_437_ertc.o(i.ertc_coarse_calibration_set), (64 bytes).
    Removing at32f435_437_ertc.o(i.ertc_date_set), (120 bytes).
    Removing at32f435_437_ertc.o(i.ertc_daylight_bpr_get), (16 bytes).
    Removing at32f435_437_ertc.o(i.ertc_daylight_set), (52 bytes).
    Removing at32f435_437_ertc.o(i.ertc_direct_read_enable), (32 bytes).
    Removing at32f435_437_ertc.o(i.ertc_divider_set), (64 bytes).
    Removing at32f435_437_ertc.o(i.ertc_flag_clear), (28 bytes).
    Removing at32f435_437_ertc.o(i.ertc_flag_get), (20 bytes).
    Removing at32f435_437_ertc.o(i.ertc_hour_mode_set), (56 bytes).
    Removing at32f435_437_ertc.o(i.ertc_init_mode_enter), (52 bytes).
    Removing at32f435_437_ertc.o(i.ertc_init_mode_exit), (16 bytes).
    Removing at32f435_437_ertc.o(i.ertc_interrupt_enable), (68 bytes).
    Removing at32f435_437_ertc.o(i.ertc_interrupt_get), (36 bytes).
    Removing at32f435_437_ertc.o(i.ertc_num_to_bcd), (22 bytes).
    Removing at32f435_437_ertc.o(i.ertc_output_set), (56 bytes).
    Removing at32f435_437_ertc.o(i.ertc_refer_clock_detect_enable), (56 bytes).
    Removing at32f435_437_ertc.o(i.ertc_reset), (124 bytes).
    Removing at32f435_437_ertc.o(i.ertc_smooth_calibration_config), (96 bytes).
    Removing at32f435_437_ertc.o(i.ertc_sub_second_get), (16 bytes).
    Removing at32f435_437_ertc.o(i.ertc_tamper_1_pin_select), (32 bytes).
    Removing at32f435_437_ertc.o(i.ertc_tamper_detect_freq_set), (32 bytes).
    Removing at32f435_437_ertc.o(i.ertc_tamper_enable), (44 bytes).
    Removing at32f435_437_ertc.o(i.ertc_tamper_filter_set), (32 bytes).
    Removing at32f435_437_ertc.o(i.ertc_tamper_precharge_set), (32 bytes).
    Removing at32f435_437_ertc.o(i.ertc_tamper_pull_up_enable), (40 bytes).
    Removing at32f435_437_ertc.o(i.ertc_tamper_timestamp_enable), (32 bytes).
    Removing at32f435_437_ertc.o(i.ertc_tamper_valid_edge_set), (44 bytes).
    Removing at32f435_437_ertc.o(i.ertc_time_adjust), (88 bytes).
    Removing at32f435_437_ertc.o(i.ertc_time_set), (120 bytes).
    Removing at32f435_437_ertc.o(i.ertc_timestamp_enable), (32 bytes).
    Removing at32f435_437_ertc.o(i.ertc_timestamp_get), (108 bytes).
    Removing at32f435_437_ertc.o(i.ertc_timestamp_pin_select), (32 bytes).
    Removing at32f435_437_ertc.o(i.ertc_timestamp_sub_second_get), (12 bytes).
    Removing at32f435_437_ertc.o(i.ertc_timestamp_valid_edge_set), (32 bytes).
    Removing at32f435_437_ertc.o(i.ertc_wait_flag), (44 bytes).
    Removing at32f435_437_ertc.o(i.ertc_wait_update), (44 bytes).
    Removing at32f435_437_ertc.o(i.ertc_wakeup_clock_set), (32 bytes).
    Removing at32f435_437_ertc.o(i.ertc_wakeup_counter_get), (12 bytes).
    Removing at32f435_437_ertc.o(i.ertc_wakeup_counter_set), (32 bytes).
    Removing at32f435_437_ertc.o(i.ertc_wakeup_enable), (52 bytes).
    Removing at32f435_437_ertc.o(i.ertc_write_protect_disable), (16 bytes).
    Removing at32f435_437_ertc.o(i.ertc_write_protect_enable), (12 bytes).
    Removing at32f435_437_exint.o(.rev16_text), (4 bytes).
    Removing at32f435_437_exint.o(.revsh_text), (4 bytes).
    Removing at32f435_437_exint.o(.rrx_text), (6 bytes).
    Removing at32f435_437_exint.o(i.exint_default_para_init), (14 bytes).
    Removing at32f435_437_exint.o(i.exint_event_enable), (24 bytes).
    Removing at32f435_437_exint.o(i.exint_flag_clear), (12 bytes).
    Removing at32f435_437_exint.o(i.exint_flag_get), (20 bytes).
    Removing at32f435_437_exint.o(i.exint_init), (96 bytes).
    Removing at32f435_437_exint.o(i.exint_interrupt_enable), (24 bytes).
    Removing at32f435_437_exint.o(i.exint_reset), (40 bytes).
    Removing at32f435_437_exint.o(i.exint_software_interrupt_event_generate), (16 bytes).
    Removing at32f435_437_flash.o(.rev16_text), (4 bytes).
    Removing at32f435_437_flash.o(.revsh_text), (4 bytes).
    Removing at32f435_437_flash.o(.rrx_text), (6 bytes).
    Removing at32f435_437_flash.o(i.flash_bank1_erase), (40 bytes).
    Removing at32f435_437_flash.o(i.flash_bank1_lock), (16 bytes).
    Removing at32f435_437_flash.o(i.flash_bank1_operation_status_get), (40 bytes).
    Removing at32f435_437_flash.o(i.flash_bank1_operation_wait_for), (34 bytes).
    Removing at32f435_437_flash.o(i.flash_bank1_unlock), (24 bytes).
    Removing at32f435_437_flash.o(i.flash_bank2_erase), (40 bytes).
    Removing at32f435_437_flash.o(i.flash_bank2_lock), (16 bytes).
    Removing at32f435_437_flash.o(i.flash_bank2_operation_status_get), (40 bytes).
    Removing at32f435_437_flash.o(i.flash_bank2_operation_wait_for), (34 bytes).
    Removing at32f435_437_flash.o(i.flash_bank2_unlock), (24 bytes).
    Removing at32f435_437_flash.o(i.flash_block_erase), (108 bytes).
    Removing at32f435_437_flash.o(i.flash_byte_program), (88 bytes).
    Removing at32f435_437_flash.o(i.flash_continue_read_enable), (16 bytes).
    Removing at32f435_437_flash.o(i.flash_crc_calibrate), (48 bytes).
    Removing at32f435_437_flash.o(i.flash_eopb0_config), (68 bytes).
    Removing at32f435_437_flash.o(i.flash_epp_set), (208 bytes).
    Removing at32f435_437_flash.o(i.flash_epp_status_get), (20 bytes).
    Removing at32f435_437_flash.o(i.flash_fap_enable), (120 bytes).
    Removing at32f435_437_flash.o(i.flash_fap_status_get), (16 bytes).
    Removing at32f435_437_flash.o(i.flash_flag_clear), (32 bytes).
    Removing at32f435_437_flash.o(i.flash_flag_get), (56 bytes).
    Removing at32f435_437_flash.o(i.flash_halfword_program), (88 bytes).
    Removing at32f435_437_flash.o(i.flash_internal_all_erase), (80 bytes).
    Removing at32f435_437_flash.o(i.flash_interrupt_enable), (64 bytes).
    Removing at32f435_437_flash.o(i.flash_lock), (28 bytes).
    Removing at32f435_437_flash.o(i.flash_nzw_boost_enable), (16 bytes).
    Removing at32f435_437_flash.o(i.flash_operation_status_get), (40 bytes).
    Removing at32f435_437_flash.o(i.flash_operation_wait_for), (34 bytes).
    Removing at32f435_437_flash.o(i.flash_sector_erase), (108 bytes).
    Removing at32f435_437_flash.o(i.flash_slib_disable), (40 bytes).
    Removing at32f435_437_flash.o(i.flash_slib_enable), (116 bytes).
    Removing at32f435_437_flash.o(i.flash_slib_end_sector_get), (12 bytes).
    Removing at32f435_437_flash.o(i.flash_slib_inststart_sector_get), (12 bytes).
    Removing at32f435_437_flash.o(i.flash_slib_remaining_count_get), (16 bytes).
    Removing at32f435_437_flash.o(i.flash_slib_start_sector_get), (12 bytes).
    Removing at32f435_437_flash.o(i.flash_slib_state_get), (20 bytes).
    Removing at32f435_437_flash.o(i.flash_ssb_set), (68 bytes).
    Removing at32f435_437_flash.o(i.flash_ssb_status_get), (16 bytes).
    Removing at32f435_437_flash.o(i.flash_unlock), (32 bytes).
    Removing at32f435_437_flash.o(i.flash_user_system_data_erase), (120 bytes).
    Removing at32f435_437_flash.o(i.flash_user_system_data_program), (80 bytes).
    Removing at32f435_437_flash.o(i.flash_word_program), (88 bytes).
    Removing at32f435_437_flash.o(.constdata), (8 bytes).
    Removing at32f435_437_gpio.o(.rev16_text), (4 bytes).
    Removing at32f435_437_gpio.o(.revsh_text), (4 bytes).
    Removing at32f435_437_gpio.o(.rrx_text), (6 bytes).
    Removing at32f435_437_gpio.o(i.gpio_bits_reset), (4 bytes).
    Removing at32f435_437_gpio.o(i.gpio_bits_set), (4 bytes).
    Removing at32f435_437_gpio.o(i.gpio_input_data_read), (6 bytes).
    Removing at32f435_437_gpio.o(i.gpio_output_data_read), (6 bytes).
    Removing at32f435_437_gpio.o(i.gpio_pin_wp_config), (16 bytes).
    Removing at32f435_437_gpio.o(i.gpio_pins_huge_driven_config), (16 bytes).
    Removing at32f435_437_gpio.o(i.gpio_port_write), (4 bytes).
    Removing at32f435_437_gpio.o(i.gpio_reset), (164 bytes).
    Removing at32f435_437_i2c.o(.rev16_text), (4 bytes).
    Removing at32f435_437_i2c.o(.revsh_text), (4 bytes).
    Removing at32f435_437_i2c.o(.rrx_text), (6 bytes).
    Removing at32f435_437_i2c.o(i.i2c_ack_enable), (20 bytes).
    Removing at32f435_437_i2c.o(i.i2c_addr10_header_enable), (10 bytes).
    Removing at32f435_437_i2c.o(i.i2c_addr10_mode_enable), (10 bytes).
    Removing at32f435_437_i2c.o(i.i2c_auto_stop_enable), (10 bytes).
    Removing at32f435_437_i2c.o(i.i2c_clock_stretch_enable), (20 bytes).
    Removing at32f435_437_i2c.o(i.i2c_cnt_set), (10 bytes).
    Removing at32f435_437_i2c.o(i.i2c_data_receive), (6 bytes).
    Removing at32f435_437_i2c.o(i.i2c_data_send), (4 bytes).
    Removing at32f435_437_i2c.o(i.i2c_dma_enable), (20 bytes).
    Removing at32f435_437_i2c.o(i.i2c_enable), (10 bytes).
    Removing at32f435_437_i2c.o(i.i2c_ext_timeout_enable), (10 bytes).
    Removing at32f435_437_i2c.o(i.i2c_ext_timeout_set), (10 bytes).
    Removing at32f435_437_i2c.o(i.i2c_flag_clear), (4 bytes).
    Removing at32f435_437_i2c.o(i.i2c_flag_get), (10 bytes).
    Removing at32f435_437_i2c.o(i.i2c_general_call_enable), (10 bytes).
    Removing at32f435_437_i2c.o(i.i2c_init), (20 bytes).
    Removing at32f435_437_i2c.o(i.i2c_interrupt_enable), (16 bytes).
    Removing at32f435_437_i2c.o(i.i2c_interrupt_get), (10 bytes).
    Removing at32f435_437_i2c.o(i.i2c_matched_addr_get), (10 bytes).
    Removing at32f435_437_i2c.o(i.i2c_own_address1_set), (26 bytes).
    Removing at32f435_437_i2c.o(i.i2c_own_address2_enable), (10 bytes).
    Removing at32f435_437_i2c.o(i.i2c_own_address2_set), (20 bytes).
    Removing at32f435_437_i2c.o(i.i2c_pec_calculate_enable), (10 bytes).
    Removing at32f435_437_i2c.o(i.i2c_pec_transmit_enable), (10 bytes).
    Removing at32f435_437_i2c.o(i.i2c_pec_value_get), (6 bytes).
    Removing at32f435_437_i2c.o(i.i2c_reload_enable), (10 bytes).
    Removing at32f435_437_i2c.o(i.i2c_reset), (76 bytes).
    Removing at32f435_437_i2c.o(i.i2c_slave_data_ctrl_enable), (10 bytes).
    Removing at32f435_437_i2c.o(i.i2c_smbus_alert_set), (10 bytes).
    Removing at32f435_437_i2c.o(i.i2c_smbus_enable), (24 bytes).
    Removing at32f435_437_i2c.o(i.i2c_start_generate), (10 bytes).
    Removing at32f435_437_i2c.o(i.i2c_stop_generate), (10 bytes).
    Removing at32f435_437_i2c.o(i.i2c_timeout_detcet_set), (10 bytes).
    Removing at32f435_437_i2c.o(i.i2c_timeout_enable), (10 bytes).
    Removing at32f435_437_i2c.o(i.i2c_timeout_set), (10 bytes).
    Removing at32f435_437_i2c.o(i.i2c_transfer_addr_get), (8 bytes).
    Removing at32f435_437_i2c.o(i.i2c_transfer_addr_set), (10 bytes).
    Removing at32f435_437_i2c.o(i.i2c_transfer_dir_get), (14 bytes).
    Removing at32f435_437_i2c.o(i.i2c_transfer_dir_set), (10 bytes).
    Removing at32f435_437_i2c.o(i.i2c_transmit_set), (28 bytes).
    Removing at32f435_437_misc.o(.rev16_text), (4 bytes).
    Removing at32f435_437_misc.o(.revsh_text), (4 bytes).
    Removing at32f435_437_misc.o(.rrx_text), (6 bytes).
    Removing at32f435_437_misc.o(i.nvic_irq_disable), (34 bytes).
    Removing at32f435_437_misc.o(i.nvic_irq_enable), (124 bytes).
    Removing at32f435_437_misc.o(i.nvic_lowpower_mode_config), (24 bytes).
    Removing at32f435_437_misc.o(i.nvic_priority_group_config), (36 bytes).
    Removing at32f435_437_misc.o(i.nvic_system_reset), (36 bytes).
    Removing at32f435_437_misc.o(i.nvic_vector_table_set), (20 bytes).
    Removing at32f435_437_pwc.o(.rev16_text), (4 bytes).
    Removing at32f435_437_pwc.o(.revsh_text), (4 bytes).
    Removing at32f435_437_pwc.o(.rrx_text), (6 bytes).
    Removing at32f435_437_pwc.o(i.pwc_battery_powered_domain_access), (16 bytes).
    Removing at32f435_437_pwc.o(i.pwc_deep_sleep_mode_enter), (44 bytes).
    Removing at32f435_437_pwc.o(i.pwc_flag_clear), (32 bytes).
    Removing at32f435_437_pwc.o(i.pwc_flag_get), (20 bytes).
    Removing at32f435_437_pwc.o(i.pwc_power_voltage_monitor_enable), (16 bytes).
    Removing at32f435_437_pwc.o(i.pwc_pvm_level_select), (16 bytes).
    Removing at32f435_437_pwc.o(i.pwc_reset), (28 bytes).
    Removing at32f435_437_pwc.o(i.pwc_sleep_mode_enter), (36 bytes).
    Removing at32f435_437_pwc.o(i.pwc_standby_mode_enter), (40 bytes).
    Removing at32f435_437_pwc.o(i.pwc_voltage_regulate_set), (16 bytes).
    Removing at32f435_437_pwc.o(i.pwc_wakeup_pin_enable), (24 bytes).
    Removing at32f435_437_qspi.o(.rev16_text), (4 bytes).
    Removing at32f435_437_qspi.o(.revsh_text), (4 bytes).
    Removing at32f435_437_qspi.o(.rrx_text), (6 bytes).
    Removing at32f435_437_qspi.o(i.qspi_busy_config), (10 bytes).
    Removing at32f435_437_qspi.o(i.qspi_byte_read), (6 bytes).
    Removing at32f435_437_qspi.o(i.qspi_byte_write), (6 bytes).
    Removing at32f435_437_qspi.o(i.qspi_clk_division_set), (10 bytes).
    Removing at32f435_437_qspi.o(i.qspi_cmd_operation_kick), (68 bytes).
    Removing at32f435_437_qspi.o(i.qspi_dma_enable), (10 bytes).
    Removing at32f435_437_qspi.o(i.qspi_dma_rx_threshold_set), (10 bytes).
    Removing at32f435_437_qspi.o(i.qspi_dma_tx_threshold_set), (10 bytes).
    Removing at32f435_437_qspi.o(i.qspi_encryption_enable), (10 bytes).
    Removing at32f435_437_qspi.o(i.qspi_flag_clear), (6 bytes).
    Removing at32f435_437_qspi.o(i.qspi_flag_get), (36 bytes).
    Removing at32f435_437_qspi.o(i.qspi_half_word_read), (6 bytes).
    Removing at32f435_437_qspi.o(i.qspi_half_word_write), (6 bytes).
    Removing at32f435_437_qspi.o(i.qspi_interrupt_enable), (10 bytes).
    Removing at32f435_437_qspi.o(i.qspi_sck_mode_set), (10 bytes).
    Removing at32f435_437_qspi.o(i.qspi_word_read), (6 bytes).
    Removing at32f435_437_qspi.o(i.qspi_word_write), (6 bytes).
    Removing at32f435_437_qspi.o(i.qspi_xip_cache_bypass_set), (10 bytes).
    Removing at32f435_437_qspi.o(i.qspi_xip_enable), (56 bytes).
    Removing at32f435_437_qspi.o(i.qspi_xip_init), (80 bytes).
    Removing at32f435_437_scfg.o(.rev16_text), (4 bytes).
    Removing at32f435_437_scfg.o(.revsh_text), (4 bytes).
    Removing at32f435_437_scfg.o(.rrx_text), (6 bytes).
    Removing at32f435_437_scfg.o(i.scfg_emac_interface_set), (16 bytes).
    Removing at32f435_437_scfg.o(i.scfg_exint_line_config), (68 bytes).
    Removing at32f435_437_scfg.o(i.scfg_infrared_config), (24 bytes).
    Removing at32f435_437_scfg.o(i.scfg_mem_map_set), (16 bytes).
    Removing at32f435_437_scfg.o(i.scfg_pins_ultra_driven_enable), (44 bytes).
    Removing at32f435_437_scfg.o(i.scfg_reset), (28 bytes).
    Removing at32f435_437_scfg.o(i.scfg_xmc_mapping_swap_set), (16 bytes).
    Removing at32f435_437_sdio.o(.rev16_text), (4 bytes).
    Removing at32f435_437_sdio.o(.revsh_text), (4 bytes).
    Removing at32f435_437_sdio.o(.rrx_text), (6 bytes).
    Removing at32f435_437_sdio.o(i.sdio_buffer_counter_get), (4 bytes).
    Removing at32f435_437_sdio.o(i.sdio_bus_width_config), (10 bytes).
    Removing at32f435_437_sdio.o(i.sdio_clock_bypass), (10 bytes).
    Removing at32f435_437_sdio.o(i.sdio_clock_config), (28 bytes).
    Removing at32f435_437_sdio.o(i.sdio_clock_enable), (10 bytes).
    Removing at32f435_437_sdio.o(i.sdio_command_config), (56 bytes).
    Removing at32f435_437_sdio.o(i.sdio_command_response_get), (8 bytes).
    Removing at32f435_437_sdio.o(i.sdio_command_state_machine_enable), (10 bytes).
    Removing at32f435_437_sdio.o(i.sdio_data_config), (56 bytes).
    Removing at32f435_437_sdio.o(i.sdio_data_counter_get), (4 bytes).
    Removing at32f435_437_sdio.o(i.sdio_data_read), (6 bytes).
    Removing at32f435_437_sdio.o(i.sdio_data_state_machine_enable), (10 bytes).
    Removing at32f435_437_sdio.o(i.sdio_data_write), (6 bytes).
    Removing at32f435_437_sdio.o(i.sdio_dma_enable), (10 bytes).
    Removing at32f435_437_sdio.o(i.sdio_flag_clear), (4 bytes).
    Removing at32f435_437_sdio.o(i.sdio_flag_get), (14 bytes).
    Removing at32f435_437_sdio.o(i.sdio_flow_control_enable), (10 bytes).
    Removing at32f435_437_sdio.o(i.sdio_interrupt_enable), (16 bytes).
    Removing at32f435_437_sdio.o(i.sdio_io_function_enable), (10 bytes).
    Removing at32f435_437_sdio.o(i.sdio_io_suspend_command_set), (10 bytes).
    Removing at32f435_437_sdio.o(i.sdio_power_saving_mode_enable), (10 bytes).
    Removing at32f435_437_sdio.o(i.sdio_power_set), (10 bytes).
    Removing at32f435_437_sdio.o(i.sdio_power_status_get), (8 bytes).
    Removing at32f435_437_sdio.o(i.sdio_read_wait_mode_set), (10 bytes).
    Removing at32f435_437_sdio.o(i.sdio_read_wait_start), (10 bytes).
    Removing at32f435_437_sdio.o(i.sdio_read_wait_stop), (10 bytes).
    Removing at32f435_437_sdio.o(i.sdio_reset), (28 bytes).
    Removing at32f435_437_sdio.o(i.sdio_response_get), (34 bytes).
    Removing at32f435_437_spi.o(.rev16_text), (4 bytes).
    Removing at32f435_437_spi.o(.revsh_text), (4 bytes).
    Removing at32f435_437_spi.o(.rrx_text), (6 bytes).
    Removing at32f435_437_spi.o(i.i2s_default_para_init), (20 bytes).
    Removing at32f435_437_spi.o(i.i2s_enable), (10 bytes).
    Removing at32f435_437_spi.o(i.i2s_init), (374 bytes).
    Removing at32f435_437_spi.o(i.spi_crc_enable), (10 bytes).
    Removing at32f435_437_spi.o(i.spi_crc_next_transmit), (10 bytes).
    Removing at32f435_437_spi.o(i.spi_crc_polynomial_get), (6 bytes).
    Removing at32f435_437_spi.o(i.spi_crc_polynomial_set), (10 bytes).
    Removing at32f435_437_spi.o(i.spi_crc_value_get), (14 bytes).
    Removing at32f435_437_spi.o(i.spi_default_para_init), (22 bytes).
    Removing at32f435_437_spi.o(i.spi_enable), (10 bytes).
    Removing at32f435_437_spi.o(i.spi_frame_bit_num_set), (10 bytes).
    Removing at32f435_437_spi.o(i.spi_half_duplex_direction_set), (10 bytes).
    Removing at32f435_437_spi.o(i.spi_hardware_cs_output_enable), (10 bytes).
    Removing at32f435_437_spi.o(i.spi_i2s_data_receive), (6 bytes).
    Removing at32f435_437_spi.o(i.spi_i2s_data_transmit), (4 bytes).
    Removing at32f435_437_spi.o(i.spi_i2s_dma_receiver_enable), (10 bytes).
    Removing at32f435_437_spi.o(i.spi_i2s_dma_transmitter_enable), (10 bytes).
    Removing at32f435_437_spi.o(i.spi_i2s_flag_clear), (52 bytes).
    Removing at32f435_437_spi.o(i.spi_i2s_flag_get), (14 bytes).
    Removing at32f435_437_spi.o(i.spi_i2s_interrupt_enable), (16 bytes).
    Removing at32f435_437_spi.o(i.spi_i2s_reset), (96 bytes).
    Removing at32f435_437_spi.o(i.spi_init), (274 bytes).
    Removing at32f435_437_spi.o(i.spi_software_cs_internal_level_set), (10 bytes).
    Removing at32f435_437_spi.o(i.spi_ti_mode_enable), (10 bytes).
    Removing at32f435_437_tmr.o(.rev16_text), (4 bytes).
    Removing at32f435_437_tmr.o(.revsh_text), (4 bytes).
    Removing at32f435_437_tmr.o(.rrx_text), (6 bytes).
    Removing at32f435_437_tmr.o(i.tmr_32_bit_function_enable), (28 bytes).
    Removing at32f435_437_tmr.o(i.tmr_base_init), (14 bytes).
    Removing at32f435_437_tmr.o(i.tmr_brkdt_config), (72 bytes).
    Removing at32f435_437_tmr.o(i.tmr_brkdt_default_para_init), (18 bytes).
    Removing at32f435_437_tmr.o(i.tmr_channel1_input_select), (10 bytes).
    Removing at32f435_437_tmr.o(i.tmr_channel_buffer_enable), (10 bytes).
    Removing at32f435_437_tmr.o(i.tmr_channel_dma_select), (10 bytes).
    Removing at32f435_437_tmr.o(i.tmr_channel_enable), (74 bytes).
    Removing at32f435_437_tmr.o(i.tmr_channel_value_get), (40 bytes).
    Removing at32f435_437_tmr.o(i.tmr_channel_value_set), (36 bytes).
    Removing at32f435_437_tmr.o(i.tmr_clock_source_div_set), (10 bytes).
    Removing at32f435_437_tmr.o(i.tmr_cnt_dir_set), (10 bytes).
    Removing at32f435_437_tmr.o(i.tmr_counter_enable), (10 bytes).
    Removing at32f435_437_tmr.o(i.tmr_counter_value_get), (4 bytes).
    Removing at32f435_437_tmr.o(i.tmr_counter_value_set), (4 bytes).
    Removing at32f435_437_tmr.o(i.tmr_div_value_get), (4 bytes).
    Removing at32f435_437_tmr.o(i.tmr_div_value_set), (4 bytes).
    Removing at32f435_437_tmr.o(i.tmr_dma_control_config), (18 bytes).
    Removing at32f435_437_tmr.o(i.tmr_dma_request_enable), (22 bytes).
    Removing at32f435_437_tmr.o(i.tmr_encoder_mode_config), (70 bytes).
    Removing at32f435_437_tmr.o(i.tmr_event_sw_trigger), (8 bytes).
    Removing at32f435_437_tmr.o(i.tmr_external_clock_config), (28 bytes).
    Removing at32f435_437_tmr.o(i.tmr_external_clock_mode1_config), (26 bytes).
    Removing at32f435_437_tmr.o(i.tmr_external_clock_mode2_config), (18 bytes).
    Removing at32f435_437_tmr.o(i.tmr_flag_clear), (6 bytes).
    Removing at32f435_437_tmr.o(i.tmr_flag_get), (14 bytes).
    Removing at32f435_437_tmr.o(i.tmr_force_output_set), (62 bytes).
    Removing at32f435_437_tmr.o(i.tmr_hall_select), (10 bytes).
    Removing at32f435_437_tmr.o(i.tmr_input_channel_divider_set), (50 bytes).
    Removing at32f435_437_tmr.o(i.tmr_input_channel_filter_set), (50 bytes).
    Removing at32f435_437_tmr.o(i.tmr_input_channel_init), (272 bytes).
    Removing at32f435_437_tmr.o(i.tmr_input_default_para_init), (14 bytes).
    Removing at32f435_437_tmr.o(i.tmr_internal_clock_set), (10 bytes).
    Removing at32f435_437_tmr.o(i.tmr_interrupt_enable), (22 bytes).
    Removing at32f435_437_tmr.o(i.tmr_iremap_config), (36 bytes).
    Removing at32f435_437_tmr.o(i.tmr_one_cycle_mode_enable), (10 bytes).
    Removing at32f435_437_tmr.o(i.tmr_output_channel_buffer_enable), (62 bytes).
    Removing at32f435_437_tmr.o(i.tmr_output_channel_config), (214 bytes).
    Removing at32f435_437_tmr.o(i.tmr_output_channel_immediately_set), (62 bytes).
    Removing at32f435_437_tmr.o(i.tmr_output_channel_mode_select), (62 bytes).
    Removing at32f435_437_tmr.o(i.tmr_output_channel_polarity_set), (74 bytes).
    Removing at32f435_437_tmr.o(i.tmr_output_channel_switch_set), (62 bytes).
    Removing at32f435_437_tmr.o(i.tmr_output_default_para_init), (18 bytes).
    Removing at32f435_437_tmr.o(i.tmr_output_enable), (10 bytes).
    Removing at32f435_437_tmr.o(i.tmr_overflow_event_disable), (10 bytes).
    Removing at32f435_437_tmr.o(i.tmr_overflow_request_source_set), (10 bytes).
    Removing at32f435_437_tmr.o(i.tmr_period_buffer_enable), (10 bytes).
    Removing at32f435_437_tmr.o(i.tmr_period_value_get), (4 bytes).
    Removing at32f435_437_tmr.o(i.tmr_period_value_set), (4 bytes).
    Removing at32f435_437_tmr.o(i.tmr_primary_mode_select), (10 bytes).
    Removing at32f435_437_tmr.o(i.tmr_pwm_input_config), (262 bytes).
    Removing at32f435_437_tmr.o(i.tmr_repetition_counter_set), (10 bytes).
    Removing at32f435_437_tmr.o(i.tmr_reset), (288 bytes).
    Removing at32f435_437_tmr.o(i.tmr_sub_mode_select), (10 bytes).
    Removing at32f435_437_tmr.o(i.tmr_sub_sync_mode_set), (10 bytes).
    Removing at32f435_437_tmr.o(i.tmr_trgout2_enable), (10 bytes).
    Removing at32f435_437_tmr.o(i.tmr_trigger_input_select), (10 bytes).
    Removing at32f435_437_usart.o(.rev16_text), (4 bytes).
    Removing at32f435_437_usart.o(.revsh_text), (4 bytes).
    Removing at32f435_437_usart.o(.rrx_text), (6 bytes).
    Removing at32f435_437_usart.o(i.usart_break_bit_num_set), (10 bytes).
    Removing at32f435_437_usart.o(i.usart_break_send), (10 bytes).
    Removing at32f435_437_usart.o(i.usart_clock_config), (28 bytes).
    Removing at32f435_437_usart.o(i.usart_clock_enable), (10 bytes).
    Removing at32f435_437_usart.o(i.usart_data_receive), (6 bytes).
    Removing at32f435_437_usart.o(i.usart_de_polarity_set), (10 bytes).
    Removing at32f435_437_usart.o(i.usart_dma_receiver_enable), (10 bytes).
    Removing at32f435_437_usart.o(i.usart_dma_transmitter_enable), (10 bytes).
    Removing at32f435_437_usart.o(i.usart_flag_clear), (16 bytes).
    Removing at32f435_437_usart.o(i.usart_hardware_flow_control_set), (64 bytes).
    Removing at32f435_437_usart.o(i.usart_id_bit_num_set), (10 bytes).
    Removing at32f435_437_usart.o(i.usart_interrupt_enable), (30 bytes).
    Removing at32f435_437_usart.o(i.usart_irda_low_power_enable), (10 bytes).
    Removing at32f435_437_usart.o(i.usart_irda_mode_enable), (10 bytes).
    Removing at32f435_437_usart.o(i.usart_irda_smartcard_division_set), (10 bytes).
    Removing at32f435_437_usart.o(i.usart_lin_mode_enable), (10 bytes).
    Removing at32f435_437_usart.o(i.usart_parity_selection_config), (52 bytes).
    Removing at32f435_437_usart.o(i.usart_receiver_enable), (10 bytes).
    Removing at32f435_437_usart.o(i.usart_receiver_mute_enable), (10 bytes).
    Removing at32f435_437_usart.o(i.usart_reset), (168 bytes).
    Removing at32f435_437_usart.o(i.usart_rs485_delay_time_config), (18 bytes).
    Removing at32f435_437_usart.o(i.usart_rs485_mode_enable), (10 bytes).
    Removing at32f435_437_usart.o(i.usart_single_line_halfduplex_select), (10 bytes).
    Removing at32f435_437_usart.o(i.usart_smartcard_guard_time_set), (10 bytes).
    Removing at32f435_437_usart.o(i.usart_smartcard_mode_enable), (10 bytes).
    Removing at32f435_437_usart.o(i.usart_smartcard_nack_set), (10 bytes).
    Removing at32f435_437_usart.o(i.usart_transmit_receive_pin_swap), (10 bytes).
    Removing at32f435_437_usart.o(i.usart_wakeup_id_set), (46 bytes).
    Removing at32f435_437_usart.o(i.usart_wakeup_mode_set), (10 bytes).
    Removing at32f435_437_usb.o(.rev16_text), (4 bytes).
    Removing at32f435_437_usb.o(.revsh_text), (4 bytes).
    Removing at32f435_437_usb.o(.rrx_text), (6 bytes).
    Removing at32f435_437_usb.o(i.usb_connect), (14 bytes).
    Removing at32f435_437_usb.o(i.usb_disconnect), (14 bytes).
    Removing at32f435_437_usb.o(i.usb_ept0_setup), (26 bytes).
    Removing at32f435_437_usb.o(i.usb_ept0_start), (48 bytes).
    Removing at32f435_437_usb.o(i.usb_ept_clear_stall), (94 bytes).
    Removing at32f435_437_usb.o(i.usb_ept_close), (70 bytes).
    Removing at32f435_437_usb.o(i.usb_ept_in_clear), (10 bytes).
    Removing at32f435_437_usb.o(i.usb_ept_in_interrupt), (30 bytes).
    Removing at32f435_437_usb.o(i.usb_ept_open), (280 bytes).
    Removing at32f435_437_usb.o(i.usb_ept_out_clear), (10 bytes).
    Removing at32f435_437_usb.o(i.usb_ept_out_interrupt), (16 bytes).
    Removing at32f435_437_usb.o(i.usb_ept_stall), (90 bytes).
    Removing at32f435_437_usb.o(i.usb_flush_rx_fifo), (36 bytes).
    Removing at32f435_437_usb.o(i.usb_flush_tx_fifo), (44 bytes).
    Removing at32f435_437_usb.o(i.usb_get_all_in_interrupt), (14 bytes).
    Removing at32f435_437_usb.o(i.usb_get_all_out_interrupt), (14 bytes).
    Removing at32f435_437_usb.o(i.usb_global_clear_interrupt), (4 bytes).
    Removing at32f435_437_usb.o(i.usb_global_get_all_interrupt), (8 bytes).
    Removing at32f435_437_usb.o(i.usb_global_init), (18 bytes).
    Removing at32f435_437_usb.o(i.usb_global_interrupt_enable), (16 bytes).
    Removing at32f435_437_usb.o(i.usb_global_power_on), (24 bytes).
    Removing at32f435_437_usb.o(i.usb_global_reset), (56 bytes).
    Removing at32f435_437_usb.o(i.usb_global_select_core), (16 bytes).
    Removing at32f435_437_usb.o(i.usb_global_set_mode), (60 bytes).
    Removing at32f435_437_usb.o(i.usb_hc_enable), (208 bytes).
    Removing at32f435_437_usb.o(i.usb_hch_halt), (148 bytes).
    Removing at32f435_437_usb.o(i.usb_hch_read_interrupt), (8 bytes).
    Removing at32f435_437_usb.o(i.usb_host_disable), (170 bytes).
    Removing at32f435_437_usb.o(i.usb_interrupt_disable), (10 bytes).
    Removing at32f435_437_usb.o(i.usb_interrupt_enable), (10 bytes).
    Removing at32f435_437_usb.o(i.usb_open_phy_clk), (14 bytes).
    Removing at32f435_437_usb.o(i.usb_port_power_on), (30 bytes).
    Removing at32f435_437_usb.o(i.usb_read_packet), (26 bytes).
    Removing at32f435_437_usb.o(i.usb_remote_wkup_clear), (14 bytes).
    Removing at32f435_437_usb.o(i.usb_remote_wkup_set), (14 bytes).
    Removing at32f435_437_usb.o(i.usb_set_address), (14 bytes).
    Removing at32f435_437_usb.o(i.usb_set_rx_fifo), (4 bytes).
    Removing at32f435_437_usb.o(i.usb_set_tx_fifo), (62 bytes).
    Removing at32f435_437_usb.o(i.usb_stop_phy_clk), (14 bytes).
    Removing at32f435_437_usb.o(i.usb_suspend_status_get), (10 bytes).
    Removing at32f435_437_usb.o(i.usb_write_packet), (30 bytes).
    Removing at32f435_437_usb.o(i.usbh_fsls_clksel), (34 bytes).
    Removing at32f435_437_usb.o(i.usbh_get_frame), (8 bytes).
    Removing at32f435_437_wdt.o(.rev16_text), (4 bytes).
    Removing at32f435_437_wdt.o(.revsh_text), (4 bytes).
    Removing at32f435_437_wdt.o(.rrx_text), (6 bytes).
    Removing at32f435_437_wdt.o(i.wdt_counter_reload), (16 bytes).
    Removing at32f435_437_wdt.o(i.wdt_divider_set), (16 bytes).
    Removing at32f435_437_wdt.o(i.wdt_enable), (16 bytes).
    Removing at32f435_437_wdt.o(i.wdt_flag_get), (20 bytes).
    Removing at32f435_437_wdt.o(i.wdt_register_write_enable), (16 bytes).
    Removing at32f435_437_wdt.o(i.wdt_reload_value_set), (12 bytes).
    Removing at32f435_437_wdt.o(i.wdt_window_counter_set), (16 bytes).
    Removing at32f435_437_wwdt.o(.rev16_text), (4 bytes).
    Removing at32f435_437_wwdt.o(.revsh_text), (4 bytes).
    Removing at32f435_437_wwdt.o(.rrx_text), (6 bytes).
    Removing at32f435_437_wwdt.o(i.wwdt_counter_set), (16 bytes).
    Removing at32f435_437_wwdt.o(i.wwdt_divider_set), (16 bytes).
    Removing at32f435_437_wwdt.o(i.wwdt_enable), (16 bytes).
    Removing at32f435_437_wwdt.o(i.wwdt_flag_clear), (12 bytes).
    Removing at32f435_437_wwdt.o(i.wwdt_flag_get), (16 bytes).
    Removing at32f435_437_wwdt.o(i.wwdt_interrupt_enable), (16 bytes).
    Removing at32f435_437_wwdt.o(i.wwdt_reset), (28 bytes).
    Removing at32f435_437_wwdt.o(i.wwdt_window_counter_set), (16 bytes).
    Removing at32f435_437_xmc.o(.rev16_text), (4 bytes).
    Removing at32f435_437_xmc.o(.revsh_text), (4 bytes).
    Removing at32f435_437_xmc.o(.rrx_text), (6 bytes).
    Removing at32f435_437_xmc.o(i.xmc_ecc_get), (16 bytes).
    Removing at32f435_437_xmc.o(i.xmc_ext_timing_config), (28 bytes).
    Removing at32f435_437_xmc.o(i.xmc_flag_clear), (70 bytes).
    Removing at32f435_437_xmc.o(i.xmc_flag_status_get), (46 bytes).
    Removing at32f435_437_xmc.o(i.xmc_interrupt_enable), (90 bytes).
    Removing at32f435_437_xmc.o(i.xmc_nand_default_para_init), (18 bytes).
    Removing at32f435_437_xmc.o(i.xmc_nand_ecc_enable), (28 bytes).
    Removing at32f435_437_xmc.o(i.xmc_nand_enable), (28 bytes).
    Removing at32f435_437_xmc.o(i.xmc_nand_init), (48 bytes).
    Removing at32f435_437_xmc.o(i.xmc_nand_reset), (38 bytes).
    Removing at32f435_437_xmc.o(i.xmc_nand_timing_config), (66 bytes).
    Removing at32f435_437_xmc.o(i.xmc_nand_timing_default_para_init), (26 bytes).
    Removing at32f435_437_xmc.o(i.xmc_nor_sram_enable), (16 bytes).
    Removing at32f435_437_xmc.o(i.xmc_nor_sram_init), (80 bytes).
    Removing at32f435_437_xmc.o(i.xmc_nor_sram_reset), (40 bytes).
    Removing at32f435_437_xmc.o(i.xmc_nor_sram_timing_config), (124 bytes).
    Removing at32f435_437_xmc.o(i.xmc_norsram_default_para_init), (36 bytes).
    Removing at32f435_437_xmc.o(i.xmc_norsram_timing_default_para_init), (46 bytes).
    Removing at32f435_437_xmc.o(i.xmc_pccard_default_para_init), (10 bytes).
    Removing at32f435_437_xmc.o(i.xmc_pccard_enable), (16 bytes).
    Removing at32f435_437_xmc.o(i.xmc_pccard_init), (28 bytes).
    Removing at32f435_437_xmc.o(i.xmc_pccard_reset), (26 bytes).
    Removing at32f435_437_xmc.o(i.xmc_pccard_timing_config), (76 bytes).
    Removing at32f435_437_xmc.o(i.xmc_pccard_timing_default_para_init), (38 bytes).
    Removing at32f435_437_xmc.o(i.xmc_sdram_auto_refresh_set), (18 bytes).
    Removing at32f435_437_xmc.o(i.xmc_sdram_cmd), (28 bytes).
    Removing at32f435_437_xmc.o(i.xmc_sdram_default_para_init), (42 bytes).
    Removing at32f435_437_xmc.o(i.xmc_sdram_init), (468 bytes).
    Removing at32f435_437_xmc.o(i.xmc_sdram_refresh_counter_set), (18 bytes).
    Removing at32f435_437_xmc.o(i.xmc_sdram_reset), (42 bytes).
    Removing at32f435_437_xmc.o(i.xmc_sdram_status_get), (24 bytes).
    Removing system_at32f435_437.o(.rev16_text), (4 bytes).
    Removing system_at32f435_437.o(.revsh_text), (4 bytes).
    Removing system_at32f435_437.o(.rrx_text), (6 bytes).
    Removing startup_at32f435_437.o(HEAP), (512 bytes).
    Removing dadd.o(.text), (334 bytes).
    Removing dmul.o(.text), (228 bytes).
    Removing ddiv.o(.text), (222 bytes).
    Removing dfixul.o(.text), (48 bytes).
    Removing cdrcmple.o(.text), (48 bytes).
    Removing depilogue.o(.text), (186 bytes).

892 unused section(s) (total 27888 bytes) removed from the image.

==============================================================================

Image Symbol Table

    Local Symbols

    Symbol Name                              Value     Ov Type        Size  Object(Section)

    ../clib/microlib/division.c              0x00000000   Number         0  uidiv.o ABSOLUTE
    ../clib/microlib/division.c              0x00000000   Number         0  uldiv.o ABSOLUTE
    ../clib/microlib/init/entry.s            0x00000000   Number         0  entry7b.o ABSOLUTE
    ../clib/microlib/init/entry.s            0x00000000   Number         0  entry7a.o ABSOLUTE
    ../clib/microlib/init/entry.s            0x00000000   Number         0  entry5.o ABSOLUTE
    ../clib/microlib/init/entry.s            0x00000000   Number         0  entry2.o ABSOLUTE
    ../clib/microlib/init/entry.s            0x00000000   Number         0  entry8a.o ABSOLUTE
    ../clib/microlib/init/entry.s            0x00000000   Number         0  entry10a.o ABSOLUTE
    ../clib/microlib/init/entry.s            0x00000000   Number         0  entry.o ABSOLUTE
    ../clib/microlib/init/entry.s            0x00000000   Number         0  entry11b.o ABSOLUTE
    ../clib/microlib/init/entry.s            0x00000000   Number         0  entry11a.o ABSOLUTE
    ../clib/microlib/init/entry.s            0x00000000   Number         0  entry10b.o ABSOLUTE
    ../clib/microlib/init/entry.s            0x00000000   Number         0  entry9b.o ABSOLUTE
    ../clib/microlib/init/entry.s            0x00000000   Number         0  entry9a.o ABSOLUTE
    ../clib/microlib/init/entry.s            0x00000000   Number         0  entry8b.o ABSOLUTE
    ../clib/microlib/longlong.c              0x00000000   Number         0  llushr.o ABSOLUTE
    ../clib/microlib/longlong.c              0x00000000   Number         0  llshl.o ABSOLUTE
    ../clib/microlib/longlong.c              0x00000000   Number         0  llsshr.o ABSOLUTE
    ../clib/microlib/printf/printf.c         0x00000000   Number         0  printf3.o ABSOLUTE
    ../clib/microlib/printf/printf.c         0x00000000   Number         0  printf1.o ABSOLUTE
    ../clib/microlib/printf/printf.c         0x00000000   Number         0  printf0.o ABSOLUTE
    ../clib/microlib/printf/printf.c         0x00000000   Number         0  printfb.o ABSOLUTE
    ../clib/microlib/printf/printf.c         0x00000000   Number         0  printf2.o ABSOLUTE
    ../clib/microlib/printf/printf.c         0x00000000   Number         0  printfa.o ABSOLUTE
    ../clib/microlib/printf/printf.c         0x00000000   Number         0  printf8.o ABSOLUTE
    ../clib/microlib/printf/printf.c         0x00000000   Number         0  printf7.o ABSOLUTE
    ../clib/microlib/printf/printf.c         0x00000000   Number         0  printf6.o ABSOLUTE
    ../clib/microlib/printf/printf.c         0x00000000   Number         0  printf5.o ABSOLUTE
    ../clib/microlib/printf/printf.c         0x00000000   Number         0  printf4.o ABSOLUTE
    ../clib/microlib/printf/stubs.s          0x00000000   Number         0  stubs.o ABSOLUTE
    ../clib/microlib/stubs.s                 0x00000000   Number         0  useno.o ABSOLUTE
    ../clib/microlib/stubs.s                 0x00000000   Number         0  iusefp.o ABSOLUTE
    ../fplib/microlib/fpadd.c                0x00000000   Number         0  dadd.o ABSOLUTE
    ../fplib/microlib/fpdiv.c                0x00000000   Number         0  ddiv.o ABSOLUTE
    ../fplib/microlib/fpepilogue.c           0x00000000   Number         0  depilogue.o ABSOLUTE
    ../fplib/microlib/fpfix.c                0x00000000   Number         0  dfixul.o ABSOLUTE
    ../fplib/microlib/fpmul.c                0x00000000   Number         0  dmul.o ABSOLUTE
    ..\\at32fw\\src\\at32f435_437_acc.c      0x00000000   Number         0  at32f435_437_acc.o ABSOLUTE
    ..\\at32fw\\src\\at32f435_437_adc.c      0x00000000   Number         0  at32f435_437_adc.o ABSOLUTE
    ..\\at32fw\\src\\at32f435_437_can.c      0x00000000   Number         0  at32f435_437_can.o ABSOLUTE
    ..\\at32fw\\src\\at32f435_437_crc.c      0x00000000   Number         0  at32f435_437_crc.o ABSOLUTE
    ..\\at32fw\\src\\at32f435_437_crm.c      0x00000000   Number         0  at32f435_437_crm.o ABSOLUTE
    ..\\at32fw\\src\\at32f435_437_dac.c      0x00000000   Number         0  at32f435_437_dac.o ABSOLUTE
    ..\\at32fw\\src\\at32f435_437_debug.c    0x00000000   Number         0  at32f435_437_debug.o ABSOLUTE
    ..\\at32fw\\src\\at32f435_437_dma.c      0x00000000   Number         0  at32f435_437_dma.o ABSOLUTE
    ..\\at32fw\\src\\at32f435_437_dvp.c      0x00000000   Number         0  at32f435_437_dvp.o ABSOLUTE
    ..\\at32fw\\src\\at32f435_437_edma.c     0x00000000   Number         0  at32f435_437_edma.o ABSOLUTE
    ..\\at32fw\\src\\at32f435_437_emac.c     0x00000000   Number         0  at32f435_437_emac.o ABSOLUTE
    ..\\at32fw\\src\\at32f435_437_ertc.c     0x00000000   Number         0  at32f435_437_ertc.o ABSOLUTE
    ..\\at32fw\\src\\at32f435_437_exint.c    0x00000000   Number         0  at32f435_437_exint.o ABSOLUTE
    ..\\at32fw\\src\\at32f435_437_flash.c    0x00000000   Number         0  at32f435_437_flash.o ABSOLUTE
    ..\\at32fw\\src\\at32f435_437_gpio.c     0x00000000   Number         0  at32f435_437_gpio.o ABSOLUTE
    ..\\at32fw\\src\\at32f435_437_i2c.c      0x00000000   Number         0  at32f435_437_i2c.o ABSOLUTE
    ..\\at32fw\\src\\at32f435_437_misc.c     0x00000000   Number         0  at32f435_437_misc.o ABSOLUTE
    ..\\at32fw\\src\\at32f435_437_pwc.c      0x00000000   Number         0  at32f435_437_pwc.o ABSOLUTE
    ..\\at32fw\\src\\at32f435_437_qspi.c     0x00000000   Number         0  at32f435_437_qspi.o ABSOLUTE
    ..\\at32fw\\src\\at32f435_437_scfg.c     0x00000000   Number         0  at32f435_437_scfg.o ABSOLUTE
    ..\\at32fw\\src\\at32f435_437_sdio.c     0x00000000   Number         0  at32f435_437_sdio.o ABSOLUTE
    ..\\at32fw\\src\\at32f435_437_spi.c      0x00000000   Number         0  at32f435_437_spi.o ABSOLUTE
    ..\\at32fw\\src\\at32f435_437_tmr.c      0x00000000   Number         0  at32f435_437_tmr.o ABSOLUTE
    ..\\at32fw\\src\\at32f435_437_usart.c    0x00000000   Number         0  at32f435_437_usart.o ABSOLUTE
    ..\\at32fw\\src\\at32f435_437_usb.c      0x00000000   Number         0  at32f435_437_usb.o ABSOLUTE
    ..\\at32fw\\src\\at32f435_437_wdt.c      0x00000000   Number         0  at32f435_437_wdt.o ABSOLUTE
    ..\\at32fw\\src\\at32f435_437_wwdt.c     0x00000000   Number         0  at32f435_437_wwdt.o ABSOLUTE
    ..\\at32fw\\src\\at32f435_437_xmc.c      0x00000000   Number         0  at32f435_437_xmc.o ABSOLUTE
    ..\\bsp\\bsp_led.c                       0x00000000   Number         0  bsp_led.o ABSOLUTE
    ..\\cmsis\\cm4\\device_support\\system_at32f435_437.c 0x00000000   Number         0  system_at32f435_437.o ABSOLUTE
    ..\\device\\at32f435_437_board.c         0x00000000   Number         0  at32f435_437_board.o ABSOLUTE
    ..\\device\\device_gpio.c                0x00000000   Number         0  device_gpio.o ABSOLUTE
    ..\\user\\src\\at32f435_437_clock.c      0x00000000   Number         0  at32f435_437_clock.o ABSOLUTE
    ..\\user\\src\\at32f435_437_int.c        0x00000000   Number         0  at32f435_437_int.o ABSOLUTE
    ..\\user\\src\\main.c                    0x00000000   Number         0  main.o ABSOLUTE
    ..\at32fw\src\at32f435_437_acc.c         0x00000000   Number         0  at32f435_437_acc.o ABSOLUTE
    ..\at32fw\src\at32f435_437_adc.c         0x00000000   Number         0  at32f435_437_adc.o ABSOLUTE
    ..\at32fw\src\at32f435_437_can.c         0x00000000   Number         0  at32f435_437_can.o ABSOLUTE
    ..\at32fw\src\at32f435_437_crc.c         0x00000000   Number         0  at32f435_437_crc.o ABSOLUTE
    ..\at32fw\src\at32f435_437_crm.c         0x00000000   Number         0  at32f435_437_crm.o ABSOLUTE
    ..\at32fw\src\at32f435_437_dac.c         0x00000000   Number         0  at32f435_437_dac.o ABSOLUTE
    ..\at32fw\src\at32f435_437_debug.c       0x00000000   Number         0  at32f435_437_debug.o ABSOLUTE
    ..\at32fw\src\at32f435_437_dma.c         0x00000000   Number         0  at32f435_437_dma.o ABSOLUTE
    ..\at32fw\src\at32f435_437_dvp.c         0x00000000   Number         0  at32f435_437_dvp.o ABSOLUTE
    ..\at32fw\src\at32f435_437_edma.c        0x00000000   Number         0  at32f435_437_edma.o ABSOLUTE
    ..\at32fw\src\at32f435_437_emac.c        0x00000000   Number         0  at32f435_437_emac.o ABSOLUTE
    ..\at32fw\src\at32f435_437_ertc.c        0x00000000   Number         0  at32f435_437_ertc.o ABSOLUTE
    ..\at32fw\src\at32f435_437_exint.c       0x00000000   Number         0  at32f435_437_exint.o ABSOLUTE
    ..\at32fw\src\at32f435_437_flash.c       0x00000000   Number         0  at32f435_437_flash.o ABSOLUTE
    ..\at32fw\src\at32f435_437_gpio.c        0x00000000   Number         0  at32f435_437_gpio.o ABSOLUTE
    ..\at32fw\src\at32f435_437_i2c.c         0x00000000   Number         0  at32f435_437_i2c.o ABSOLUTE
    ..\at32fw\src\at32f435_437_misc.c        0x00000000   Number         0  at32f435_437_misc.o ABSOLUTE
    ..\at32fw\src\at32f435_437_pwc.c         0x00000000   Number         0  at32f435_437_pwc.o ABSOLUTE
    ..\at32fw\src\at32f435_437_qspi.c        0x00000000   Number         0  at32f435_437_qspi.o ABSOLUTE
    ..\at32fw\src\at32f435_437_scfg.c        0x00000000   Number         0  at32f435_437_scfg.o ABSOLUTE
    ..\at32fw\src\at32f435_437_sdio.c        0x00000000   Number         0  at32f435_437_sdio.o ABSOLUTE
    ..\at32fw\src\at32f435_437_spi.c         0x00000000   Number         0  at32f435_437_spi.o ABSOLUTE
    ..\at32fw\src\at32f435_437_tmr.c         0x00000000   Number         0  at32f435_437_tmr.o ABSOLUTE
    ..\at32fw\src\at32f435_437_usart.c       0x00000000   Number         0  at32f435_437_usart.o ABSOLUTE
    ..\at32fw\src\at32f435_437_usb.c         0x00000000   Number         0  at32f435_437_usb.o ABSOLUTE
    ..\at32fw\src\at32f435_437_wdt.c         0x00000000   Number         0  at32f435_437_wdt.o ABSOLUTE
    ..\at32fw\src\at32f435_437_wwdt.c        0x00000000   Number         0  at32f435_437_wwdt.o ABSOLUTE
    ..\at32fw\src\at32f435_437_xmc.c         0x00000000   Number         0  at32f435_437_xmc.o ABSOLUTE
    ..\bsp\bsp_led.c                         0x00000000   Number         0  bsp_led.o ABSOLUTE
    ..\cmsis\cm4\device_support\startup\mdk\startup_at32f435_437.s 0x00000000   Number         0  startup_at32f435_437.o ABSOLUTE
    ..\cmsis\cm4\device_support\system_at32f435_437.c 0x00000000   Number         0  system_at32f435_437.o ABSOLUTE
    ..\device\at32f435_437_board.c           0x00000000   Number         0  at32f435_437_board.o ABSOLUTE
    ..\device\device_gpio.c                  0x00000000   Number         0  device_gpio.o ABSOLUTE
    ..\user\src\at32f435_437_clock.c         0x00000000   Number         0  at32f435_437_clock.o ABSOLUTE
    ..\user\src\at32f435_437_int.c           0x00000000   Number         0  at32f435_437_int.o ABSOLUTE
    ..\user\src\main.c                       0x00000000   Number         0  main.o ABSOLUTE
    cdrcmple.s                               0x00000000   Number         0  cdrcmple.o ABSOLUTE
    dc.s                                     0x00000000   Number         0  dc.o ABSOLUTE
    handlers.s                               0x00000000   Number         0  handlers.o ABSOLUTE
    init.s                                   0x00000000   Number         0  init.o ABSOLUTE
    RESET                                    0x08000000   Section      524  startup_at32f435_437.o(RESET)
    .ARM.Collect$$$$00000000                 0x0800020c   Section        0  entry.o(.ARM.Collect$$$$00000000)
    .ARM.Collect$$$$00000001                 0x0800020c   Section        4  entry2.o(.ARM.Collect$$$$00000001)
    .ARM.Collect$$$$00000004                 0x08000210   Section        4  entry5.o(.ARM.Collect$$$$00000004)
    .ARM.Collect$$$$00000008                 0x08000214   Section        0  entry7b.o(.ARM.Collect$$$$00000008)
    .ARM.Collect$$$$0000000A                 0x08000214   Section        0  entry8b.o(.ARM.Collect$$$$0000000A)
    .ARM.Collect$$$$0000000B                 0x08000214   Section        8  entry9a.o(.ARM.Collect$$$$0000000B)
    .ARM.Collect$$$$0000000D                 0x0800021c   Section        0  entry10a.o(.ARM.Collect$$$$0000000D)
    .ARM.Collect$$$$0000000F                 0x0800021c   Section        0  entry11a.o(.ARM.Collect$$$$0000000F)
    .ARM.Collect$$$$00002712                 0x0800021c   Section        4  entry2.o(.ARM.Collect$$$$00002712)
    __lit__00000000                          0x0800021c   Data           4  entry2.o(.ARM.Collect$$$$00002712)
    .text                                    0x08000220   Section       36  startup_at32f435_437.o(.text)
    $v0                                      0x08000220   Number         0  startup_at32f435_437.o(.text)
    .text                                    0x08000244   Section        0  uldiv.o(.text)
    .text                                    0x080002a6   Section        0  uidiv.o(.text)
    .text                                    0x080002d2   Section        0  llshl.o(.text)
    .text                                    0x080002f0   Section        0  llushr.o(.text)
    .text                                    0x08000310   Section       36  init.o(.text)
    i.BusFault_Handler                       0x08000334   Section        0  at32f435_437_int.o(i.BusFault_Handler)
    i.DebugMon_Handler                       0x08000336   Section        0  at32f435_437_int.o(i.DebugMon_Handler)
    i.HardFault_Handler                      0x08000338   Section        0  at32f435_437_int.o(i.HardFault_Handler)
    i.MemManage_Handler                      0x0800033a   Section        0  at32f435_437_int.o(i.MemManage_Handler)
    i.NMI_Handler                            0x0800033c   Section        0  at32f435_437_int.o(i.NMI_Handler)
    i.PendSV_Handler                         0x0800033e   Section        0  at32f435_437_int.o(i.PendSV_Handler)
    i.SVC_Handler                            0x08000340   Section        0  at32f435_437_int.o(i.SVC_Handler)
    i.SysTick_Handler                        0x08000342   Section        0  at32f435_437_int.o(i.SysTick_Handler)
    i.SystemInit                             0x08000344   Section        0  system_at32f435_437.o(i.SystemInit)
    i.UsageFault_Handler                     0x080003b0   Section        0  at32f435_437_int.o(i.UsageFault_Handler)
    i.__0printf$1                            0x080003b4   Section        0  printf1.o(i.__0printf$1)
    i.__scatterload_copy                     0x080003d4   Section       14  handlers.o(i.__scatterload_copy)
    i.__scatterload_null                     0x080003e2   Section        2  handlers.o(i.__scatterload_null)
    i.__scatterload_zeroinit                 0x080003e4   Section       14  handlers.o(i.__scatterload_zeroinit)
    i._printf_core                           0x080003f4   Section        0  printf1.o(i._printf_core)
    _printf_core                             0x080003f5   Thumb Code   336  printf1.o(i._printf_core)
    i.at32_board_init                        0x08000548   Section        0  at32f435_437_board.o(i.at32_board_init)
    i.at32_gpio_init                         0x0800054c   Section        0  device_gpio.o(i.at32_gpio_init)
    i.crm_ahb_div_set                        0x0800058c   Section        0  at32f435_437_crm.o(i.crm_ahb_div_set)
    i.crm_apb1_div_set                       0x0800059c   Section        0  at32f435_437_crm.o(i.crm_apb1_div_set)
    i.crm_apb2_div_set                       0x080005ac   Section        0  at32f435_437_crm.o(i.crm_apb2_div_set)
    i.crm_auto_step_mode_enable              0x080005bc   Section        0  at32f435_437_crm.o(i.crm_auto_step_mode_enable)
    i.crm_clock_source_enable                0x080005d8   Section        0  at32f435_437_crm.o(i.crm_clock_source_enable)
    i.crm_clocks_freq_get                    0x0800061c   Section        0  at32f435_437_crm.o(i.crm_clocks_freq_get)
    i.crm_flag_get                           0x080006bc   Section        0  at32f435_437_crm.o(i.crm_flag_get)
    i.crm_hext_stable_wait                   0x080006e0   Section        0  at32f435_437_crm.o(i.crm_hext_stable_wait)
    i.crm_periph_clock_enable                0x08000708   Section        0  at32f435_437_crm.o(i.crm_periph_clock_enable)
    i.crm_pll_config                         0x08000734   Section        0  at32f435_437_crm.o(i.crm_pll_config)
    i.crm_reset                              0x0800076c   Section        0  at32f435_437_crm.o(i.crm_reset)
    i.crm_sysclk_switch                      0x080007c4   Section        0  at32f435_437_crm.o(i.crm_sysclk_switch)
    i.crm_sysclk_switch_status_get           0x080007d4   Section        0  at32f435_437_crm.o(i.crm_sysclk_switch_status_get)
    i.delay_init                             0x080007e4   Section        0  at32f435_437_board.o(i.delay_init)
    i.delay_ms                               0x08000814   Section        0  at32f435_437_board.o(i.delay_ms)
    i.fputc                                  0x08000860   Section        0  at32f435_437_board.o(i.fputc)
    i.gpio_bits_write                        0x08000884   Section        0  at32f435_437_gpio.o(i.gpio_bits_write)
    i.gpio_default_para_init                 0x0800088e   Section        0  at32f435_437_gpio.o(i.gpio_default_para_init)
    i.gpio_init                              0x080008a2   Section        0  at32f435_437_gpio.o(i.gpio_init)
    i.gpio_input_data_bit_read               0x08000906   Section        0  at32f435_437_gpio.o(i.gpio_input_data_bit_read)
    i.gpio_output_data_bit_read              0x08000914   Section        0  at32f435_437_gpio.o(i.gpio_output_data_bit_read)
    i.gpio_pin_mux_config                    0x08000922   Section        0  at32f435_437_gpio.o(i.gpio_pin_mux_config)
    i.gpio_read                              0x08000952   Section        0  device_gpio.o(i.gpio_read)
    i.gpio_register                          0x08000970   Section        0  bsp_led.o(i.gpio_register)
    i.gpio_write                             0x080009b0   Section        0  device_gpio.o(i.gpio_write)
    i.key0_read                              0x080009cc   Section        0  bsp_led.o(i.key0_read)
    i.led0_blink                             0x08000a04   Section        0  bsp_led.o(i.led0_blink)
    i.led_int                                0x08000a30   Section        0  bsp_led.o(i.led_int)
    i.main                                   0x08000acc   Section        0  main.o(i.main)
    i.system_clock_config                    0x08000b08   Section        0  at32f435_437_clock.o(i.system_clock_config)
    i.system_core_clock_update               0x08000ba0   Section        0  system_at32f435_437.o(i.system_core_clock_update)
    i.systick_clock_source_config            0x08000c24   Section        0  at32f435_437_misc.o(i.systick_clock_source_config)
    i.uart_print_init                        0x08000c3c   Section        0  at32f435_437_board.o(i.uart_print_init)
    i.usart_data_transmit                    0x08000cb4   Section        0  at32f435_437_usart.o(i.usart_data_transmit)
    i.usart_enable                           0x08000cbc   Section        0  at32f435_437_usart.o(i.usart_enable)
    i.usart_flag_get                         0x08000cc6   Section        0  at32f435_437_usart.o(i.usart_flag_get)
    i.usart_init                             0x08000cd0   Section        0  at32f435_437_usart.o(i.usart_init)
    i.usart_transmitter_enable               0x08000d54   Section        0  at32f435_437_usart.o(i.usart_transmitter_enable)
    .constdata                               0x08000d5e   Section       38  at32f435_437_crm.o(.constdata)
    pll_fr_table                             0x08000d5e   Data           6  at32f435_437_crm.o(.constdata)
    ahb_apb1_div_table                       0x08000d64   Data           8  at32f435_437_crm.o(.constdata)
    ahb_apb2_div_table                       0x08000d6c   Data           8  at32f435_437_crm.o(.constdata)
    sclk_ahb_div_table                       0x08000d74   Data          16  at32f435_437_crm.o(.constdata)
    .constdata                               0x08000d84   Section       22  system_at32f435_437.o(.constdata)
    pll_fr_table                             0x08000d84   Data           6  system_at32f435_437.o(.constdata)
    sys_ahb_div_table                        0x08000d8a   Data          16  system_at32f435_437.o(.constdata)
    .data                                    0x20000000   Section        1  bsp_led.o(.data)
    state                                    0x20000000   Data           1  bsp_led.o(.data)
    .data                                    0x20000004   Section        8  at32f435_437_board.o(.data)
    fac_us                                   0x20000004   Data           4  at32f435_437_board.o(.data)
    fac_ms                                   0x20000008   Data           4  at32f435_437_board.o(.data)
    .data                                    0x2000000c   Section        4  at32f435_437_board.o(.data)
    .data                                    0x20000010   Section        4  system_at32f435_437.o(.data)
    .bss                                     0x20000014   Section      120  bsp_led.o(.bss)
    led_manage                               0x20000014   Data          44  bsp_led.o(.bss)
    key_manage                               0x20000040   Data          44  bsp_led.o(.bss)
    led0                                     0x2000006c   Data          16  bsp_led.o(.bss)
    key0                                     0x2000007c   Data          16  bsp_led.o(.bss)
    STACK                                    0x20000090   Section     1024  startup_at32f435_437.o(STACK)

    Global Symbols

    Symbol Name                              Value     Ov Type        Size  Object(Section)

    BuildAttributes$$THM_ISAv4$E$P$D$K$B$S$7EM$VFPi3$EXTD16$VFPS$VFMA$PE$A:L22UL41UL21$X:L11$S22US41US21$IEEE1$IW$USESV6$~STKCKD$USESV7$~SHL$OSPACE$ROPI$EBA8$MICROLIB$REQ8$PRES8$EABIv2 0x00000000   Number         0  anon$$obj.o ABSOLUTE
    __ARM_use_no_argv                        0x00000000   Number         0  main.o ABSOLUTE
    __use_no_errno                           0x00000000   Number         0  useno.o ABSOLUTE
    __use_no_exception_handling              0x00000000   Number         0  useno.o ABSOLUTE
    __use_no_fp                              0x00000000   Number         0  useno.o ABSOLUTE
    __use_no_heap                            0x00000000   Number         0  useno.o ABSOLUTE
    __use_no_heap_region                     0x00000000   Number         0  useno.o ABSOLUTE
    __use_no_semihosting                     0x00000000   Number         0  useno.o ABSOLUTE
    __use_no_semihosting_swi                 0x00000000   Number         0  useno.o ABSOLUTE
    __use_no_signal_handling                 0x00000000   Number         0  useno.o ABSOLUTE
    _printf_a                                0x00000000   Number         0  stubs.o ABSOLUTE
    _printf_c                                0x00000000   Number         0  stubs.o ABSOLUTE
    _printf_charcount                        0x00000000   Number         0  stubs.o ABSOLUTE
    _printf_d                                0x00000000   Number         0  stubs.o ABSOLUTE
    _printf_e                                0x00000000   Number         0  stubs.o ABSOLUTE
    _printf_f                                0x00000000   Number         0  stubs.o ABSOLUTE
    _printf_flags                            0x00000000   Number         0  stubs.o ABSOLUTE
    _printf_fp_dec                           0x00000000   Number         0  stubs.o ABSOLUTE
    _printf_fp_hex                           0x00000000   Number         0  stubs.o ABSOLUTE
    _printf_g                                0x00000000   Number         0  stubs.o ABSOLUTE
    _printf_i                                0x00000000   Number         0  stubs.o ABSOLUTE
    _printf_int_dec                          0x00000000   Number         0  stubs.o ABSOLUTE
    _printf_l                                0x00000000   Number         0  stubs.o ABSOLUTE
    _printf_lc                               0x00000000   Number         0  stubs.o ABSOLUTE
    _printf_ll                               0x00000000   Number         0  stubs.o ABSOLUTE
    _printf_lld                              0x00000000   Number         0  stubs.o ABSOLUTE
    _printf_lli                              0x00000000   Number         0  stubs.o ABSOLUTE
    _printf_llo                              0x00000000   Number         0  stubs.o ABSOLUTE
    _printf_llu                              0x00000000   Number         0  stubs.o ABSOLUTE
    _printf_llx                              0x00000000   Number         0  stubs.o ABSOLUTE
    _printf_longlong_dec                     0x00000000   Number         0  stubs.o ABSOLUTE
    _printf_longlong_hex                     0x00000000   Number         0  stubs.o ABSOLUTE
    _printf_longlong_oct                     0x00000000   Number         0  stubs.o ABSOLUTE
    _printf_ls                               0x00000000   Number         0  stubs.o ABSOLUTE
    _printf_mbtowc                           0x00000000   Number         0  stubs.o ABSOLUTE
    _printf_n                                0x00000000   Number         0  stubs.o ABSOLUTE
    _printf_o                                0x00000000   Number         0  stubs.o ABSOLUTE
    _printf_p                                0x00000000   Number         0  stubs.o ABSOLUTE
    _printf_percent                          0x00000000   Number         0  stubs.o ABSOLUTE
    _printf_pre_padding                      0x00000000   Number         0  stubs.o ABSOLUTE
    _printf_return_value                     0x00000000   Number         0  stubs.o ABSOLUTE
    _printf_s                                0x00000000   Number         0  stubs.o ABSOLUTE
    _printf_sizespec                         0x00000000   Number         0  stubs.o ABSOLUTE
    _printf_str                              0x00000000   Number         0  stubs.o ABSOLUTE
    _printf_truncate_signed                  0x00000000   Number         0  stubs.o ABSOLUTE
    _printf_truncate_unsigned                0x00000000   Number         0  stubs.o ABSOLUTE
    _printf_u                                0x00000000   Number         0  stubs.o ABSOLUTE
    _printf_wc                               0x00000000   Number         0  stubs.o ABSOLUTE
    _printf_wctomb                           0x00000000   Number         0  stubs.o ABSOLUTE
    _printf_widthprec                        0x00000000   Number         0  stubs.o ABSOLUTE
    _printf_x                                0x00000000   Number         0  stubs.o ABSOLUTE
    __cpp_initialize__aeabi_                  - Undefined Weak Reference
    __cxa_finalize                            - Undefined Weak Reference
    __decompress                              - Undefined Weak Reference
    _clock_init                               - Undefined Weak Reference
    _microlib_exit                            - Undefined Weak Reference
    __Vectors_Size                           0x0000020c   Number         0  startup_at32f435_437.o ABSOLUTE
    __Vectors                                0x08000000   Data           4  startup_at32f435_437.o(RESET)
    __Vectors_End                            0x0800020c   Data           0  startup_at32f435_437.o(RESET)
    __main                                   0x0800020d   Thumb Code     0  entry.o(.ARM.Collect$$$$00000000)
    _main_stk                                0x0800020d   Thumb Code     0  entry2.o(.ARM.Collect$$$$00000001)
    _main_scatterload                        0x08000211   Thumb Code     0  entry5.o(.ARM.Collect$$$$00000004)
    __main_after_scatterload                 0x08000215   Thumb Code     0  entry5.o(.ARM.Collect$$$$00000004)
    _main_clock                              0x08000215   Thumb Code     0  entry7b.o(.ARM.Collect$$$$00000008)
    _main_cpp_init                           0x08000215   Thumb Code     0  entry8b.o(.ARM.Collect$$$$0000000A)
    _main_init                               0x08000215   Thumb Code     0  entry9a.o(.ARM.Collect$$$$0000000B)
    __rt_final_cpp                           0x0800021d   Thumb Code     0  entry10a.o(.ARM.Collect$$$$0000000D)
    __rt_final_exit                          0x0800021d   Thumb Code     0  entry11a.o(.ARM.Collect$$$$0000000F)
    Reset_Handler                            0x08000221   Thumb Code     8  startup_at32f435_437.o(.text)
    ACC_IRQHandler                           0x0800023b   Thumb Code     0  startup_at32f435_437.o(.text)
    ADC1_2_3_IRQHandler                      0x0800023b   Thumb Code     0  startup_at32f435_437.o(.text)
    CAN1_RX0_IRQHandler                      0x0800023b   Thumb Code     0  startup_at32f435_437.o(.text)
    CAN1_RX1_IRQHandler                      0x0800023b   Thumb Code     0  startup_at32f435_437.o(.text)
    CAN1_SE_IRQHandler                       0x0800023b   Thumb Code     0  startup_at32f435_437.o(.text)
    CAN1_TX_IRQHandler                       0x0800023b   Thumb Code     0  startup_at32f435_437.o(.text)
    CAN2_RX0_IRQHandler                      0x0800023b   Thumb Code     0  startup_at32f435_437.o(.text)
    CAN2_RX1_IRQHandler                      0x0800023b   Thumb Code     0  startup_at32f435_437.o(.text)
    CAN2_SE_IRQHandler                       0x0800023b   Thumb Code     0  startup_at32f435_437.o(.text)
    CAN2_TX_IRQHandler                       0x0800023b   Thumb Code     0  startup_at32f435_437.o(.text)
    CRM_IRQHandler                           0x0800023b   Thumb Code     0  startup_at32f435_437.o(.text)
    DMA1_Channel1_IRQHandler                 0x0800023b   Thumb Code     0  startup_at32f435_437.o(.text)
    DMA1_Channel2_IRQHandler                 0x0800023b   Thumb Code     0  startup_at32f435_437.o(.text)
    DMA1_Channel3_IRQHandler                 0x0800023b   Thumb Code     0  startup_at32f435_437.o(.text)
    DMA1_Channel4_IRQHandler                 0x0800023b   Thumb Code     0  startup_at32f435_437.o(.text)
    DMA1_Channel5_IRQHandler                 0x0800023b   Thumb Code     0  startup_at32f435_437.o(.text)
    DMA1_Channel6_IRQHandler                 0x0800023b   Thumb Code     0  startup_at32f435_437.o(.text)
    DMA1_Channel7_IRQHandler                 0x0800023b   Thumb Code     0  startup_at32f435_437.o(.text)
    DMA2_Channel1_IRQHandler                 0x0800023b   Thumb Code     0  startup_at32f435_437.o(.text)
    DMA2_Channel2_IRQHandler                 0x0800023b   Thumb Code     0  startup_at32f435_437.o(.text)
    DMA2_Channel3_IRQHandler                 0x0800023b   Thumb Code     0  startup_at32f435_437.o(.text)
    DMA2_Channel4_IRQHandler                 0x0800023b   Thumb Code     0  startup_at32f435_437.o(.text)
    DMA2_Channel5_IRQHandler                 0x0800023b   Thumb Code     0  startup_at32f435_437.o(.text)
    DMA2_Channel6_IRQHandler                 0x0800023b   Thumb Code     0  startup_at32f435_437.o(.text)
    DMA2_Channel7_IRQHandler                 0x0800023b   Thumb Code     0  startup_at32f435_437.o(.text)
    DMAMUX_IRQHandler                        0x0800023b   Thumb Code     0  startup_at32f435_437.o(.text)
    DVP_IRQHandler                           0x0800023b   Thumb Code     0  startup_at32f435_437.o(.text)
    EDMA_Stream1_IRQHandler                  0x0800023b   Thumb Code     0  startup_at32f435_437.o(.text)
    EDMA_Stream2_IRQHandler                  0x0800023b   Thumb Code     0  startup_at32f435_437.o(.text)
    EDMA_Stream3_IRQHandler                  0x0800023b   Thumb Code     0  startup_at32f435_437.o(.text)
    EDMA_Stream4_IRQHandler                  0x0800023b   Thumb Code     0  startup_at32f435_437.o(.text)
    EDMA_Stream5_IRQHandler                  0x0800023b   Thumb Code     0  startup_at32f435_437.o(.text)
    EDMA_Stream6_IRQHandler                  0x0800023b   Thumb Code     0  startup_at32f435_437.o(.text)
    EDMA_Stream7_IRQHandler                  0x0800023b   Thumb Code     0  startup_at32f435_437.o(.text)
    EDMA_Stream8_IRQHandler                  0x0800023b   Thumb Code     0  startup_at32f435_437.o(.text)
    EMAC_IRQHandler                          0x0800023b   Thumb Code     0  startup_at32f435_437.o(.text)
    EMAC_WKUP_IRQHandler                     0x0800023b   Thumb Code     0  startup_at32f435_437.o(.text)
    ERTCAlarm_IRQHandler                     0x0800023b   Thumb Code     0  startup_at32f435_437.o(.text)
    ERTC_WKUP_IRQHandler                     0x0800023b   Thumb Code     0  startup_at32f435_437.o(.text)
    EXINT0_IRQHandler                        0x0800023b   Thumb Code     0  startup_at32f435_437.o(.text)
    EXINT15_10_IRQHandler                    0x0800023b   Thumb Code     0  startup_at32f435_437.o(.text)
    EXINT1_IRQHandler                        0x0800023b   Thumb Code     0  startup_at32f435_437.o(.text)
    EXINT2_IRQHandler                        0x0800023b   Thumb Code     0  startup_at32f435_437.o(.text)
    EXINT3_IRQHandler                        0x0800023b   Thumb Code     0  startup_at32f435_437.o(.text)
    EXINT4_IRQHandler                        0x0800023b   Thumb Code     0  startup_at32f435_437.o(.text)
    EXINT9_5_IRQHandler                      0x0800023b   Thumb Code     0  startup_at32f435_437.o(.text)
    FLASH_IRQHandler                         0x0800023b   Thumb Code     0  startup_at32f435_437.o(.text)
    FPU_IRQHandler                           0x0800023b   Thumb Code     0  startup_at32f435_437.o(.text)
    I2C1_ERR_IRQHandler                      0x0800023b   Thumb Code     0  startup_at32f435_437.o(.text)
    I2C1_EVT_IRQHandler                      0x0800023b   Thumb Code     0  startup_at32f435_437.o(.text)
    I2C2_ERR_IRQHandler                      0x0800023b   Thumb Code     0  startup_at32f435_437.o(.text)
    I2C2_EVT_IRQHandler                      0x0800023b   Thumb Code     0  startup_at32f435_437.o(.text)
    I2C3_ERR_IRQHandler                      0x0800023b   Thumb Code     0  startup_at32f435_437.o(.text)
    I2C3_EVT_IRQHandler                      0x0800023b   Thumb Code     0  startup_at32f435_437.o(.text)
    OTGFS1_IRQHandler                        0x0800023b   Thumb Code     0  startup_at32f435_437.o(.text)
    OTGFS1_WKUP_IRQHandler                   0x0800023b   Thumb Code     0  startup_at32f435_437.o(.text)
    OTGFS2_IRQHandler                        0x0800023b   Thumb Code     0  startup_at32f435_437.o(.text)
    OTGFS2_WKUP_IRQHandler                   0x0800023b   Thumb Code     0  startup_at32f435_437.o(.text)
    PVM_IRQHandler                           0x0800023b   Thumb Code     0  startup_at32f435_437.o(.text)
    QSPI1_IRQHandler                         0x0800023b   Thumb Code     0  startup_at32f435_437.o(.text)
    QSPI2_IRQHandler                         0x0800023b   Thumb Code     0  startup_at32f435_437.o(.text)
    SDIO1_IRQHandler                         0x0800023b   Thumb Code     0  startup_at32f435_437.o(.text)
    SDIO2_IRQHandler                         0x0800023b   Thumb Code     0  startup_at32f435_437.o(.text)
    SPI1_IRQHandler                          0x0800023b   Thumb Code     0  startup_at32f435_437.o(.text)
    SPI2_I2S2EXT_IRQHandler                  0x0800023b   Thumb Code     0  startup_at32f435_437.o(.text)
    SPI3_I2S3EXT_IRQHandler                  0x0800023b   Thumb Code     0  startup_at32f435_437.o(.text)
    SPI4_IRQHandler                          0x0800023b   Thumb Code     0  startup_at32f435_437.o(.text)
    TAMP_STAMP_IRQHandler                    0x0800023b   Thumb Code     0  startup_at32f435_437.o(.text)
    TMR1_BRK_TMR9_IRQHandler                 0x0800023b   Thumb Code     0  startup_at32f435_437.o(.text)
    TMR1_CH_IRQHandler                       0x0800023b   Thumb Code     0  startup_at32f435_437.o(.text)
    TMR1_OVF_TMR10_IRQHandler                0x0800023b   Thumb Code     0  startup_at32f435_437.o(.text)
    TMR1_TRG_HALL_TMR11_IRQHandler           0x0800023b   Thumb Code     0  startup_at32f435_437.o(.text)
    TMR20_BRK_IRQHandler                     0x0800023b   Thumb Code     0  startup_at32f435_437.o(.text)
    TMR20_CH_IRQHandler                      0x0800023b   Thumb Code     0  startup_at32f435_437.o(.text)
    TMR20_OVF_IRQHandler                     0x0800023b   Thumb Code     0  startup_at32f435_437.o(.text)
    TMR20_TRG_HALL_IRQHandler                0x0800023b   Thumb Code     0  startup_at32f435_437.o(.text)
    TMR2_GLOBAL_IRQHandler                   0x0800023b   Thumb Code     0  startup_at32f435_437.o(.text)
    TMR3_GLOBAL_IRQHandler                   0x0800023b   Thumb Code     0  startup_at32f435_437.o(.text)
    TMR4_GLOBAL_IRQHandler                   0x0800023b   Thumb Code     0  startup_at32f435_437.o(.text)
    TMR5_GLOBAL_IRQHandler                   0x0800023b   Thumb Code     0  startup_at32f435_437.o(.text)
    TMR6_DAC_GLOBAL_IRQHandler               0x0800023b   Thumb Code     0  startup_at32f435_437.o(.text)
    TMR7_GLOBAL_IRQHandler                   0x0800023b   Thumb Code     0  startup_at32f435_437.o(.text)
    TMR8_BRK_TMR12_IRQHandler                0x0800023b   Thumb Code     0  startup_at32f435_437.o(.text)
    TMR8_CH_IRQHandler                       0x0800023b   Thumb Code     0  startup_at32f435_437.o(.text)
    TMR8_OVF_TMR13_IRQHandler                0x0800023b   Thumb Code     0  startup_at32f435_437.o(.text)
    TMR8_TRG_HALL_TMR14_IRQHandler           0x0800023b   Thumb Code     0  startup_at32f435_437.o(.text)
    UART4_IRQHandler                         0x0800023b   Thumb Code     0  startup_at32f435_437.o(.text)
    UART5_IRQHandler                         0x0800023b   Thumb Code     0  startup_at32f435_437.o(.text)
    UART7_IRQHandler                         0x0800023b   Thumb Code     0  startup_at32f435_437.o(.text)
    UART8_IRQHandler                         0x0800023b   Thumb Code     0  startup_at32f435_437.o(.text)
    USART1_IRQHandler                        0x0800023b   Thumb Code     0  startup_at32f435_437.o(.text)
    USART2_IRQHandler                        0x0800023b   Thumb Code     0  startup_at32f435_437.o(.text)
    USART3_IRQHandler                        0x0800023b   Thumb Code     0  startup_at32f435_437.o(.text)
    USART6_IRQHandler                        0x0800023b   Thumb Code     0  startup_at32f435_437.o(.text)
    WWDT_IRQHandler                          0x0800023b   Thumb Code     0  startup_at32f435_437.o(.text)
    XMC_IRQHandler                           0x0800023b   Thumb Code     0  startup_at32f435_437.o(.text)
    __aeabi_uldivmod                         0x08000245   Thumb Code    98  uldiv.o(.text)
    __aeabi_uidiv                            0x080002a7   Thumb Code     0  uidiv.o(.text)
    __aeabi_uidivmod                         0x080002a7   Thumb Code    44  uidiv.o(.text)
    __aeabi_llsl                             0x080002d3   Thumb Code    30  llshl.o(.text)
    _ll_shift_l                              0x080002d3   Thumb Code     0  llshl.o(.text)
    __aeabi_llsr                             0x080002f1   Thumb Code    32  llushr.o(.text)
    _ll_ushift_r                             0x080002f1   Thumb Code     0  llushr.o(.text)
    __scatterload                            0x08000311   Thumb Code    28  init.o(.text)
    __scatterload_rt2                        0x08000311   Thumb Code     0  init.o(.text)
    BusFault_Handler                         0x08000335   Thumb Code     2  at32f435_437_int.o(i.BusFault_Handler)
    DebugMon_Handler                         0x08000337   Thumb Code     2  at32f435_437_int.o(i.DebugMon_Handler)
    HardFault_Handler                        0x08000339   Thumb Code     2  at32f435_437_int.o(i.HardFault_Handler)
    MemManage_Handler                        0x0800033b   Thumb Code     2  at32f435_437_int.o(i.MemManage_Handler)
    NMI_Handler                              0x0800033d   Thumb Code     2  at32f435_437_int.o(i.NMI_Handler)
    PendSV_Handler                           0x0800033f   Thumb Code     2  at32f435_437_int.o(i.PendSV_Handler)
    SVC_Handler                              0x08000341   Thumb Code     2  at32f435_437_int.o(i.SVC_Handler)
    SysTick_Handler                          0x08000343   Thumb Code     2  at32f435_437_int.o(i.SysTick_Handler)
    SystemInit                               0x08000345   Thumb Code    92  system_at32f435_437.o(i.SystemInit)
    UsageFault_Handler                       0x080003b1   Thumb Code     2  at32f435_437_int.o(i.UsageFault_Handler)
    __0printf$1                              0x080003b5   Thumb Code    22  printf1.o(i.__0printf$1)
    __1printf$1                              0x080003b5   Thumb Code     0  printf1.o(i.__0printf$1)
    __2printf                                0x080003b5   Thumb Code     0  printf1.o(i.__0printf$1)
    __scatterload_copy                       0x080003d5   Thumb Code    14  handlers.o(i.__scatterload_copy)
    __scatterload_null                       0x080003e3   Thumb Code     2  handlers.o(i.__scatterload_null)
    __scatterload_zeroinit                   0x080003e5   Thumb Code    14  handlers.o(i.__scatterload_zeroinit)
    at32_board_init                          0x08000549   Thumb Code     4  at32f435_437_board.o(i.at32_board_init)
    at32_gpio_init                           0x0800054d   Thumb Code    64  device_gpio.o(i.at32_gpio_init)
    crm_ahb_div_set                          0x0800058d   Thumb Code    12  at32f435_437_crm.o(i.crm_ahb_div_set)
    crm_apb1_div_set                         0x0800059d   Thumb Code    12  at32f435_437_crm.o(i.crm_apb1_div_set)
    crm_apb2_div_set                         0x080005ad   Thumb Code    12  at32f435_437_crm.o(i.crm_apb2_div_set)
    crm_auto_step_mode_enable                0x080005bd   Thumb Code    22  at32f435_437_crm.o(i.crm_auto_step_mode_enable)
    crm_clock_source_enable                  0x080005d9   Thumb Code    62  at32f435_437_crm.o(i.crm_clock_source_enable)
    crm_clocks_freq_get                      0x0800061d   Thumb Code   144  at32f435_437_crm.o(i.crm_clocks_freq_get)
    crm_flag_get                             0x080006bd   Thumb Code    30  at32f435_437_crm.o(i.crm_flag_get)
    crm_hext_stable_wait                     0x080006e1   Thumb Code    40  at32f435_437_crm.o(i.crm_hext_stable_wait)
    crm_periph_clock_enable                  0x08000709   Thumb Code    38  at32f435_437_crm.o(i.crm_periph_clock_enable)
    crm_pll_config                           0x08000735   Thumb Code    52  at32f435_437_crm.o(i.crm_pll_config)
    crm_reset                                0x0800076d   Thumb Code    74  at32f435_437_crm.o(i.crm_reset)
    crm_sysclk_switch                        0x080007c5   Thumb Code    12  at32f435_437_crm.o(i.crm_sysclk_switch)
    crm_sysclk_switch_status_get             0x080007d5   Thumb Code    10  at32f435_437_crm.o(i.crm_sysclk_switch_status_get)
    delay_init                               0x080007e5   Thumb Code    34  at32f435_437_board.o(i.delay_init)
    delay_ms                                 0x08000815   Thumb Code    72  at32f435_437_board.o(i.delay_ms)
    fputc                                    0x08000861   Thumb Code    30  at32f435_437_board.o(i.fputc)
    gpio_bits_write                          0x08000885   Thumb Code    10  at32f435_437_gpio.o(i.gpio_bits_write)
    gpio_default_para_init                   0x0800088f   Thumb Code    20  at32f435_437_gpio.o(i.gpio_default_para_init)
    gpio_init                                0x080008a3   Thumb Code   100  at32f435_437_gpio.o(i.gpio_init)
    gpio_input_data_bit_read                 0x08000907   Thumb Code    14  at32f435_437_gpio.o(i.gpio_input_data_bit_read)
    gpio_output_data_bit_read                0x08000915   Thumb Code    14  at32f435_437_gpio.o(i.gpio_output_data_bit_read)
    gpio_pin_mux_config                      0x08000923   Thumb Code    48  at32f435_437_gpio.o(i.gpio_pin_mux_config)
    gpio_read                                0x08000953   Thumb Code    30  device_gpio.o(i.gpio_read)
    gpio_register                            0x08000971   Thumb Code    60  bsp_led.o(i.gpio_register)
    gpio_write                               0x080009b1   Thumb Code    26  device_gpio.o(i.gpio_write)
    key0_read                                0x080009cd   Thumb Code    26  bsp_led.o(i.key0_read)
    led0_blink                               0x08000a05   Thumb Code    40  bsp_led.o(i.led0_blink)
    led_int                                  0x08000a31   Thumb Code    92  bsp_led.o(i.led_int)
    main                                     0x08000acd   Thumb Code    42  main.o(i.main)
    system_clock_config                      0x08000b09   Thumb Code   138  at32f435_437_clock.o(i.system_clock_config)
    system_core_clock_update                 0x08000ba1   Thumb Code   112  system_at32f435_437.o(i.system_core_clock_update)
    systick_clock_source_config              0x08000c25   Thumb Code    24  at32f435_437_misc.o(i.systick_clock_source_config)
    uart_print_init                          0x08000c3d   Thumb Code   106  at32f435_437_board.o(i.uart_print_init)
    usart_data_transmit                      0x08000cb5   Thumb Code     8  at32f435_437_usart.o(i.usart_data_transmit)
    usart_enable                             0x08000cbd   Thumb Code    10  at32f435_437_usart.o(i.usart_enable)
    usart_flag_get                           0x08000cc7   Thumb Code    10  at32f435_437_usart.o(i.usart_flag_get)
    usart_init                               0x08000cd1   Thumb Code   124  at32f435_437_usart.o(i.usart_init)
    usart_transmitter_enable                 0x08000d55   Thumb Code    10  at32f435_437_usart.o(i.usart_transmitter_enable)
    Region$$Table$$Base                      0x08000d9c   Number         0  anon$$obj.o(Region$$Table)
    Region$$Table$$Limit                     0x08000dbc   Number         0  anon$$obj.o(Region$$Table)
    __stdout                                 0x2000000c   Data           4  at32f435_437_board.o(.data)
    system_core_clock                        0x20000010   Data           4  system_at32f435_437.o(.data)
    __initial_sp                             0x20000490   Data           0  startup_at32f435_437.o(STACK)



==============================================================================

Memory Map of the image

  Image Entry point : 0x0800020d

  Load Region LR_IROM1 (Base: 0x08000000, Size: 0x00000dd0, Max: 0x00100000, ABSOLUTE)

    Execution Region ER_IROM1 (Exec base: 0x08000000, Load base: 0x08000000, Size: 0x00000dbc, Max: 0x00100000, ABSOLUTE)

    Exec Addr    Load Addr    Size         Type   Attr      Idx    E Section Name        Object

    0x08000000   0x08000000   0x0000020c   Data   RO         5737    RESET               startup_at32f435_437.o
    0x0800020c   0x0800020c   0x00000000   Code   RO         5742  * .ARM.Collect$$$$00000000  mc_w.l(entry.o)
    0x0800020c   0x0800020c   0x00000004   Code   RO         6008    .ARM.Collect$$$$00000001  mc_w.l(entry2.o)
    0x08000210   0x08000210   0x00000004   Code   RO         6011    .ARM.Collect$$$$00000004  mc_w.l(entry5.o)
    0x08000214   0x08000214   0x00000000   Code   RO         6013    .ARM.Collect$$$$00000008  mc_w.l(entry7b.o)
    0x08000214   0x08000214   0x00000000   Code   RO         6015    .ARM.Collect$$$$0000000A  mc_w.l(entry8b.o)
    0x08000214   0x08000214   0x00000008   Code   RO         6016    .ARM.Collect$$$$0000000B  mc_w.l(entry9a.o)
    0x0800021c   0x0800021c   0x00000000   Code   RO         6018    .ARM.Collect$$$$0000000D  mc_w.l(entry10a.o)
    0x0800021c   0x0800021c   0x00000000   Code   RO         6020    .ARM.Collect$$$$0000000F  mc_w.l(entry11a.o)
    0x0800021c   0x0800021c   0x00000004   Code   RO         6009    .ARM.Collect$$$$00002712  mc_w.l(entry2.o)
    0x08000220   0x08000220   0x00000024   Code   RO         5738    .text               startup_at32f435_437.o
    0x08000244   0x08000244   0x00000062   Code   RO         5745    .text               mc_w.l(uldiv.o)
    0x080002a6   0x080002a6   0x0000002c   Code   RO         6022    .text               mc_w.l(uidiv.o)
    0x080002d2   0x080002d2   0x0000001e   Code   RO         6024    .text               mc_w.l(llshl.o)
    0x080002f0   0x080002f0   0x00000020   Code   RO         6026    .text               mc_w.l(llushr.o)
    0x08000310   0x08000310   0x00000024   Code   RO         6039    .text               mc_w.l(init.o)
    0x08000334   0x08000334   0x00000002   Code   RO          150    i.BusFault_Handler  at32f435_437_int.o
    0x08000336   0x08000336   0x00000002   Code   RO          151    i.DebugMon_Handler  at32f435_437_int.o
    0x08000338   0x08000338   0x00000002   Code   RO          152    i.HardFault_Handler  at32f435_437_int.o
    0x0800033a   0x0800033a   0x00000002   Code   RO          153    i.MemManage_Handler  at32f435_437_int.o
    0x0800033c   0x0800033c   0x00000002   Code   RO          154    i.NMI_Handler       at32f435_437_int.o
    0x0800033e   0x0800033e   0x00000002   Code   RO          155    i.PendSV_Handler    at32f435_437_int.o
    0x08000340   0x08000340   0x00000002   Code   RO          156    i.SVC_Handler       at32f435_437_int.o
    0x08000342   0x08000342   0x00000002   Code   RO          157    i.SysTick_Handler   at32f435_437_int.o
    0x08000344   0x08000344   0x0000006c   Code   RO         5701    i.SystemInit        system_at32f435_437.o
    0x080003b0   0x080003b0   0x00000002   Code   RO          158    i.UsageFault_Handler  at32f435_437_int.o
    0x080003b2   0x080003b2   0x00000002   PAD
    0x080003b4   0x080003b4   0x00000020   Code   RO         5792    i.__0printf$1       mc_w.l(printf1.o)
    0x080003d4   0x080003d4   0x0000000e   Code   RO         6047    i.__scatterload_copy  mc_w.l(handlers.o)
    0x080003e2   0x080003e2   0x00000002   Code   RO         6048    i.__scatterload_null  mc_w.l(handlers.o)
    0x080003e4   0x080003e4   0x0000000e   Code   RO         6049    i.__scatterload_zeroinit  mc_w.l(handlers.o)
    0x080003f2   0x080003f2   0x00000002   PAD
    0x080003f4   0x080003f4   0x00000154   Code   RO         5799    i._printf_core      mc_w.l(printf1.o)
    0x08000548   0x08000548   0x00000004   Code   RO          309    i.at32_board_init   at32f435_437_board.o
    0x0800054c   0x0800054c   0x00000040   Code   RO          387    i.at32_gpio_init    device_gpio.o
    0x0800058c   0x0800058c   0x00000010   Code   RO         1056    i.crm_ahb_div_set   at32f435_437_crm.o
    0x0800059c   0x0800059c   0x00000010   Code   RO         1057    i.crm_apb1_div_set  at32f435_437_crm.o
    0x080005ac   0x080005ac   0x00000010   Code   RO         1058    i.crm_apb2_div_set  at32f435_437_crm.o
    0x080005bc   0x080005bc   0x0000001c   Code   RO         1059    i.crm_auto_step_mode_enable  at32f435_437_crm.o
    0x080005d8   0x080005d8   0x00000044   Code   RO         1066    i.crm_clock_source_enable  at32f435_437_crm.o
    0x0800061c   0x0800061c   0x000000a0   Code   RO         1067    i.crm_clocks_freq_get  at32f435_437_crm.o
    0x080006bc   0x080006bc   0x00000024   Code   RO         1072    i.crm_flag_get      at32f435_437_crm.o
    0x080006e0   0x080006e0   0x00000028   Code   RO         1074    i.crm_hext_stable_wait  at32f435_437_crm.o
    0x08000708   0x08000708   0x0000002c   Code   RO         1081    i.crm_periph_clock_enable  at32f435_437_crm.o
    0x08000734   0x08000734   0x00000038   Code   RO         1084    i.crm_pll_config    at32f435_437_crm.o
    0x0800076c   0x0800076c   0x00000058   Code   RO         1086    i.crm_reset         at32f435_437_crm.o
    0x080007c4   0x080007c4   0x00000010   Code   RO         1087    i.crm_sysclk_switch  at32f435_437_crm.o
    0x080007d4   0x080007d4   0x00000010   Code   RO         1088    i.crm_sysclk_switch_status_get  at32f435_437_crm.o
    0x080007e4   0x080007e4   0x00000030   Code   RO          310    i.delay_init        at32f435_437_board.o
    0x08000814   0x08000814   0x0000004c   Code   RO          311    i.delay_ms          at32f435_437_board.o
    0x08000860   0x08000860   0x00000024   Code   RO          314    i.fputc             at32f435_437_board.o
    0x08000884   0x08000884   0x0000000a   Code   RO         3462    i.gpio_bits_write   at32f435_437_gpio.o
    0x0800088e   0x0800088e   0x00000014   Code   RO         3463    i.gpio_default_para_init  at32f435_437_gpio.o
    0x080008a2   0x080008a2   0x00000064   Code   RO         3464    i.gpio_init         at32f435_437_gpio.o
    0x08000906   0x08000906   0x0000000e   Code   RO         3465    i.gpio_input_data_bit_read  at32f435_437_gpio.o
    0x08000914   0x08000914   0x0000000e   Code   RO         3467    i.gpio_output_data_bit_read  at32f435_437_gpio.o
    0x08000922   0x08000922   0x00000030   Code   RO         3469    i.gpio_pin_mux_config  at32f435_437_gpio.o
    0x08000952   0x08000952   0x0000001e   Code   RO          388    i.gpio_read         device_gpio.o
    0x08000970   0x08000970   0x00000040   Code   RO          262    i.gpio_register     bsp_led.o
    0x080009b0   0x080009b0   0x0000001a   Code   RO          389    i.gpio_write        device_gpio.o
    0x080009ca   0x080009ca   0x00000002   PAD
    0x080009cc   0x080009cc   0x00000038   Code   RO          263    i.key0_read         bsp_led.o
    0x08000a04   0x08000a04   0x0000002c   Code   RO          264    i.led0_blink        bsp_led.o
    0x08000a30   0x08000a30   0x0000009c   Code   RO          265    i.led_int           bsp_led.o
    0x08000acc   0x08000acc   0x0000003c   Code   RO          225    i.main              main.o
    0x08000b08   0x08000b08   0x00000098   Code   RO            4    i.system_clock_config  at32f435_437_clock.o
    0x08000ba0   0x08000ba0   0x00000084   Code   RO         5702    i.system_core_clock_update  system_at32f435_437.o
    0x08000c24   0x08000c24   0x00000018   Code   RO         3826    i.systick_clock_source_config  at32f435_437_misc.o
    0x08000c3c   0x08000c3c   0x00000078   Code   RO          315    i.uart_print_init   at32f435_437_board.o
    0x08000cb4   0x08000cb4   0x00000008   Code   RO         4879    i.usart_data_transmit  at32f435_437_usart.o
    0x08000cbc   0x08000cbc   0x0000000a   Code   RO         4883    i.usart_enable      at32f435_437_usart.o
    0x08000cc6   0x08000cc6   0x0000000a   Code   RO         4885    i.usart_flag_get    at32f435_437_usart.o
    0x08000cd0   0x08000cd0   0x00000084   Code   RO         4888    i.usart_init        at32f435_437_usart.o
    0x08000d54   0x08000d54   0x0000000a   Code   RO         4905    i.usart_transmitter_enable  at32f435_437_usart.o
    0x08000d5e   0x08000d5e   0x00000026   Data   RO         1091    .constdata          at32f435_437_crm.o
    0x08000d84   0x08000d84   0x00000016   Data   RO         5703    .constdata          system_at32f435_437.o
    0x08000d9a   0x08000d9a   0x00000002   PAD
    0x08000d9c   0x08000d9c   0x00000020   Data   RO         6045    Region$$Table       anon$$obj.o


    Execution Region RW_IRAM1 (Exec base: 0x20000000, Load base: 0x08000dbc, Size: 0x00000490, Max: 0x00060000, ABSOLUTE)

    Exec Addr    Load Addr    Size         Type   Attr      Idx    E Section Name        Object

    0x20000000   0x08000dbc   0x00000001   Data   RW          267    .data               bsp_led.o
    0x20000001   0x08000dbd   0x00000003   PAD
    0x20000004   0x08000dc0   0x00000008   Data   RW          316    .data               at32f435_437_board.o
    0x2000000c   0x08000dc8   0x00000004   Data   RW          317    .data               at32f435_437_board.o
    0x20000010   0x08000dcc   0x00000004   Data   RW         5704    .data               system_at32f435_437.o
    0x20000014        -       0x00000078   Zero   RW          266    .bss                bsp_led.o
    0x2000008c   0x08000dd0   0x00000004   PAD
    0x20000090        -       0x00000400   Zero   RW         5735    STACK               startup_at32f435_437.o


==============================================================================

Image component sizes


      Code (inc. data)   RO Data    RW Data    ZI Data      Debug   Object Name

       284         38          0         12          0       4586   at32f435_437_board.o
       152         14          0          0          0      45054   at32f435_437_clock.o
       600         86         38          0          0       8129   at32f435_437_crm.o
       206          0          0          0          0       4108   at32f435_437_gpio.o
        18          0          0          0          0       4074   at32f435_437_int.o
        24          0          0          0          0        558   at32f435_437_misc.o
       170          8          0          0          0       3362   at32f435_437_usart.o
       320        102          0          1        120       2287   bsp_led.o
       120          0          0          0          0       1902   device_gpio.o
        60         18          0          0          0       1187   main.o
        36          8        524          0       1024        864   startup_at32f435_437.o
       240         36         22          4          0       2108   system_at32f435_437.o

    ----------------------------------------------------------------------
      2234        310        618         20       1148      78219   Object Totals
         0          0         32          0          0          0   (incl. Generated)
         4          0          2          3          4          0   (incl. Padding)

    ----------------------------------------------------------------------

      Code (inc. data)   RO Data    RW Data    ZI Data      Debug   Library Member Name

         0          0          0          0          0          0   entry.o
         0          0          0          0          0          0   entry10a.o
         0          0          0          0          0          0   entry11a.o
         8          4          0          0          0          0   entry2.o
         4          0          0          0          0          0   entry5.o
         0          0          0          0          0          0   entry7b.o
         0          0          0          0          0          0   entry8b.o
         8          4          0          0          0          0   entry9a.o
        30          0          0          0          0          0   handlers.o
        36          8          0          0          0         68   init.o
        30          0          0          0          0         68   llshl.o
        32          0          0          0          0         68   llushr.o
       372         14          0          0          0        184   printf1.o
        44          0          0          0          0         80   uidiv.o
        98          0          0          0          0         92   uldiv.o

    ----------------------------------------------------------------------
       664         30          0          0          0        560   Library Totals
         2          0          0          0          0          0   (incl. Padding)

    ----------------------------------------------------------------------

      Code (inc. data)   RO Data    RW Data    ZI Data      Debug   Library Name

       662         30          0          0          0        560   mc_w.l

    ----------------------------------------------------------------------
       664         30          0          0          0        560   Library Totals

    ----------------------------------------------------------------------

==============================================================================


      Code (inc. data)   RO Data    RW Data    ZI Data      Debug   

      2898        340        618         20       1148      74475   Grand Totals
      2898        340        618         20       1148      74475   ELF Image Totals
      2898        340        618         20          0          0   ROM Totals

==============================================================================

    Total RO  Size (Code + RO Data)                 3516 (   3.43kB)
    Total RW  Size (RW Data + ZI Data)              1168 (   1.14kB)
    Total ROM Size (Code + RO Data + RW Data)       3536 (   3.45kB)

==============================================================================

